
*** Running vivado
    with args -log design_1_wrapper.vds -m64 -product Vivado -mode batch -messageDb vivado.pb -notrace -source design_1_wrapper.tcl


****** Vivado v2025.1 (64-bit)
  **** SW Build 6140274 on Wed May 21 22:58:25 MDT 2025
  **** IP Build 6138677 on Thu May 22 03:10:11 MDT 2025
  **** SharedData Build 6139179 on Tue May 20 17:58:58 MDT 2025
  **** Start of session at: Fri May 15 15:33:23 2026
    ** Copyright 1986-2022 Xilinx, Inc. All Rights Reserved.
    ** Copyright 2022-2025 Advanced Micro Devices, Inc. All Rights Reserved.

source design_1_wrapper.tcl -notrace
INFO: [IP_Flow 19-234] Refreshing IP repositories
INFO: [IP_Flow 19-1704] No user IP repositories specified
INFO: [IP_Flow 19-2313] Loaded Vivado IP repository '/tools/Xilinx/2025.1/Vivado/data/ip'.
INFO: [Project 1-5698] Found the below utility IPs instantiated in block design /home/ilya/drec-fpga-intro/problems/2026/09_ps7_axil_led/fpga/design_1/design_1.bd which have equivalent inline hdl with improved performance and reduced diskspace.
It is recommended to migrate these utility IPs to inline hdl  using the command upgrade_project -migrate_to_inline_hdl.  The utility IPs may be deprecated in future releases.
More information on inline hdl is available in UG994.
Utility IP Component Instances:
 design_1_const_ok_0
design_1_const_zero32_0
design_1_led_slice_0
Command: synth_design -top design_1_wrapper -part xc7z020clg400-2
Starting synth_design
Attempting to get a license for feature 'Synthesis' and/or device 'xc7z020'
INFO: [Common 17-349] Got license for feature 'Synthesis' and/or device 'xc7z020'
INFO: [Device 21-403] Loading part xc7z020clg400-2
INFO: [Synth 8-7079] Multithreading enabled for synth_design using a maximum of 7 processes.
INFO: [Synth 8-7078] Launching helper process for spawning children vivado processes
INFO: [Synth 8-7075] Helper process launched with PID 37206
---------------------------------------------------------------------------------
Starting RTL Elaboration : Time (s): cpu = 00:00:03 ; elapsed = 00:00:03 . Memory (MB): peak = 2130.094 ; gain = 441.711 ; free physical = 6521 ; free virtual = 11214
---------------------------------------------------------------------------------
INFO: [Synth 8-6157] synthesizing module 'design_1_wrapper' [/home/ilya/drec-fpga-intro/problems/2026/09_ps7_axil_led/fpga/design_1/hdl/design_1_wrapper.v:13]
INFO: [Synth 8-6157] synthesizing module 'design_1' [/home/ilya/drec-fpga-intro/problems/2026/09_ps7_axil_led/fpga/design_1/synth/design_1.v:13]
INFO: [Synth 8-6157] synthesizing module 'design_1_axi_protocol_convert_0_0' [/home/ilya/drec-fpga-intro/problems/2026/09_ps7_axil_led/fpga/fpga.runs/synth_1/.Xil/Vivado-37141-ilya-B550-GAMING-X-V2/realtime/design_1_axi_protocol_convert_0_0_stub.v:6]
INFO: [Synth 8-6155] done synthesizing module 'design_1_axi_protocol_convert_0_0' (0#1) [/home/ilya/drec-fpga-intro/problems/2026/09_ps7_axil_led/fpga/fpga.runs/synth_1/.Xil/Vivado-37141-ilya-B550-GAMING-X-V2/realtime/design_1_axi_protocol_convert_0_0_stub.v:6]
INFO: [Synth 8-6157] synthesizing module 'design_1_axil2reg_0_0' [/home/ilya/drec-fpga-intro/problems/2026/09_ps7_axil_led/fpga/fpga.runs/synth_1/.Xil/Vivado-37141-ilya-B550-GAMING-X-V2/realtime/design_1_axil2reg_0_0_stub.v:6]
INFO: [Synth 8-6155] done synthesizing module 'design_1_axil2reg_0_0' (0#1) [/home/ilya/drec-fpga-intro/problems/2026/09_ps7_axil_led/fpga/fpga.runs/synth_1/.Xil/Vivado-37141-ilya-B550-GAMING-X-V2/realtime/design_1_axil2reg_0_0_stub.v:6]
WARNING: [Synth 8-7071] port 'reg_rd_addr' of module 'design_1_axil2reg_0_0' is unconnected for instance 'axil2reg_0' [/home/ilya/drec-fpga-intro/problems/2026/09_ps7_axil_led/fpga/design_1/synth/design_1.v:206]
WARNING: [Synth 8-7071] port 'reg_rd_en' of module 'design_1_axil2reg_0_0' is unconnected for instance 'axil2reg_0' [/home/ilya/drec-fpga-intro/problems/2026/09_ps7_axil_led/fpga/design_1/synth/design_1.v:206]
WARNING: [Synth 8-7071] port 'reg_wr_addr' of module 'design_1_axil2reg_0_0' is unconnected for instance 'axil2reg_0' [/home/ilya/drec-fpga-intro/problems/2026/09_ps7_axil_led/fpga/design_1/synth/design_1.v:206]
WARNING: [Synth 8-7071] port 'reg_wr_strb' of module 'design_1_axil2reg_0_0' is unconnected for instance 'axil2reg_0' [/home/ilya/drec-fpga-intro/problems/2026/09_ps7_axil_led/fpga/design_1/synth/design_1.v:206]
WARNING: [Synth 8-7071] port 'reg_wr_en' of module 'design_1_axil2reg_0_0' is unconnected for instance 'axil2reg_0' [/home/ilya/drec-fpga-intro/problems/2026/09_ps7_axil_led/fpga/design_1/synth/design_1.v:206]
WARNING: [Synth 8-7023] instance 'axil2reg_0' of module 'design_1_axil2reg_0_0' has 30 connections declared, but only 25 given [/home/ilya/drec-fpga-intro/problems/2026/09_ps7_axil_led/fpga/design_1/synth/design_1.v:206]
INFO: [Synth 8-6157] synthesizing module 'design_1_const_ok_0' [/home/ilya/drec-fpga-intro/problems/2026/09_ps7_axil_led/fpga/design_1/ip/design_1_const_ok_0/synth/design_1_const_ok_0.v:53]
INFO: [Synth 8-6157] synthesizing module 'xlconstant_v1_1_10_xlconstant' [/home/ilya/drec-fpga-intro/problems/2026/09_ps7_axil_led/fpga/design_1/ipshared/a165/hdl/xlconstant_v1_1_vl_rfs.v:68]
INFO: [Synth 8-6155] done synthesizing module 'xlconstant_v1_1_10_xlconstant' (0#1) [/home/ilya/drec-fpga-intro/problems/2026/09_ps7_axil_led/fpga/design_1/ipshared/a165/hdl/xlconstant_v1_1_vl_rfs.v:68]
INFO: [Synth 8-6155] done synthesizing module 'design_1_const_ok_0' (0#1) [/home/ilya/drec-fpga-intro/problems/2026/09_ps7_axil_led/fpga/design_1/ip/design_1_const_ok_0/synth/design_1_const_ok_0.v:53]
INFO: [Synth 8-6157] synthesizing module 'design_1_const_zero32_0' [/home/ilya/drec-fpga-intro/problems/2026/09_ps7_axil_led/fpga/design_1/ip/design_1_const_zero32_0/synth/design_1_const_zero32_0.v:53]
INFO: [Synth 8-6157] synthesizing module 'xlconstant_v1_1_10_xlconstant__parameterized0' [/home/ilya/drec-fpga-intro/problems/2026/09_ps7_axil_led/fpga/design_1/ipshared/a165/hdl/xlconstant_v1_1_vl_rfs.v:68]
INFO: [Synth 8-6155] done synthesizing module 'xlconstant_v1_1_10_xlconstant__parameterized0' (0#1) [/home/ilya/drec-fpga-intro/problems/2026/09_ps7_axil_led/fpga/design_1/ipshared/a165/hdl/xlconstant_v1_1_vl_rfs.v:68]
INFO: [Synth 8-6155] done synthesizing module 'design_1_const_zero32_0' (0#1) [/home/ilya/drec-fpga-intro/problems/2026/09_ps7_axil_led/fpga/design_1/ip/design_1_const_zero32_0/synth/design_1_const_zero32_0.v:53]
INFO: [Synth 8-6157] synthesizing module 'design_1_led_slice_0' [/home/ilya/drec-fpga-intro/problems/2026/09_ps7_axil_led/fpga/design_1/ip/design_1_led_slice_0/synth/design_1_led_slice_0.v:53]
INFO: [Synth 8-6157] synthesizing module 'xlslice_v1_0_5_xlslice' [/home/ilya/drec-fpga-intro/problems/2026/09_ps7_axil_led/fpga/design_1/ipshared/6792/hdl/xlslice_v1_0_vl_rfs.v:58]
INFO: [Synth 8-6155] done synthesizing module 'xlslice_v1_0_5_xlslice' (0#1) [/home/ilya/drec-fpga-intro/problems/2026/09_ps7_axil_led/fpga/design_1/ipshared/6792/hdl/xlslice_v1_0_vl_rfs.v:58]
INFO: [Synth 8-6155] done synthesizing module 'design_1_led_slice_0' (0#1) [/home/ilya/drec-fpga-intro/problems/2026/09_ps7_axil_led/fpga/design_1/ip/design_1_led_slice_0/synth/design_1_led_slice_0.v:53]
INFO: [Synth 8-6157] synthesizing module 'design_1_proc_sys_reset_0_0' [/home/ilya/drec-fpga-intro/problems/2026/09_ps7_axil_led/fpga/fpga.runs/synth_1/.Xil/Vivado-37141-ilya-B550-GAMING-X-V2/realtime/design_1_proc_sys_reset_0_0_stub.v:6]
INFO: [Synth 8-6155] done synthesizing module 'design_1_proc_sys_reset_0_0' (0#1) [/home/ilya/drec-fpga-intro/problems/2026/09_ps7_axil_led/fpga/fpga.runs/synth_1/.Xil/Vivado-37141-ilya-B550-GAMING-X-V2/realtime/design_1_proc_sys_reset_0_0_stub.v:6]
WARNING: [Synth 8-7071] port 'mb_reset' of module 'design_1_proc_sys_reset_0_0' is unconnected for instance 'proc_sys_reset_0' [/home/ilya/drec-fpga-intro/problems/2026/09_ps7_axil_led/fpga/design_1/synth/design_1.v:239]
WARNING: [Synth 8-7071] port 'bus_struct_reset' of module 'design_1_proc_sys_reset_0_0' is unconnected for instance 'proc_sys_reset_0' [/home/ilya/drec-fpga-intro/problems/2026/09_ps7_axil_led/fpga/design_1/synth/design_1.v:239]
WARNING: [Synth 8-7071] port 'peripheral_reset' of module 'design_1_proc_sys_reset_0_0' is unconnected for instance 'proc_sys_reset_0' [/home/ilya/drec-fpga-intro/problems/2026/09_ps7_axil_led/fpga/design_1/synth/design_1.v:239]
WARNING: [Synth 8-7071] port 'interconnect_aresetn' of module 'design_1_proc_sys_reset_0_0' is unconnected for instance 'proc_sys_reset_0' [/home/ilya/drec-fpga-intro/problems/2026/09_ps7_axil_led/fpga/design_1/synth/design_1.v:239]
WARNING: [Synth 8-7023] instance 'proc_sys_reset_0' of module 'design_1_proc_sys_reset_0_0' has 10 connections declared, but only 6 given [/home/ilya/drec-fpga-intro/problems/2026/09_ps7_axil_led/fpga/design_1/synth/design_1.v:239]
INFO: [Synth 8-6157] synthesizing module 'design_1_processing_system7_0_0' [/home/ilya/drec-fpga-intro/problems/2026/09_ps7_axil_led/fpga/fpga.runs/synth_1/.Xil/Vivado-37141-ilya-B550-GAMING-X-V2/realtime/design_1_processing_system7_0_0_stub.v:6]
INFO: [Synth 8-6155] done synthesizing module 'design_1_processing_system7_0_0' (0#1) [/home/ilya/drec-fpga-intro/problems/2026/09_ps7_axil_led/fpga/fpga.runs/synth_1/.Xil/Vivado-37141-ilya-B550-GAMING-X-V2/realtime/design_1_processing_system7_0_0_stub.v:6]
INFO: [Synth 8-6155] done synthesizing module 'design_1' (0#1) [/home/ilya/drec-fpga-intro/problems/2026/09_ps7_axil_led/fpga/design_1/synth/design_1.v:13]
INFO: [Synth 8-6155] done synthesizing module 'design_1_wrapper' (0#1) [/home/ilya/drec-fpga-intro/problems/2026/09_ps7_axil_led/fpga/design_1/hdl/design_1_wrapper.v:13]
WARNING: [Synth 8-7129] Port Din[31] in module xlslice_v1_0_5_xlslice is either unconnected or has no load
WARNING: [Synth 8-7129] Port Din[30] in module xlslice_v1_0_5_xlslice is either unconnected or has no load
WARNING: [Synth 8-7129] Port Din[29] in module xlslice_v1_0_5_xlslice is either unconnected or has no load
WARNING: [Synth 8-7129] Port Din[28] in module xlslice_v1_0_5_xlslice is either unconnected or has no load
WARNING: [Synth 8-7129] Port Din[27] in module xlslice_v1_0_5_xlslice is either unconnected or has no load
WARNING: [Synth 8-7129] Port Din[26] in module xlslice_v1_0_5_xlslice is either unconnected or has no load
WARNING: [Synth 8-7129] Port Din[25] in module xlslice_v1_0_5_xlslice is either unconnected or has no load
WARNING: [Synth 8-7129] Port Din[24] in module xlslice_v1_0_5_xlslice is either unconnected or has no load
WARNING: [Synth 8-7129] Port Din[23] in module xlslice_v1_0_5_xlslice is either unconnected or has no load
WARNING: [Synth 8-7129] Port Din[22] in module xlslice_v1_0_5_xlslice is either unconnected or has no load
WARNING: [Synth 8-7129] Port Din[21] in module xlslice_v1_0_5_xlslice is either unconnected or has no load
WARNING: [Synth 8-7129] Port Din[20] in module xlslice_v1_0_5_xlslice is either unconnected or has no load
WARNING: [Synth 8-7129] Port Din[19] in module xlslice_v1_0_5_xlslice is either unconnected or has no load
WARNING: [Synth 8-7129] Port Din[18] in module xlslice_v1_0_5_xlslice is either unconnected or has no load
WARNING: [Synth 8-7129] Port Din[17] in module xlslice_v1_0_5_xlslice is either unconnected or has no load
WARNING: [Synth 8-7129] Port Din[16] in module xlslice_v1_0_5_xlslice is either unconnected or has no load
WARNING: [Synth 8-7129] Port Din[15] in module xlslice_v1_0_5_xlslice is either unconnected or has no load
WARNING: [Synth 8-7129] Port Din[14] in module xlslice_v1_0_5_xlslice is either unconnected or has no load
WARNING: [Synth 8-7129] Port Din[13] in module xlslice_v1_0_5_xlslice is either unconnected or has no load
WARNING: [Synth 8-7129] Port Din[12] in module xlslice_v1_0_5_xlslice is either unconnected or has no load
WARNING: [Synth 8-7129] Port Din[11] in module xlslice_v1_0_5_xlslice is either unconnected or has no load
WARNING: [Synth 8-7129] Port Din[10] in module xlslice_v1_0_5_xlslice is either unconnected or has no load
WARNING: [Synth 8-7129] Port Din[9] in module xlslice_v1_0_5_xlslice is either unconnected or has no load
WARNING: [Synth 8-7129] Port Din[8] in module xlslice_v1_0_5_xlslice is either unconnected or has no load
WARNING: [Synth 8-7129] Port Din[7] in module xlslice_v1_0_5_xlslice is either unconnected or has no load
WARNING: [Synth 8-7129] Port Din[6] in module xlslice_v1_0_5_xlslice is either unconnected or has no load
WARNING: [Synth 8-7129] Port Din[5] in module xlslice_v1_0_5_xlslice is either unconnected or has no load
WARNING: [Synth 8-7129] Port Din[4] in module xlslice_v1_0_5_xlslice is either unconnected or has no load
---------------------------------------------------------------------------------
Finished RTL Elaboration : Time (s): cpu = 00:00:04 ; elapsed = 00:00:04 . Memory (MB): peak = 2207.062 ; gain = 518.680 ; free physical = 6427 ; free virtual = 11121
---------------------------------------------------------------------------------
---------------------------------------------------------------------------------
Start Handling Custom Attributes
---------------------------------------------------------------------------------
---------------------------------------------------------------------------------
Finished Handling Custom Attributes : Time (s): cpu = 00:00:04 ; elapsed = 00:00:04 . Memory (MB): peak = 2224.875 ; gain = 536.492 ; free physical = 6427 ; free virtual = 11121
---------------------------------------------------------------------------------
---------------------------------------------------------------------------------
Finished RTL Optimization Phase 1 : Time (s): cpu = 00:00:04 ; elapsed = 00:00:04 . Memory (MB): peak = 2224.875 ; gain = 536.492 ; free physical = 6427 ; free virtual = 11121
---------------------------------------------------------------------------------
Netlist sorting complete. Time (s): cpu = 00:00:00.01 ; elapsed = 00:00:00 . Memory (MB): peak = 2224.875 ; gain = 0.000 ; free physical = 6427 ; free virtual = 11121
INFO: [Project 1-570] Preparing netlist for logic optimization

Processing XDC Constraints
Initializing timing engine
Parsing XDC File [/home/ilya/drec-fpga-intro/problems/2026/09_ps7_axil_led/fpga/design_1/ip/design_1_processing_system7_0_0/design_1_processing_system7_0_0/design_1_processing_system7_0_0_in_context.xdc] for cell 'design_1_i/processing_system7_0'
Finished Parsing XDC File [/home/ilya/drec-fpga-intro/problems/2026/09_ps7_axil_led/fpga/design_1/ip/design_1_processing_system7_0_0/design_1_processing_system7_0_0/design_1_processing_system7_0_0_in_context.xdc] for cell 'design_1_i/processing_system7_0'
Parsing XDC File [/home/ilya/drec-fpga-intro/problems/2026/09_ps7_axil_led/fpga/design_1/ip/design_1_axil2reg_0_0/design_1_axil2reg_0_0/design_1_axil2reg_0_0_in_context.xdc] for cell 'design_1_i/axil2reg_0'
Finished Parsing XDC File [/home/ilya/drec-fpga-intro/problems/2026/09_ps7_axil_led/fpga/design_1/ip/design_1_axil2reg_0_0/design_1_axil2reg_0_0/design_1_axil2reg_0_0_in_context.xdc] for cell 'design_1_i/axil2reg_0'
Parsing XDC File [/home/ilya/drec-fpga-intro/problems/2026/09_ps7_axil_led/fpga/design_1/ip/design_1_axi_protocol_convert_0_0/design_1_axi_protocol_convert_0_0/design_1_axi_protocol_convert_0_0_in_context.xdc] for cell 'design_1_i/axi_protocol_convert_0'
Finished Parsing XDC File [/home/ilya/drec-fpga-intro/problems/2026/09_ps7_axil_led/fpga/design_1/ip/design_1_axi_protocol_convert_0_0/design_1_axi_protocol_convert_0_0/design_1_axi_protocol_convert_0_0_in_context.xdc] for cell 'design_1_i/axi_protocol_convert_0'
Parsing XDC File [/home/ilya/drec-fpga-intro/problems/2026/09_ps7_axil_led/fpga/design_1/ip/design_1_proc_sys_reset_0_0/design_1_proc_sys_reset_0_0/design_1_proc_sys_reset_0_0_in_context.xdc] for cell 'design_1_i/proc_sys_reset_0'
Finished Parsing XDC File [/home/ilya/drec-fpga-intro/problems/2026/09_ps7_axil_led/fpga/design_1/ip/design_1_proc_sys_reset_0_0/design_1_proc_sys_reset_0_0/design_1_proc_sys_reset_0_0_in_context.xdc] for cell 'design_1_i/proc_sys_reset_0'
Parsing XDC File [/home/ilya/drec-fpga-intro/problems/2026/09_ps7_axil_led/fpga.xdc]
Finished Parsing XDC File [/home/ilya/drec-fpga-intro/problems/2026/09_ps7_axil_led/fpga.xdc]
INFO: [Project 1-236] Implementation specific constraints were found while reading constraint file [/home/ilya/drec-fpga-intro/problems/2026/09_ps7_axil_led/fpga.xdc]. These constraints will be ignored for synthesis but will be used in implementation. Impacted constraints are listed in the file [.Xil/design_1_wrapper_propImpl.xdc].
Resolution: To avoid this warning, move constraints listed in [.Xil/design_1_wrapper_propImpl.xdc] to another XDC file and exclude this new file from synthesis with the used_in_synthesis property (File Properties dialog in GUI) and re-run elaboration/synthesis.
Parsing XDC File [/home/ilya/drec-fpga-intro/problems/2026/09_ps7_axil_led/fpga/fpga.runs/synth_1/dont_touch.xdc]
Finished Parsing XDC File [/home/ilya/drec-fpga-intro/problems/2026/09_ps7_axil_led/fpga/fpga.runs/synth_1/dont_touch.xdc]
Completed Processing XDC Constraints

Netlist sorting complete. Time (s): cpu = 00:00:00 ; elapsed = 00:00:00 . Memory (MB): peak = 2267.863 ; gain = 0.000 ; free physical = 6425 ; free virtual = 11120
INFO: [Project 1-111] Unisim Transformation Summary:
No Unisim elements were transformed.

Constraint Validation Runtime : Time (s): cpu = 00:00:00 ; elapsed = 00:00:00 . Memory (MB): peak = 2267.898 ; gain = 0.000 ; free physical = 6425 ; free virtual = 11120
---------------------------------------------------------------------------------
Finished Constraint Validation : Time (s): cpu = 00:00:08 ; elapsed = 00:00:08 . Memory (MB): peak = 2267.898 ; gain = 579.516 ; free physical = 6449 ; free virtual = 11144
---------------------------------------------------------------------------------
---------------------------------------------------------------------------------
Start Loading Part and Timing Information
---------------------------------------------------------------------------------
Loading part: xc7z020clg400-2
---------------------------------------------------------------------------------
Finished Loading Part and Timing Information : Time (s): cpu = 00:00:08 ; elapsed = 00:00:08 . Memory (MB): peak = 2275.867 ; gain = 587.484 ; free physical = 6449 ; free virtual = 11144
---------------------------------------------------------------------------------
---------------------------------------------------------------------------------
Start Applying 'set_property' XDC Constraints
---------------------------------------------------------------------------------
---------------------------------------------------------------------------------
Finished applying 'set_property' XDC Constraints : Time (s): cpu = 00:00:08 ; elapsed = 00:00:08 . Memory (MB): peak = 2275.867 ; gain = 587.484 ; free physical = 6457 ; free virtual = 11152
---------------------------------------------------------------------------------
---------------------------------------------------------------------------------
Finished RTL Optimization Phase 2 : Time (s): cpu = 00:00:08 ; elapsed = 00:00:09 . Memory (MB): peak = 2275.867 ; gain = 587.484 ; free physical = 6455 ; free virtual = 11151
---------------------------------------------------------------------------------
---------------------------------------------------------------------------------
Start RTL Component Statistics 
---------------------------------------------------------------------------------
Detailed RTL Component Info : 
---------------------------------------------------------------------------------
Finished RTL Component Statistics 
---------------------------------------------------------------------------------
---------------------------------------------------------------------------------
Start Part Resource Summary
---------------------------------------------------------------------------------
Part Resources:
DSPs: 220 (col length:60)
BRAMs: 280 (col length: RAMB18 60 RAMB36 30)
---------------------------------------------------------------------------------
Finished Part Resource Summary
---------------------------------------------------------------------------------
---------------------------------------------------------------------------------
Start Cross Boundary and Area Optimization
---------------------------------------------------------------------------------
WARNING: [Synth 8-7080] Parallel synthesis criteria is not met
WARNING: [Synth 8-7129] Port Din[31] in module design_1_led_slice_0 is either unconnected or has no load
WARNING: [Synth 8-7129] Port Din[30] in module design_1_led_slice_0 is either unconnected or has no load
WARNING: [Synth 8-7129] Port Din[29] in module design_1_led_slice_0 is either unconnected or has no load
WARNING: [Synth 8-7129] Port Din[28] in module design_1_led_slice_0 is either unconnected or has no load
WARNING: [Synth 8-7129] Port Din[27] in module design_1_led_slice_0 is either unconnected or has no load
WARNING: [Synth 8-7129] Port Din[26] in module design_1_led_slice_0 is either unconnected or has no load
WARNING: [Synth 8-7129] Port Din[25] in module design_1_led_slice_0 is either unconnected or has no load
WARNING: [Synth 8-7129] Port Din[24] in module design_1_led_slice_0 is either unconnected or has no load
WARNING: [Synth 8-7129] Port Din[23] in module design_1_led_slice_0 is either unconnected or has no load
WARNING: [Synth 8-7129] Port Din[22] in module design_1_led_slice_0 is either unconnected or has no load
WARNING: [Synth 8-7129] Port Din[21] in module design_1_led_slice_0 is either unconnected or has no load
WARNING: [Synth 8-7129] Port Din[20] in module design_1_led_slice_0 is either unconnected or has no load
WARNING: [Synth 8-7129] Port Din[19] in module design_1_led_slice_0 is either unconnected or has no load
WARNING: [Synth 8-7129] Port Din[18] in module design_1_led_slice_0 is either unconnected or has no load
WARNING: [Synth 8-7129] Port Din[17] in module design_1_led_slice_0 is either unconnected or has no load
WARNING: [Synth 8-7129] Port Din[16] in module design_1_led_slice_0 is either unconnected or has no load
WARNING: [Synth 8-7129] Port Din[15] in module design_1_led_slice_0 is either unconnected or has no load
WARNING: [Synth 8-7129] Port Din[14] in module design_1_led_slice_0 is either unconnected or has no load
WARNING: [Synth 8-7129] Port Din[13] in module design_1_led_slice_0 is either unconnected or has no load
WARNING: [Synth 8-7129] Port Din[12] in module design_1_led_slice_0 is either unconnected or has no load
WARNING: [Synth 8-7129] Port Din[11] in module design_1_led_slice_0 is either unconnected or has no load
WARNING: [Synth 8-7129] Port Din[10] in module design_1_led_slice_0 is either unconnected or has no load
WARNING: [Synth 8-7129] Port Din[9] in module design_1_led_slice_0 is either unconnected or has no load
WARNING: [Synth 8-7129] Port Din[8] in module design_1_led_slice_0 is either unconnected or has no load
WARNING: [Synth 8-7129] Port Din[7] in module design_1_led_slice_0 is either unconnected or has no load
WARNING: [Synth 8-7129] Port Din[6] in module design_1_led_slice_0 is either unconnected or has no load
WARNING: [Synth 8-7129] Port Din[5] in module design_1_led_slice_0 is either unconnected or has no load
WARNING: [Synth 8-7129] Port Din[4] in module design_1_led_slice_0 is either unconnected or has no load
---------------------------------------------------------------------------------
Finished Cross Boundary and Area Optimization : Time (s): cpu = 00:00:09 ; elapsed = 00:00:09 . Memory (MB): peak = 2275.867 ; gain = 587.484 ; free physical = 6464 ; free virtual = 11164
---------------------------------------------------------------------------------
---------------------------------------------------------------------------------
Start Applying XDC Timing Constraints
---------------------------------------------------------------------------------
---------------------------------------------------------------------------------
Finished Applying XDC Timing Constraints : Time (s): cpu = 00:00:13 ; elapsed = 00:00:13 . Memory (MB): peak = 2375.867 ; gain = 687.484 ; free physical = 6387 ; free virtual = 11087
---------------------------------------------------------------------------------
---------------------------------------------------------------------------------
Start Timing Optimization
---------------------------------------------------------------------------------
---------------------------------------------------------------------------------
Finished Timing Optimization : Time (s): cpu = 00:00:13 ; elapsed = 00:00:13 . Memory (MB): peak = 2375.867 ; gain = 687.484 ; free physical = 6387 ; free virtual = 11087
---------------------------------------------------------------------------------
---------------------------------------------------------------------------------
Start Technology Mapping
---------------------------------------------------------------------------------
---------------------------------------------------------------------------------
Finished Technology Mapping : Time (s): cpu = 00:00:13 ; elapsed = 00:00:13 . Memory (MB): peak = 2385.883 ; gain = 697.500 ; free physical = 6380 ; free virtual = 11080
---------------------------------------------------------------------------------
---------------------------------------------------------------------------------
Start IO Insertion
---------------------------------------------------------------------------------
---------------------------------------------------------------------------------
Start Flattening Before IO Insertion
---------------------------------------------------------------------------------
---------------------------------------------------------------------------------
Finished Flattening Before IO Insertion
---------------------------------------------------------------------------------
---------------------------------------------------------------------------------
Start Final Netlist Cleanup
---------------------------------------------------------------------------------
---------------------------------------------------------------------------------
Finished Final Netlist Cleanup
---------------------------------------------------------------------------------
---------------------------------------------------------------------------------
Finished IO Insertion : Time (s): cpu = 00:00:15 ; elapsed = 00:00:16 . Memory (MB): peak = 2561.695 ; gain = 873.312 ; free physical = 6241 ; free virtual = 10941
---------------------------------------------------------------------------------
---------------------------------------------------------------------------------
Start Renaming Generated Instances
---------------------------------------------------------------------------------
---------------------------------------------------------------------------------
Finished Renaming Generated Instances : Time (s): cpu = 00:00:15 ; elapsed = 00:00:16 . Memory (MB): peak = 2561.695 ; gain = 873.312 ; free physical = 6241 ; free virtual = 10941
---------------------------------------------------------------------------------
---------------------------------------------------------------------------------
Start Rebuilding User Hierarchy
---------------------------------------------------------------------------------
---------------------------------------------------------------------------------
Finished Rebuilding User Hierarchy : Time (s): cpu = 00:00:15 ; elapsed = 00:00:16 . Memory (MB): peak = 2561.695 ; gain = 873.312 ; free physical = 6241 ; free virtual = 10941
---------------------------------------------------------------------------------
---------------------------------------------------------------------------------
Start Renaming Generated Ports
---------------------------------------------------------------------------------
---------------------------------------------------------------------------------
Finished Renaming Generated Ports : Time (s): cpu = 00:00:15 ; elapsed = 00:00:16 . Memory (MB): peak = 2561.695 ; gain = 873.312 ; free physical = 6241 ; free virtual = 10941
---------------------------------------------------------------------------------
---------------------------------------------------------------------------------
Start Handling Custom Attributes
---------------------------------------------------------------------------------
---------------------------------------------------------------------------------
Finished Handling Custom Attributes : Time (s): cpu = 00:00:15 ; elapsed = 00:00:16 . Memory (MB): peak = 2561.695 ; gain = 873.312 ; free physical = 6241 ; free virtual = 10941
---------------------------------------------------------------------------------
---------------------------------------------------------------------------------
Start Renaming Generated Nets
---------------------------------------------------------------------------------
---------------------------------------------------------------------------------
Finished Renaming Generated Nets : Time (s): cpu = 00:00:15 ; elapsed = 00:00:16 . Memory (MB): peak = 2561.695 ; gain = 873.312 ; free physical = 6241 ; free virtual = 10941
---------------------------------------------------------------------------------
---------------------------------------------------------------------------------
Start Writing Synthesis Report
---------------------------------------------------------------------------------

Report BlackBoxes: 
+------+----------------------------------+----------+
|      |BlackBox name                     |Instances |
+------+----------------------------------+----------+
|1     |design_1_axi_protocol_convert_0_0 |         1|
|2     |design_1_axil2reg_0_0             |         1|
|3     |design_1_proc_sys_reset_0_0       |         1|
|4     |design_1_processing_system7_0_0   |         1|
+------+----------------------------------+----------+

Report Cell Usage: 
+------+--------------------------------+------+
|      |Cell                            |Count |
+------+--------------------------------+------+
|1     |design_1_axi_protocol_convert_0 |     1|
|2     |design_1_axil2reg_0             |     1|
|3     |design_1_proc_sys_reset_0       |     1|
|4     |design_1_processing_system7_0   |     1|
|5     |OBUF                            |     4|
+------+--------------------------------+------+
---------------------------------------------------------------------------------
Finished Writing Synthesis Report : Time (s): cpu = 00:00:15 ; elapsed = 00:00:16 . Memory (MB): peak = 2561.695 ; gain = 873.312 ; free physical = 6241 ; free virtual = 10941
---------------------------------------------------------------------------------
Synthesis finished with 0 errors, 0 critical warnings and 29 warnings.
Synthesis Optimization Runtime : Time (s): cpu = 00:00:14 ; elapsed = 00:00:14 . Memory (MB): peak = 2561.695 ; gain = 830.289 ; free physical = 6241 ; free virtual = 10941
Synthesis Optimization Complete : Time (s): cpu = 00:00:15 ; elapsed = 00:00:16 . Memory (MB): peak = 2561.703 ; gain = 873.312 ; free physical = 6241 ; free virtual = 10941
INFO: [Project 1-571] Translating synthesized netlist
Netlist sorting complete. Time (s): cpu = 00:00:00.01 ; elapsed = 00:00:00.01 . Memory (MB): peak = 2561.703 ; gain = 0.000 ; free physical = 6307 ; free virtual = 11007
INFO: [Project 1-570] Preparing netlist for logic optimization
INFO: [Opt 31-138] Pushed 0 inverter(s) to 0 load pin(s).
Netlist sorting complete. Time (s): cpu = 00:00:00 ; elapsed = 00:00:00 . Memory (MB): peak = 2561.703 ; gain = 0.000 ; free physical = 6410 ; free virtual = 11110
INFO: [Project 1-111] Unisim Transformation Summary:
No Unisim elements were transformed.

Synth Design complete | Checksum: 711d0ff8
INFO: [Common 17-83] Releasing license: Synthesis
41 Infos, 68 Warnings, 0 Critical Warnings and 0 Errors encountered.
synth_design completed successfully
synth_design: Time (s): cpu = 00:00:22 ; elapsed = 00:00:21 . Memory (MB): peak = 2561.730 ; gain = 1055.082 ; free physical = 6410 ; free virtual = 11110
INFO: [Common 17-2834] synth_design peak Physical Memory [PSS] (MB): overall = 1743.421; main = 1743.421; forked = 274.786
INFO: [Common 17-2834] synth_design peak Virtual Memory [VSS] (MB): overall = 3238.500; main = 2561.699; forked = 962.629
Write ShapeDB Complete: Time (s): cpu = 00:00:00 ; elapsed = 00:00:00 . Memory (MB): peak = 2585.707 ; gain = 0.000 ; free physical = 6410 ; free virtual = 11110
INFO: [Common 17-1381] The checkpoint '/home/ilya/drec-fpga-intro/problems/2026/09_ps7_axil_led/fpga/fpga.runs/synth_1/design_1_wrapper.dcp' has been generated.
INFO: [Vivado 12-24828] Executing command : report_utilization -file design_1_wrapper_utilization_synth.rpt -pb design_1_wrapper_utilization_synth.pb
INFO: [Common 17-206] Exiting Vivado at Fri May 15 15:33:47 2026...
