------------------------------------------------------------
Timing Analyzer Summary
------------------------------------------------------------

Type  : Slow 1200mV 85C Model Setup 'CLK'
Slack : -0.768
TNS   : -7.865

Type  : Slow 1200mV 85C Model Hold 'CLK'
Slack : 0.467
TNS   : 0.000

Type  : Slow 1200mV 85C Model Recovery 'CLK'
Slack : 15.506
TNS   : 0.000

Type  : Slow 1200mV 85C Model Removal 'CLK'
Slack : 1.186
TNS   : 0.000

Type  : Slow 1200mV 85C Model Minimum Pulse Width 'CLK'
Slack : 9.682
TNS   : 0.000

Type  : Slow 1200mV 0C Model Setup 'CLK'
Slack : 0.198
TNS   : 0.000

Type  : Slow 1200mV 0C Model Hold 'CLK'
Slack : 0.419
TNS   : 0.000

Type  : Slow 1200mV 0C Model Recovery 'CLK'
Slack : 15.769
TNS   : 0.000

Type  : Slow 1200mV 0C Model Removal 'CLK'
Slack : 1.091
TNS   : 0.000

Type  : Slow 1200mV 0C Model Minimum Pulse Width 'CLK'
Slack : 9.625
TNS   : 0.000

Type  : Fast 1200mV 0C Model Setup 'CLK'
Slack : 10.869
TNS   : 0.000

Type  : Fast 1200mV 0C Model Hold 'CLK'
Slack : 0.195
TNS   : 0.000

Type  : Fast 1200mV 0C Model Recovery 'CLK'
Slack : 17.905
TNS   : 0.000

Type  : Fast 1200mV 0C Model Removal 'CLK'
Slack : 0.503
TNS   : 0.000

Type  : Fast 1200mV 0C Model Minimum Pulse Width 'CLK'
Slack : 9.410
TNS   : 0.000

------------------------------------------------------------
