Analysis & Synthesis report for fpga
Wed May 21 19:14:22 2025
Quartus Prime Version 23.1std.1 Build 993 05/14/2024 SC Lite Edition


---------------------
; Table of Contents ;
---------------------
  1. Legal Notice
  2. Analysis & Synthesis Summary
  3. Analysis & Synthesis Settings
  4. Parallel Compilation
  5. Analysis & Synthesis Source Files Read
  6. Analysis & Synthesis Resource Usage Summary
  7. Analysis & Synthesis Resource Utilization by Entity
  8. User-Specified and Inferred Latches
  9. Registers Removed During Synthesis
 10. General Register Statistics
 11. Multiplexer Restructuring Statistics (Restructuring Performed)
 12. Parameter Settings for User Entity Instance: system_top:system_top|cpu_top:cpu_top|imem:imem
 13. Parameter Settings for User Entity Instance: system_top:system_top|cpu_top:cpu_top|dmem:dmem
 14. Parameter Settings for User Entity Instance: system_top:system_top|cpu_top:cpu_top|mem_xbar:mem_xbar
 15. Parameter Settings for User Entity Instance: system_top:system_top|hex_display:hex_display
 16. Port Connectivity Checks: "system_top:system_top|cpu_top:cpu_top|dmem:dmem"
 17. Port Connectivity Checks: "system_top:system_top|cpu_top:cpu_top|imem:imem"
 18. Post-Synthesis Netlist Statistics for Top Partition
 19. Elapsed Time Per Partition
 20. Analysis & Synthesis Messages
 21. Analysis & Synthesis Suppressed Messages



----------------
; Legal Notice ;
----------------
Copyright (C) 2024  Intel Corporation. All rights reserved.
Your use of Intel Corporation's design tools, logic functions 
and other software and tools, and any partner logic 
functions, and any output files from any of the foregoing 
(including device programming or simulation files), and any 
associated documentation or information are expressly subject 
to the terms and conditions of the Intel Program License 
Subscription Agreement, the Intel Quartus Prime License Agreement,
the Intel FPGA IP License Agreement, or other applicable license
agreement, including, without limitation, that your use is for
the sole purpose of programming logic devices manufactured by
Intel and sold by Intel or its authorized distributors.  Please
refer to the applicable agreement for further details, at
https://fpgasoftware.intel.com/eula.



+-------------------------------------------------------------------------------------+
; Analysis & Synthesis Summary                                                        ;
+------------------------------------+------------------------------------------------+
; Analysis & Synthesis Status        ; Successful - Wed May 21 19:14:22 2025          ;
; Quartus Prime Version              ; 23.1std.1 Build 993 05/14/2024 SC Lite Edition ;
; Revision Name                      ; fpga                                           ;
; Top-level Entity Name              ; fpga_top                                       ;
; Family                             ; Cyclone IV E                                   ;
; Total logic elements               ; 4,374                                          ;
;     Total combinational functions  ; 2,408                                          ;
;     Dedicated logic registers      ; 2,059                                          ;
; Total registers                    ; 2059                                           ;
; Total pins                         ; 6                                              ;
; Total virtual pins                 ; 0                                              ;
; Total memory bits                  ; 0                                              ;
; Embedded Multiplier 9-bit elements ; 0                                              ;
; Total PLLs                         ; 0                                              ;
+------------------------------------+------------------------------------------------+


+------------------------------------------------------------------------------------------------------------+
; Analysis & Synthesis Settings                                                                              ;
+------------------------------------------------------------------+--------------------+--------------------+
; Option                                                           ; Setting            ; Default Value      ;
+------------------------------------------------------------------+--------------------+--------------------+
; Device                                                           ; EP4CE15F23C8       ;                    ;
; Top-level entity name                                            ; fpga_top           ; fpga               ;
; Family name                                                      ; Cyclone IV E       ; Cyclone V          ;
; Maximum processors allowed for parallel compilation              ; All                ;                    ;
; Analysis & Synthesis Message Level                               ; High               ; Medium             ;
; Use smart compilation                                            ; Off                ; Off                ;
; Enable parallel Assembler and Timing Analyzer during compilation ; On                 ; On                 ;
; Enable compact report table                                      ; Off                ; Off                ;
; Restructure Multiplexers                                         ; Auto               ; Auto               ;
; Create Debugging Nodes for IP Cores                              ; Off                ; Off                ;
; Preserve fewer node names                                        ; On                 ; On                 ;
; Intel FPGA IP Evaluation Mode                                    ; Enable             ; Enable             ;
; Verilog Version                                                  ; Verilog_2001       ; Verilog_2001       ;
; VHDL Version                                                     ; VHDL_1993          ; VHDL_1993          ;
; State Machine Processing                                         ; Auto               ; Auto               ;
; Safe State Machine                                               ; Off                ; Off                ;
; Extract Verilog State Machines                                   ; On                 ; On                 ;
; Extract VHDL State Machines                                      ; On                 ; On                 ;
; Ignore Verilog initial constructs                                ; Off                ; Off                ;
; Iteration limit for constant Verilog loops                       ; 5000               ; 5000               ;
; Iteration limit for non-constant Verilog loops                   ; 250                ; 250                ;
; Add Pass-Through Logic to Inferred RAMs                          ; On                 ; On                 ;
; Infer RAMs from Raw Logic                                        ; On                 ; On                 ;
; Parallel Synthesis                                               ; On                 ; On                 ;
; DSP Block Balancing                                              ; Auto               ; Auto               ;
; NOT Gate Push-Back                                               ; On                 ; On                 ;
; Power-Up Don't Care                                              ; On                 ; On                 ;
; Remove Redundant Logic Cells                                     ; Off                ; Off                ;
; Remove Duplicate Registers                                       ; On                 ; On                 ;
; Ignore CARRY Buffers                                             ; Off                ; Off                ;
; Ignore CASCADE Buffers                                           ; Off                ; Off                ;
; Ignore GLOBAL Buffers                                            ; Off                ; Off                ;
; Ignore ROW GLOBAL Buffers                                        ; Off                ; Off                ;
; Ignore LCELL Buffers                                             ; Off                ; Off                ;
; Ignore SOFT Buffers                                              ; On                 ; On                 ;
; Limit AHDL Integers to 32 Bits                                   ; Off                ; Off                ;
; Optimization Technique                                           ; Balanced           ; Balanced           ;
; Carry Chain Length                                               ; 70                 ; 70                 ;
; Auto Carry Chains                                                ; On                 ; On                 ;
; Auto Open-Drain Pins                                             ; On                 ; On                 ;
; Perform WYSIWYG Primitive Resynthesis                            ; Off                ; Off                ;
; Auto ROM Replacement                                             ; On                 ; On                 ;
; Auto RAM Replacement                                             ; On                 ; On                 ;
; Auto DSP Block Replacement                                       ; On                 ; On                 ;
; Auto Shift Register Replacement                                  ; Auto               ; Auto               ;
; Allow Shift Register Merging across Hierarchies                  ; Auto               ; Auto               ;
; Auto Clock Enable Replacement                                    ; On                 ; On                 ;
; Strict RAM Replacement                                           ; Off                ; Off                ;
; Allow Synchronous Control Signals                                ; On                 ; On                 ;
; Force Use of Synchronous Clear Signals                           ; Off                ; Off                ;
; Auto RAM Block Balancing                                         ; On                 ; On                 ;
; Auto RAM to Logic Cell Conversion                                ; Off                ; Off                ;
; Auto Resource Sharing                                            ; Off                ; Off                ;
; Allow Any RAM Size For Recognition                               ; Off                ; Off                ;
; Allow Any ROM Size For Recognition                               ; Off                ; Off                ;
; Allow Any Shift Register Size For Recognition                    ; Off                ; Off                ;
; Use LogicLock Constraints during Resource Balancing              ; On                 ; On                 ;
; Ignore translate_off and synthesis_off directives                ; Off                ; Off                ;
; Timing-Driven Synthesis                                          ; On                 ; On                 ;
; Report Parameter Settings                                        ; On                 ; On                 ;
; Report Source Assignments                                        ; On                 ; On                 ;
; Report Connectivity Checks                                       ; On                 ; On                 ;
; Ignore Maximum Fan-Out Assignments                               ; Off                ; Off                ;
; Synchronization Register Chain Length                            ; 2                  ; 2                  ;
; Power Optimization During Synthesis                              ; Normal compilation ; Normal compilation ;
; HDL message level                                                ; Level2             ; Level2             ;
; Suppress Register Optimization Related Messages                  ; Off                ; Off                ;
; Number of Removed Registers Reported in Synthesis Report         ; 5000               ; 5000               ;
; Number of Swept Nodes Reported in Synthesis Report               ; 5000               ; 5000               ;
; Number of Inverted Registers Reported in Synthesis Report        ; 100                ; 100                ;
; Clock MUX Protection                                             ; On                 ; On                 ;
; Auto Gated Clock Conversion                                      ; Off                ; Off                ;
; Block Design Naming                                              ; Auto               ; Auto               ;
; SDC constraint protection                                        ; Off                ; Off                ;
; Synthesis Effort                                                 ; Auto               ; Auto               ;
; Shift Register Replacement - Allow Asynchronous Clear Signal     ; On                 ; On                 ;
; Pre-Mapping Resynthesis Optimization                             ; Off                ; Off                ;
; Disable Register Merging Across Hierarchies                      ; Auto               ; Auto               ;
; Resource Aware Inference For Block RAM                           ; On                 ; On                 ;
+------------------------------------------------------------------+--------------------+--------------------+


+------------------------------------------+
; Parallel Compilation                     ;
+----------------------------+-------------+
; Processors                 ; Number      ;
+----------------------------+-------------+
; Number detected on machine ; 8           ;
; Maximum allowed            ; 4           ;
;                            ;             ;
; Average used               ; 1.00        ;
; Maximum used               ; 4           ;
;                            ;             ;
; Usage by Processor         ; % Time Used ;
;     Processor 1            ; 100.0%      ;
;     Processor 2            ;   0.2%      ;
;     Processor 3            ;   0.1%      ;
;     Processor 4            ;   0.1%      ;
+----------------------------+-------------+


+---------------------------------------------------------------------------------------------------------------------------------------------------------------------------------+
; Analysis & Synthesis Source Files Read                                                                                                                                          ;
+----------------------------------+-----------------+------------------------------+-----------------------------------------------------------------------------------+---------+
; File Name with User-Entered Path ; Used in Netlist ; File Type                    ; File Name with Absolute Path                                                      ; Library ;
+----------------------------------+-----------------+------------------------------+-----------------------------------------------------------------------------------+---------+
; src/fpga_top.v                   ; yes             ; User Verilog HDL File        ; /home/ilya/Desktop/baikal/drec-fpga-intro/problems/2025/05_cpu/src/fpga_top.v     ;         ;
; src/system_top.v                 ; yes             ; User Verilog HDL File        ; /home/ilya/Desktop/baikal/drec-fpga-intro/problems/2025/05_cpu/src/system_top.v   ;         ;
; src/dmem.v                       ; yes             ; User Verilog HDL File        ; /home/ilya/Desktop/baikal/drec-fpga-intro/problems/2025/05_cpu/src/dmem.v         ;         ;
; src/regfile.v                    ; yes             ; User Verilog HDL File        ; /home/ilya/Desktop/baikal/drec-fpga-intro/problems/2025/05_cpu/src/regfile.v      ;         ;
; src/mem_xbar.v                   ; yes             ; User Verilog HDL File        ; /home/ilya/Desktop/baikal/drec-fpga-intro/problems/2025/05_cpu/src/mem_xbar.v     ;         ;
; src/imem.v                       ; yes             ; User Verilog HDL File        ; /home/ilya/Desktop/baikal/drec-fpga-intro/problems/2025/05_cpu/src/imem.v         ;         ;
; src/cpu_top.v                    ; yes             ; User Verilog HDL File        ; /home/ilya/Desktop/baikal/drec-fpga-intro/problems/2025/05_cpu/src/cpu_top.v      ;         ;
; src/core.v                       ; yes             ; User Verilog HDL File        ; /home/ilya/Desktop/baikal/drec-fpga-intro/problems/2025/05_cpu/src/core.v         ;         ;
; src/control.v                    ; yes             ; User Verilog HDL File        ; /home/ilya/Desktop/baikal/drec-fpga-intro/problems/2025/05_cpu/src/control.v      ;         ;
; src/cmp.v                        ; yes             ; User Verilog HDL File        ; /home/ilya/Desktop/baikal/drec-fpga-intro/problems/2025/05_cpu/src/cmp.v          ;         ;
; src/alu.v                        ; yes             ; User Verilog HDL File        ; /home/ilya/Desktop/baikal/drec-fpga-intro/problems/2025/05_cpu/src/alu.v          ;         ;
; src/lsu.v                        ; yes             ; User Verilog HDL File        ; /home/ilya/Desktop/baikal/drec-fpga-intro/problems/2025/05_cpu/src/lsu.v          ;         ;
; src/hex_display.v                ; yes             ; User Verilog HDL File        ; /home/ilya/Desktop/baikal/drec-fpga-intro/problems/2025/05_cpu/src/hex_display.v  ;         ;
; src/mmio_xbar.v                  ; yes             ; User Verilog HDL File        ; /home/ilya/Desktop/baikal/drec-fpga-intro/problems/2025/05_cpu/src/mmio_xbar.v    ;         ;
; src/ctrl_74hc595.v               ; yes             ; User Verilog HDL File        ; /home/ilya/Desktop/baikal/drec-fpga-intro/problems/2025/05_cpu/src/ctrl_74hc595.v ;         ;
; src/config.vh                    ; yes             ; Auto-Found Unspecified File  ; /home/ilya/Desktop/baikal/drec-fpga-intro/problems/2025/05_cpu/src/config.vh      ;         ;
; src/lsu.vh                       ; yes             ; Auto-Found Unspecified File  ; /home/ilya/Desktop/baikal/drec-fpga-intro/problems/2025/05_cpu/src/lsu.vh         ;         ;
; src/cmp.vh                       ; yes             ; Auto-Found Unspecified File  ; /home/ilya/Desktop/baikal/drec-fpga-intro/problems/2025/05_cpu/src/cmp.vh         ;         ;
; src/alu.vh                       ; yes             ; Auto-Found Unspecified File  ; /home/ilya/Desktop/baikal/drec-fpga-intro/problems/2025/05_cpu/src/alu.vh         ;         ;
; src/core.vh                      ; yes             ; Auto-Found Unspecified File  ; /home/ilya/Desktop/baikal/drec-fpga-intro/problems/2025/05_cpu/src/core.vh        ;         ;
; src/instr.vh                     ; yes             ; Auto-Found Unspecified File  ; /home/ilya/Desktop/baikal/drec-fpga-intro/problems/2025/05_cpu/src/instr.vh       ;         ;
+----------------------------------+-----------------+------------------------------+-----------------------------------------------------------------------------------+---------+


+---------------------------------------------------------+
; Analysis & Synthesis Resource Usage Summary             ;
+---------------------------------------------+-----------+
; Resource                                    ; Usage     ;
+---------------------------------------------+-----------+
; Estimated Total logic elements              ; 4,374     ;
;                                             ;           ;
; Total combinational functions               ; 2408      ;
; Logic element usage by number of LUT inputs ;           ;
;     -- 4 input functions                    ; 2141      ;
;     -- 3 input functions                    ; 172       ;
;     -- <=2 input functions                  ; 95        ;
;                                             ;           ;
; Logic elements by mode                      ;           ;
;     -- normal mode                          ; 2333      ;
;     -- arithmetic mode                      ; 75        ;
;                                             ;           ;
; Total registers                             ; 2059      ;
;     -- Dedicated logic registers            ; 2059      ;
;     -- I/O registers                        ; 0         ;
;                                             ;           ;
; I/O pins                                    ; 6         ;
;                                             ;           ;
; Embedded Multiplier 9-bit elements          ; 0         ;
;                                             ;           ;
; Maximum fan-out node                        ; CLK~input ;
; Maximum fan-out                             ; 2059      ;
; Total fan-out                               ; 15526     ;
; Average fan-out                             ; 3.45      ;
+---------------------------------------------+-----------+


+----------------------------------------------------------------------------------------------------------------------------------------------------------------------------------------------------------------------------------------------------------------------+
; Analysis & Synthesis Resource Utilization by Entity                                                                                                                                                                                                                  ;
+---------------------------------+---------------------+---------------------------+-------------+--------------+---------+-----------+------+--------------+---------------------------------------------------------------------------+--------------+--------------+
; Compilation Hierarchy Node      ; Combinational ALUTs ; Dedicated Logic Registers ; Memory Bits ; DSP Elements ; DSP 9x9 ; DSP 18x18 ; Pins ; Virtual Pins ; Full Hierarchy Name                                                       ; Entity Name  ; Library Name ;
+---------------------------------+---------------------+---------------------------+-------------+--------------+---------+-----------+------+--------------+---------------------------------------------------------------------------+--------------+--------------+
; |fpga_top                       ; 2408 (0)            ; 2059 (2)                  ; 0           ; 0            ; 0       ; 0         ; 6    ; 0            ; |fpga_top                                                                 ; fpga_top     ; work         ;
;    |ctrl_74hc595:ctrl_74hc595|  ; 15 (15)             ; 5 (5)                     ; 0           ; 0            ; 0       ; 0         ; 0    ; 0            ; |fpga_top|ctrl_74hc595:ctrl_74hc595                                       ; ctrl_74hc595 ; work         ;
;    |system_top:system_top|      ; 2393 (0)            ; 2052 (0)                  ; 0           ; 0            ; 0       ; 0         ; 0    ; 0            ; |fpga_top|system_top:system_top                                           ; system_top   ; work         ;
;       |cpu_top:cpu_top|         ; 2359 (0)            ; 2022 (0)                  ; 0           ; 0            ; 0       ; 0         ; 0    ; 0            ; |fpga_top|system_top:system_top|cpu_top:cpu_top                           ; cpu_top      ; work         ;
;          |core:core|            ; 2157 (826)          ; 998 (30)                  ; 0           ; 0            ; 0       ; 0         ; 0    ; 0            ; |fpga_top|system_top:system_top|cpu_top:cpu_top|core:core                 ; core         ; work         ;
;             |alu:alu|           ; 61 (61)             ; 0 (0)                     ; 0           ; 0            ; 0       ; 0         ; 0    ; 0            ; |fpga_top|system_top:system_top|cpu_top:cpu_top|core:core|alu:alu         ; alu          ; work         ;
;             |cmp:cmp|           ; 21 (21)             ; 0 (0)                     ; 0           ; 0            ; 0       ; 0         ; 0    ; 0            ; |fpga_top|system_top:system_top|cpu_top:cpu_top|core:core|cmp:cmp         ; cmp          ; work         ;
;             |control:control|   ; 21 (21)             ; 0 (0)                     ; 0           ; 0            ; 0       ; 0         ; 0    ; 0            ; |fpga_top|system_top:system_top|cpu_top:cpu_top|core:core|control:control ; control      ; work         ;
;             |lsu:lsu|           ; 2 (2)               ; 0 (0)                     ; 0           ; 0            ; 0       ; 0         ; 0    ; 0            ; |fpga_top|system_top:system_top|cpu_top:cpu_top|core:core|lsu:lsu         ; lsu          ; work         ;
;             |regfile:regfile|   ; 1226 (1226)         ; 968 (968)                 ; 0           ; 0            ; 0       ; 0         ; 0    ; 0            ; |fpga_top|system_top:system_top|cpu_top:cpu_top|core:core|regfile:regfile ; regfile      ; work         ;
;          |dmem:dmem|            ; 116 (116)           ; 1024 (1024)               ; 0           ; 0            ; 0       ; 0         ; 0    ; 0            ; |fpga_top|system_top:system_top|cpu_top:cpu_top|dmem:dmem                 ; dmem         ; work         ;
;          |imem:imem|            ; 31 (31)             ; 0 (0)                     ; 0           ; 0            ; 0       ; 0         ; 0    ; 0            ; |fpga_top|system_top:system_top|cpu_top:cpu_top|imem:imem                 ; imem         ; work         ;
;          |mem_xbar:mem_xbar|    ; 55 (55)             ; 0 (0)                     ; 0           ; 0            ; 0       ; 0         ; 0    ; 0            ; |fpga_top|system_top:system_top|cpu_top:cpu_top|mem_xbar:mem_xbar         ; mem_xbar     ; work         ;
;       |hex_display:hex_display| ; 29 (29)             ; 30 (30)                   ; 0           ; 0            ; 0       ; 0         ; 0    ; 0            ; |fpga_top|system_top:system_top|hex_display:hex_display                   ; hex_display  ; work         ;
;       |mmio_xbar:mmio_xbar|     ; 5 (5)               ; 0 (0)                     ; 0           ; 0            ; 0       ; 0         ; 0    ; 0            ; |fpga_top|system_top:system_top|mmio_xbar:mmio_xbar                       ; mmio_xbar    ; work         ;
+---------------------------------+---------------------+---------------------------+-------------+--------------+---------+-----------+------+--------------+---------------------------------------------------------------------------+--------------+--------------+
Note: For table entries with two numbers listed, the numbers in parentheses indicate the number of resources of the given type used by the specific entity alone. The numbers listed outside of parentheses indicate the total resources of the given type used by the specific entity and all of its sub-entities in the hierarchy.


+-----------------------------------------------------------------------------------------------------------------------------------------------------------------------------------+
; User-Specified and Inferred Latches                                                                                                                                               ;
+------------------------------------------------------------------------------+---------------------------------------------------------------------------+------------------------+
; Latch Name                                                                   ; Latch Enable Signal                                                       ; Free of Timing Hazards ;
+------------------------------------------------------------------------------+---------------------------------------------------------------------------+------------------------+
; system_top:system_top|cpu_top:cpu_top|core:core|control:control|o_lsu_op[1]  ; system_top:system_top|cpu_top:cpu_top|core:core|control:control|WideNor24 ; yes                    ;
; system_top:system_top|cpu_top:cpu_top|core:core|control:control|o_alusel2[1] ; system_top:system_top|cpu_top:cpu_top|core:core|control:control|WideNor24 ; yes                    ;
; system_top:system_top|cpu_top:cpu_top|core:core|control:control|o_alusel2[0] ; system_top:system_top|cpu_top:cpu_top|core:core|control:control|WideNor24 ; yes                    ;
; system_top:system_top|cpu_top:cpu_top|core:core|control:control|o_alusel1[1] ; system_top:system_top|cpu_top:cpu_top|core:core|control:control|WideNor24 ; yes                    ;
; system_top:system_top|cpu_top:cpu_top|core:core|control:control|o_aluop[0]   ; system_top:system_top|cpu_top:cpu_top|core:core|control:control|WideNor24 ; yes                    ;
; system_top:system_top|cpu_top:cpu_top|core:core|control:control|o_aluop[2]   ; system_top:system_top|cpu_top:cpu_top|core:core|control:control|WideNor24 ; yes                    ;
; system_top:system_top|cpu_top:cpu_top|core:core|control:control|o_aluop[1]   ; system_top:system_top|cpu_top:cpu_top|core:core|control:control|WideNor24 ; yes                    ;
; system_top:system_top|cpu_top:cpu_top|core:core|control:control|o_lsu_op[0]  ; system_top:system_top|cpu_top:cpu_top|core:core|control:control|WideNor24 ; yes                    ;
; system_top:system_top|cpu_top:cpu_top|core:core|control:control|o_wb_sel[0]  ; system_top:system_top|cpu_top:cpu_top|core:core|control:control|WideNor24 ; yes                    ;
; system_top:system_top|cpu_top:cpu_top|core:core|control:control|o_wb_sel[1]  ; system_top:system_top|cpu_top:cpu_top|core:core|control:control|WideNor24 ; yes                    ;
; system_top:system_top|cpu_top:cpu_top|core:core|control:control|o_wb_en      ; system_top:system_top|cpu_top:cpu_top|core:core|control:control|WideNor24 ; yes                    ;
; system_top:system_top|cpu_top:cpu_top|core:core|control:control|o_branch     ; system_top:system_top|cpu_top:cpu_top|core:core|control:control|WideNor24 ; yes                    ;
; system_top:system_top|cpu_top:cpu_top|core:core|control:control|o_cmpop[0]   ; system_top:system_top|cpu_top:cpu_top|core:core|control:control|WideNor24 ; yes                    ;
; Number of user-specified and inferred latches = 13                           ;                                                                           ;                        ;
+------------------------------------------------------------------------------+---------------------------------------------------------------------------+------------------------+
Note: All latches listed above may not be present at the end of synthesis due to various synthesis optimizations.


+--------------------------------------------------------------------------------------------+
; Registers Removed During Synthesis                                                         ;
+-----------------------------------------------------------------------+--------------------+
; Register name                                                         ; Reason for Removal ;
+-----------------------------------------------------------------------+--------------------+
; system_top:system_top|cpu_top:cpu_top|core:core|regfile:regfile|r~707 ; Lost fanout        ;
; system_top:system_top|cpu_top:cpu_top|core:core|regfile:regfile|r~611 ; Lost fanout        ;
; system_top:system_top|cpu_top:cpu_top|core:core|regfile:regfile|r~579 ; Lost fanout        ;
; system_top:system_top|cpu_top:cpu_top|core:core|regfile:regfile|r~739 ; Lost fanout        ;
; system_top:system_top|cpu_top:cpu_top|core:core|regfile:regfile|r~643 ; Lost fanout        ;
; system_top:system_top|cpu_top:cpu_top|core:core|regfile:regfile|r~547 ; Lost fanout        ;
; system_top:system_top|cpu_top:cpu_top|core:core|regfile:regfile|r~515 ; Lost fanout        ;
; system_top:system_top|cpu_top:cpu_top|core:core|regfile:regfile|r~675 ; Lost fanout        ;
; system_top:system_top|cpu_top:cpu_top|core:core|regfile:regfile|r~291 ; Lost fanout        ;
; system_top:system_top|cpu_top:cpu_top|core:core|regfile:regfile|r~355 ; Lost fanout        ;
; system_top:system_top|cpu_top:cpu_top|core:core|regfile:regfile|r~387 ; Lost fanout        ;
; system_top:system_top|cpu_top:cpu_top|core:core|regfile:regfile|r~451 ; Lost fanout        ;
; system_top:system_top|cpu_top:cpu_top|core:core|regfile:regfile|r~259 ; Lost fanout        ;
; system_top:system_top|cpu_top:cpu_top|core:core|regfile:regfile|r~323 ; Lost fanout        ;
; system_top:system_top|cpu_top:cpu_top|core:core|regfile:regfile|r~419 ; Lost fanout        ;
; system_top:system_top|cpu_top:cpu_top|core:core|regfile:regfile|r~483 ; Lost fanout        ;
; system_top:system_top|cpu_top:cpu_top|core:core|regfile:regfile|r~307 ; Lost fanout        ;
; system_top:system_top|cpu_top:cpu_top|core:core|regfile:regfile|r~339 ; Lost fanout        ;
; system_top:system_top|cpu_top:cpu_top|core:core|regfile:regfile|r~275 ; Lost fanout        ;
; system_top:system_top|cpu_top:cpu_top|core:core|regfile:regfile|r~371 ; Lost fanout        ;
; system_top:system_top|cpu_top:cpu_top|core:core|regfile:regfile|r~467 ; Lost fanout        ;
; system_top:system_top|cpu_top:cpu_top|core:core|regfile:regfile|r~435 ; Lost fanout        ;
; system_top:system_top|cpu_top:cpu_top|core:core|regfile:regfile|r~403 ; Lost fanout        ;
; system_top:system_top|cpu_top:cpu_top|core:core|regfile:regfile|r~499 ; Lost fanout        ;
; system_top:system_top|cpu_top:cpu_top|core:core|regfile:regfile|r~405 ; Lost fanout        ;
; system_top:system_top|cpu_top:cpu_top|core:core|regfile:regfile|r~341 ; Lost fanout        ;
; system_top:system_top|cpu_top:cpu_top|core:core|regfile:regfile|r~277 ; Lost fanout        ;
; system_top:system_top|cpu_top:cpu_top|core:core|regfile:regfile|r~469 ; Lost fanout        ;
; system_top:system_top|cpu_top:cpu_top|core:core|regfile:regfile|r~437 ; Lost fanout        ;
; system_top:system_top|cpu_top:cpu_top|core:core|regfile:regfile|r~373 ; Lost fanout        ;
; system_top:system_top|cpu_top:cpu_top|core:core|regfile:regfile|r~309 ; Lost fanout        ;
; system_top:system_top|cpu_top:cpu_top|core:core|regfile:regfile|r~501 ; Lost fanout        ;
; system_top:system_top|cpu_top:cpu_top|core:core|regfile:regfile|r~311 ; Lost fanout        ;
; system_top:system_top|cpu_top:cpu_top|core:core|regfile:regfile|r~407 ; Lost fanout        ;
; system_top:system_top|cpu_top:cpu_top|core:core|regfile:regfile|r~279 ; Lost fanout        ;
; system_top:system_top|cpu_top:cpu_top|core:core|regfile:regfile|r~439 ; Lost fanout        ;
; system_top:system_top|cpu_top:cpu_top|core:core|regfile:regfile|r~375 ; Lost fanout        ;
; system_top:system_top|cpu_top:cpu_top|core:core|regfile:regfile|r~471 ; Lost fanout        ;
; system_top:system_top|cpu_top:cpu_top|core:core|regfile:regfile|r~343 ; Lost fanout        ;
; system_top:system_top|cpu_top:cpu_top|core:core|regfile:regfile|r~503 ; Lost fanout        ;
; system_top:system_top|cpu_top:cpu_top|core:core|regfile:regfile|r~345 ; Lost fanout        ;
; system_top:system_top|cpu_top:cpu_top|core:core|regfile:regfile|r~313 ; Lost fanout        ;
; system_top:system_top|cpu_top:cpu_top|core:core|regfile:regfile|r~281 ; Lost fanout        ;
; system_top:system_top|cpu_top:cpu_top|core:core|regfile:regfile|r~377 ; Lost fanout        ;
; system_top:system_top|cpu_top:cpu_top|core:core|regfile:regfile|r~473 ; Lost fanout        ;
; system_top:system_top|cpu_top:cpu_top|core:core|regfile:regfile|r~441 ; Lost fanout        ;
; system_top:system_top|cpu_top:cpu_top|core:core|regfile:regfile|r~409 ; Lost fanout        ;
; system_top:system_top|cpu_top:cpu_top|core:core|regfile:regfile|r~505 ; Lost fanout        ;
; system_top:system_top|cpu_top:cpu_top|core:core|regfile:regfile|r~411 ; Lost fanout        ;
; system_top:system_top|cpu_top:cpu_top|core:core|regfile:regfile|r~347 ; Lost fanout        ;
; system_top:system_top|cpu_top:cpu_top|core:core|regfile:regfile|r~283 ; Lost fanout        ;
; system_top:system_top|cpu_top:cpu_top|core:core|regfile:regfile|r~475 ; Lost fanout        ;
; system_top:system_top|cpu_top:cpu_top|core:core|regfile:regfile|r~443 ; Lost fanout        ;
; system_top:system_top|cpu_top:cpu_top|core:core|regfile:regfile|r~379 ; Lost fanout        ;
; system_top:system_top|cpu_top:cpu_top|core:core|regfile:regfile|r~315 ; Lost fanout        ;
; system_top:system_top|cpu_top:cpu_top|core:core|regfile:regfile|r~507 ; Lost fanout        ;
; Total Number of Removed Registers = 56                                ;                    ;
+-----------------------------------------------------------------------+--------------------+


+------------------------------------------------------+
; General Register Statistics                          ;
+----------------------------------------------+-------+
; Statistic                                    ; Value ;
+----------------------------------------------+-------+
; Total registers                              ; 2059  ;
; Number of registers using Synchronous Clear  ; 0     ;
; Number of registers using Synchronous Load   ; 20    ;
; Number of registers using Asynchronous Clear ; 65    ;
; Number of registers using Asynchronous Load  ; 0     ;
; Number of registers using Clock Enable       ; 2008  ;
; Number of registers using Preset             ; 0     ;
+----------------------------------------------+-------+


+-------------------------------------------------------------------------------------------------------------------------------------------------------------------------------------------+
; Multiplexer Restructuring Statistics (Restructuring Performed)                                                                                                                            ;
+--------------------+-----------+---------------+----------------------+------------------------+------------+-----------------------------------------------------------------------------+
; Multiplexer Inputs ; Bus Width ; Baseline Area ; Area if Restructured ; Saving if Restructured ; Registered ; Example Multiplexer Output                                                  ;
+--------------------+-----------+---------------+----------------------+------------------------+------------+-----------------------------------------------------------------------------+
; 4:1                ; 4 bits    ; 8 LEs         ; 8 LEs                ; 0 LEs                  ; No         ; |fpga_top|system_top:system_top|hex_display:hex_display|Mux1                ;
; 4:1                ; 27 bits   ; 54 LEs        ; 54 LEs               ; 0 LEs                  ; No         ; |fpga_top|system_top:system_top|cpu_top:cpu_top|core:core|Mux50             ;
; 4:1                ; 2 bits    ; 4 LEs         ; 4 LEs                ; 0 LEs                  ; No         ; |fpga_top|system_top:system_top|cpu_top:cpu_top|core:core|Mux63             ;
; 4:1                ; 3 bits    ; 6 LEs         ; 6 LEs                ; 0 LEs                  ; No         ; |fpga_top|system_top:system_top|cpu_top:cpu_top|core:core|Mux61             ;
; 32:1               ; 2 bits    ; 42 LEs        ; 42 LEs               ; 0 LEs                  ; No         ; |fpga_top|system_top:system_top|cpu_top:cpu_top|mem_xbar:mem_xbar|o_data[7] ;
; 12:1               ; 7 bits    ; 56 LEs        ; 42 LEs               ; 14 LEs                 ; No         ; |fpga_top|system_top:system_top|cpu_top:cpu_top|core:core|alu:alu|Mux14     ;
; 11:1               ; 8 bits    ; 56 LEs        ; 40 LEs               ; 16 LEs                 ; No         ; |fpga_top|system_top:system_top|cpu_top:cpu_top|core:core|alu:alu|Mux18     ;
; 13:1               ; 4 bits    ; 32 LEs        ; 28 LEs               ; 4 LEs                  ; No         ; |fpga_top|system_top:system_top|cpu_top:cpu_top|core:core|alu:alu|Mux7      ;
; 12:1               ; 4 bits    ; 32 LEs        ; 24 LEs               ; 8 LEs                  ; No         ; |fpga_top|system_top:system_top|cpu_top:cpu_top|core:core|alu:alu|Mux24     ;
; 35:1               ; 5 bits    ; 115 LEs       ; 110 LEs              ; 5 LEs                  ; No         ; |fpga_top|system_top:system_top|cpu_top:cpu_top|core:core|Mux93             ;
; 14:1               ; 2 bits    ; 18 LEs        ; 16 LEs               ; 2 LEs                  ; No         ; |fpga_top|system_top:system_top|cpu_top:cpu_top|core:core|alu:alu|Mux3      ;
; 13:1               ; 2 bits    ; 16 LEs        ; 12 LEs               ; 4 LEs                  ; No         ; |fpga_top|system_top:system_top|cpu_top:cpu_top|core:core|alu:alu|Mux28     ;
; 37:1               ; 16 bits   ; 384 LEs       ; 384 LEs              ; 0 LEs                  ; No         ; |fpga_top|system_top:system_top|cpu_top:cpu_top|core:core|Mux74             ;
; 37:1               ; 5 bits    ; 120 LEs       ; 120 LEs              ; 0 LEs                  ; No         ; |fpga_top|system_top:system_top|cpu_top:cpu_top|core:core|Mux87             ;
; 37:1               ; 2 bits    ; 48 LEs        ; 48 LEs               ; 0 LEs                  ; No         ; |fpga_top|system_top:system_top|cpu_top:cpu_top|core:core|Mux83             ;
+--------------------+-----------+---------------+----------------------+------------------------+------------+-----------------------------------------------------------------------------+


+----------------------------------------------------------------------------------------------+
; Parameter Settings for User Entity Instance: system_top:system_top|cpu_top:cpu_top|imem:imem ;
+----------------+----------------------+------------------------------------------------------+
; Parameter Name ; Value                ; Type                                                 ;
+----------------+----------------------+------------------------------------------------------+
; ADDR_WIDTH     ; 5                    ; Signed Integer                                       ;
; DATA_WIDTH     ; 32                   ; Signed Integer                                       ;
; INIT_FILE      ; samples/fib_fpga.txt ; String                                               ;
+----------------+----------------------+------------------------------------------------------+
Note: In order to hide this table in the UI and the text report file, please set the "Show Parameter Settings in Synthesis Report" option in "Analysis and Synthesis Settings -> More Settings" to "Off".


+----------------------------------------------------------------------------------------------+
; Parameter Settings for User Entity Instance: system_top:system_top|cpu_top:cpu_top|dmem:dmem ;
+----------------+-------+---------------------------------------------------------------------+
; Parameter Name ; Value ; Type                                                                ;
+----------------+-------+---------------------------------------------------------------------+
; ADDR_WIDTH     ; 5     ; Signed Integer                                                      ;
; DATA_WIDTH     ; 32    ; Signed Integer                                                      ;
+----------------+-------+---------------------------------------------------------------------+
Note: In order to hide this table in the UI and the text report file, please set the "Show Parameter Settings in Synthesis Report" option in "Analysis and Synthesis Settings -> More Settings" to "Off".


+------------------------------------------------------------------------------------------------------+
; Parameter Settings for User Entity Instance: system_top:system_top|cpu_top:cpu_top|mem_xbar:mem_xbar ;
+----------------+--------------------------------+----------------------------------------------------+
; Parameter Name ; Value                          ; Type                                               ;
+----------------+--------------------------------+----------------------------------------------------+
; DATA_START     ; 000000000000000000010000000000 ; Unsigned Binary                                    ;
; DATA_LIMIT     ; 000000000000000011111111111111 ; Unsigned Binary                                    ;
; MMIO_START     ; 000000000000000000000000000000 ; Unsigned Binary                                    ;
; MMIO_LIMIT     ; 000000000000000000001111111111 ; Unsigned Binary                                    ;
+----------------+--------------------------------+----------------------------------------------------+
Note: In order to hide this table in the UI and the text report file, please set the "Show Parameter Settings in Synthesis Report" option in "Analysis and Synthesis Settings -> More Settings" to "Off".


+--------------------------------------------------------------------------------------------+
; Parameter Settings for User Entity Instance: system_top:system_top|hex_display:hex_display ;
+----------------+-------+-------------------------------------------------------------------+
; Parameter Name ; Value ; Type                                                              ;
+----------------+-------+-------------------------------------------------------------------+
; CNT_WIDTH      ; 14    ; Signed Integer                                                    ;
+----------------+-------+-------------------------------------------------------------------+
Note: In order to hide this table in the UI and the text report file, please set the "Show Parameter Settings in Synthesis Report" option in "Analysis and Synthesis Settings -> More Settings" to "Off".


+----------------------------------------------------------------------------------------------------------------------------------------------------------------------------------------------------------------+
; Port Connectivity Checks: "system_top:system_top|cpu_top:cpu_top|dmem:dmem"                                                                                                                                    ;
+--------+-------+----------+------------------------------------------------------------------------------------------------------------------------------------------------------------------------------------+
; Port   ; Type  ; Severity ; Details                                                                                                                                                                            ;
+--------+-------+----------+------------------------------------------------------------------------------------------------------------------------------------------------------------------------------------+
; i_addr ; Input ; Warning  ; Input port expression (30 bits) is wider than the input port (5 bits) it drives.  The 25 most-significant bit(s) in the expression will be dangling if they have no other fanouts. ;
+--------+-------+----------+------------------------------------------------------------------------------------------------------------------------------------------------------------------------------------+


+----------------------------------------------------------------------------------------------------------------------------------------------------------------------------------------------------------------+
; Port Connectivity Checks: "system_top:system_top|cpu_top:cpu_top|imem:imem"                                                                                                                                    ;
+--------+-------+----------+------------------------------------------------------------------------------------------------------------------------------------------------------------------------------------+
; Port   ; Type  ; Severity ; Details                                                                                                                                                                            ;
+--------+-------+----------+------------------------------------------------------------------------------------------------------------------------------------------------------------------------------------+
; i_addr ; Input ; Warning  ; Input port expression (30 bits) is wider than the input port (5 bits) it drives.  The 25 most-significant bit(s) in the expression will be dangling if they have no other fanouts. ;
+--------+-------+----------+------------------------------------------------------------------------------------------------------------------------------------------------------------------------------------+


+-----------------------------------------------------+
; Post-Synthesis Netlist Statistics for Top Partition ;
+-----------------------+-----------------------------+
; Type                  ; Count                       ;
+-----------------------+-----------------------------+
; boundary_port         ; 6                           ;
; cycloneiii_ff         ; 2059                        ;
;     CLR               ; 29                          ;
;     CLR SLD           ; 20                          ;
;     ENA               ; 1992                        ;
;     ENA CLR           ; 16                          ;
;     plain             ; 2                           ;
; cycloneiii_lcell_comb ; 2429                        ;
;     arith             ; 75                          ;
;         2 data inputs ; 42                          ;
;         3 data inputs ; 33                          ;
;     normal            ; 2354                        ;
;         1 data inputs ; 26                          ;
;         2 data inputs ; 48                          ;
;         3 data inputs ; 139                         ;
;         4 data inputs ; 2141                        ;
;                       ;                             ;
; Max LUT depth         ; 18.50                       ;
; Average LUT depth     ; 12.62                       ;
+-----------------------+-----------------------------+


+-------------------------------+
; Elapsed Time Per Partition    ;
+----------------+--------------+
; Partition Name ; Elapsed Time ;
+----------------+--------------+
; Top            ; 00:00:10     ;
+----------------+--------------+


+-------------------------------+
; Analysis & Synthesis Messages ;
+-------------------------------+
Info: *******************************************************************
Info: Running Quartus Prime Analysis & Synthesis
    Info: Version 23.1std.1 Build 993 05/14/2024 SC Lite Edition
    Info: Processing started: Wed May 21 19:14:04 2025
Info: Command: quartus_map --read_settings_files=on --write_settings_files=off fpga -c fpga
Info (20030): Parallel compilation is enabled and will use 4 of the 4 processors detected
Info (12021): Found 1 design units, including 1 entities, in source file src/fpga_top.v
    Info (12023): Found entity 1: fpga_top File: /home/ilya/Desktop/baikal/drec-fpga-intro/problems/2025/05_cpu/src/fpga_top.v Line: 3
Info (12021): Found 1 design units, including 1 entities, in source file src/system_top.v
    Info (12023): Found entity 1: system_top File: /home/ilya/Desktop/baikal/drec-fpga-intro/problems/2025/05_cpu/src/system_top.v Line: 3
Info (12021): Found 1 design units, including 1 entities, in source file src/dmem.v
    Info (12023): Found entity 1: dmem File: /home/ilya/Desktop/baikal/drec-fpga-intro/problems/2025/05_cpu/src/dmem.v Line: 1
Info (12021): Found 1 design units, including 1 entities, in source file src/regfile.v
    Info (12023): Found entity 1: regfile File: /home/ilya/Desktop/baikal/drec-fpga-intro/problems/2025/05_cpu/src/regfile.v Line: 1
Info (12021): Found 1 design units, including 1 entities, in source file src/mem_xbar.v
    Info (12023): Found entity 1: mem_xbar File: /home/ilya/Desktop/baikal/drec-fpga-intro/problems/2025/05_cpu/src/mem_xbar.v Line: 1
Info (12021): Found 1 design units, including 1 entities, in source file src/imem.v
    Info (12023): Found entity 1: imem File: /home/ilya/Desktop/baikal/drec-fpga-intro/problems/2025/05_cpu/src/imem.v Line: 1
Info (12021): Found 1 design units, including 1 entities, in source file src/cpu_top.v
    Info (12023): Found entity 1: cpu_top File: /home/ilya/Desktop/baikal/drec-fpga-intro/problems/2025/05_cpu/src/cpu_top.v Line: 3
Info (12021): Found 1 design units, including 1 entities, in source file src/core.v
    Info (12023): Found entity 1: core File: /home/ilya/Desktop/baikal/drec-fpga-intro/problems/2025/05_cpu/src/core.v Line: 5
Info (12021): Found 1 design units, including 1 entities, in source file src/control.v
    Info (12023): Found entity 1: control File: /home/ilya/Desktop/baikal/drec-fpga-intro/problems/2025/05_cpu/src/control.v Line: 6
Info (12021): Found 1 design units, including 1 entities, in source file src/cmp.v
    Info (12023): Found entity 1: cmp File: /home/ilya/Desktop/baikal/drec-fpga-intro/problems/2025/05_cpu/src/cmp.v Line: 3
Info (12021): Found 1 design units, including 1 entities, in source file src/alu.v
    Info (12023): Found entity 1: alu File: /home/ilya/Desktop/baikal/drec-fpga-intro/problems/2025/05_cpu/src/alu.v Line: 3
Info (12021): Found 1 design units, including 1 entities, in source file src/lsu.v
    Info (12023): Found entity 1: lsu File: /home/ilya/Desktop/baikal/drec-fpga-intro/problems/2025/05_cpu/src/lsu.v Line: 3
Info (12021): Found 1 design units, including 1 entities, in source file src/hex_display.v
    Info (12023): Found entity 1: hex_display File: /home/ilya/Desktop/baikal/drec-fpga-intro/problems/2025/05_cpu/src/hex_display.v Line: 1
Info (12021): Found 1 design units, including 1 entities, in source file src/mmio_xbar.v
    Info (12023): Found entity 1: mmio_xbar File: /home/ilya/Desktop/baikal/drec-fpga-intro/problems/2025/05_cpu/src/mmio_xbar.v Line: 1
Info (12021): Found 1 design units, including 1 entities, in source file src/ctrl_74hc595.v
    Info (12023): Found entity 1: ctrl_74hc595 File: /home/ilya/Desktop/baikal/drec-fpga-intro/problems/2025/05_cpu/src/ctrl_74hc595.v Line: 1
Info (12127): Elaborating entity "fpga_top" for the top level hierarchy
Info (12128): Elaborating entity "system_top" for hierarchy "system_top:system_top" File: /home/ilya/Desktop/baikal/drec-fpga-intro/problems/2025/05_cpu/src/fpga_top.v Line: 28
Info (12128): Elaborating entity "cpu_top" for hierarchy "system_top:system_top|cpu_top:cpu_top" File: /home/ilya/Desktop/baikal/drec-fpga-intro/problems/2025/05_cpu/src/system_top.v Line: 28
Info (12128): Elaborating entity "imem" for hierarchy "system_top:system_top|cpu_top:cpu_top|imem:imem" File: /home/ilya/Desktop/baikal/drec-fpga-intro/problems/2025/05_cpu/src/cpu_top.v Line: 37
Warning (10030): Net "mem.data_a" at imem.v(10) has no driver or initial value, using a default initial value '0' File: /home/ilya/Desktop/baikal/drec-fpga-intro/problems/2025/05_cpu/src/imem.v Line: 10
Warning (10030): Net "mem.waddr_a" at imem.v(10) has no driver or initial value, using a default initial value '0' File: /home/ilya/Desktop/baikal/drec-fpga-intro/problems/2025/05_cpu/src/imem.v Line: 10
Warning (10030): Net "mem.we_a" at imem.v(10) has no driver or initial value, using a default initial value '0' File: /home/ilya/Desktop/baikal/drec-fpga-intro/problems/2025/05_cpu/src/imem.v Line: 10
Info (12128): Elaborating entity "dmem" for hierarchy "system_top:system_top|cpu_top:cpu_top|dmem:dmem" File: /home/ilya/Desktop/baikal/drec-fpga-intro/problems/2025/05_cpu/src/cpu_top.v Line: 50
Info (12128): Elaborating entity "mem_xbar" for hierarchy "system_top:system_top|cpu_top:cpu_top|mem_xbar:mem_xbar" File: /home/ilya/Desktop/baikal/drec-fpga-intro/problems/2025/05_cpu/src/cpu_top.v Line: 74
Info (12128): Elaborating entity "core" for hierarchy "system_top:system_top|cpu_top:cpu_top|core:core" File: /home/ilya/Desktop/baikal/drec-fpga-intro/problems/2025/05_cpu/src/cpu_top.v Line: 86
Info (12128): Elaborating entity "alu" for hierarchy "system_top:system_top|cpu_top:cpu_top|core:core|alu:alu" File: /home/ilya/Desktop/baikal/drec-fpga-intro/problems/2025/05_cpu/src/core.v Line: 120
Info (12128): Elaborating entity "cmp" for hierarchy "system_top:system_top|cpu_top:cpu_top|core:core|cmp:cmp" File: /home/ilya/Desktop/baikal/drec-fpga-intro/problems/2025/05_cpu/src/core.v Line: 127
Warning (10230): Verilog HDL assignment warning at cmp.v(19): truncated value with size 32 to match size of target (1) File: /home/ilya/Desktop/baikal/drec-fpga-intro/problems/2025/05_cpu/src/cmp.v Line: 19
Info (12128): Elaborating entity "regfile" for hierarchy "system_top:system_top|cpu_top:cpu_top|core:core|regfile:regfile" File: /home/ilya/Desktop/baikal/drec-fpga-intro/problems/2025/05_cpu/src/core.v Line: 138
Info (12128): Elaborating entity "lsu" for hierarchy "system_top:system_top|cpu_top:cpu_top|core:core|lsu:lsu" File: /home/ilya/Desktop/baikal/drec-fpga-intro/problems/2025/05_cpu/src/core.v Line: 152
Warning (10230): Verilog HDL assignment warning at lsu.v(27): truncated value with size 40 to match size of target (32) File: /home/ilya/Desktop/baikal/drec-fpga-intro/problems/2025/05_cpu/src/lsu.v Line: 27
Warning (10230): Verilog HDL assignment warning at lsu.v(30): truncated value with size 40 to match size of target (32) File: /home/ilya/Desktop/baikal/drec-fpga-intro/problems/2025/05_cpu/src/lsu.v Line: 30
Info (12128): Elaborating entity "control" for hierarchy "system_top:system_top|cpu_top:cpu_top|core:core|control:control" File: /home/ilya/Desktop/baikal/drec-fpga-intro/problems/2025/05_cpu/src/core.v Line: 166
Warning (10230): Verilog HDL assignment warning at control.v(27): truncated value with size 7 to match size of target (5) File: /home/ilya/Desktop/baikal/drec-fpga-intro/problems/2025/05_cpu/src/control.v Line: 27
Warning (10199): Verilog HDL Case Statement warning at instr.vh(32): case item expression never matches the case expression File: /home/ilya/Desktop/baikal/drec-fpga-intro/problems/2025/05_cpu/src/instr.vh Line: 32
Warning (10199): Verilog HDL Case Statement warning at instr.vh(35): case item expression never matches the case expression File: /home/ilya/Desktop/baikal/drec-fpga-intro/problems/2025/05_cpu/src/instr.vh Line: 35
Warning (10199): Verilog HDL Case Statement warning at instr.vh(41): case item expression never matches the case expression File: /home/ilya/Desktop/baikal/drec-fpga-intro/problems/2025/05_cpu/src/instr.vh Line: 41
Warning (10240): Verilog HDL Always Construct warning at control.v(31): inferring latch(es) for variable "o_aluop", which holds its previous value in one or more paths through the always construct File: /home/ilya/Desktop/baikal/drec-fpga-intro/problems/2025/05_cpu/src/control.v Line: 31
Warning (10240): Verilog HDL Always Construct warning at control.v(31): inferring latch(es) for variable "o_alusel1", which holds its previous value in one or more paths through the always construct File: /home/ilya/Desktop/baikal/drec-fpga-intro/problems/2025/05_cpu/src/control.v Line: 31
Warning (10240): Verilog HDL Always Construct warning at control.v(31): inferring latch(es) for variable "o_alusel2", which holds its previous value in one or more paths through the always construct File: /home/ilya/Desktop/baikal/drec-fpga-intro/problems/2025/05_cpu/src/control.v Line: 31
Warning (10240): Verilog HDL Always Construct warning at control.v(31): inferring latch(es) for variable "o_cmpop", which holds its previous value in one or more paths through the always construct File: /home/ilya/Desktop/baikal/drec-fpga-intro/problems/2025/05_cpu/src/control.v Line: 31
Warning (10240): Verilog HDL Always Construct warning at control.v(31): inferring latch(es) for variable "o_branch", which holds its previous value in one or more paths through the always construct File: /home/ilya/Desktop/baikal/drec-fpga-intro/problems/2025/05_cpu/src/control.v Line: 31
Warning (10240): Verilog HDL Always Construct warning at control.v(31): inferring latch(es) for variable "o_jump", which holds its previous value in one or more paths through the always construct File: /home/ilya/Desktop/baikal/drec-fpga-intro/problems/2025/05_cpu/src/control.v Line: 31
Warning (10240): Verilog HDL Always Construct warning at control.v(31): inferring latch(es) for variable "o_wb_sel", which holds its previous value in one or more paths through the always construct File: /home/ilya/Desktop/baikal/drec-fpga-intro/problems/2025/05_cpu/src/control.v Line: 31
Warning (10240): Verilog HDL Always Construct warning at control.v(31): inferring latch(es) for variable "o_wb_en", which holds its previous value in one or more paths through the always construct File: /home/ilya/Desktop/baikal/drec-fpga-intro/problems/2025/05_cpu/src/control.v Line: 31
Warning (10240): Verilog HDL Always Construct warning at control.v(31): inferring latch(es) for variable "o_store", which holds its previous value in one or more paths through the always construct File: /home/ilya/Desktop/baikal/drec-fpga-intro/problems/2025/05_cpu/src/control.v Line: 31
Warning (10240): Verilog HDL Always Construct warning at control.v(31): inferring latch(es) for variable "o_lsu_op", which holds its previous value in one or more paths through the always construct File: /home/ilya/Desktop/baikal/drec-fpga-intro/problems/2025/05_cpu/src/control.v Line: 31
Info (10041): Inferred latch for "o_lsu_op[0]" at control.v(31) File: /home/ilya/Desktop/baikal/drec-fpga-intro/problems/2025/05_cpu/src/control.v Line: 31
Info (10041): Inferred latch for "o_lsu_op[1]" at control.v(31) File: /home/ilya/Desktop/baikal/drec-fpga-intro/problems/2025/05_cpu/src/control.v Line: 31
Info (10041): Inferred latch for "o_lsu_op[2]" at control.v(31) File: /home/ilya/Desktop/baikal/drec-fpga-intro/problems/2025/05_cpu/src/control.v Line: 31
Info (10041): Inferred latch for "o_store" at control.v(31) File: /home/ilya/Desktop/baikal/drec-fpga-intro/problems/2025/05_cpu/src/control.v Line: 31
Info (10041): Inferred latch for "o_wb_en" at control.v(31) File: /home/ilya/Desktop/baikal/drec-fpga-intro/problems/2025/05_cpu/src/control.v Line: 31
Info (10041): Inferred latch for "o_wb_sel[0]" at control.v(31) File: /home/ilya/Desktop/baikal/drec-fpga-intro/problems/2025/05_cpu/src/control.v Line: 31
Info (10041): Inferred latch for "o_wb_sel[1]" at control.v(31) File: /home/ilya/Desktop/baikal/drec-fpga-intro/problems/2025/05_cpu/src/control.v Line: 31
Info (10041): Inferred latch for "o_jump" at control.v(31) File: /home/ilya/Desktop/baikal/drec-fpga-intro/problems/2025/05_cpu/src/control.v Line: 31
Info (10041): Inferred latch for "o_branch" at control.v(31) File: /home/ilya/Desktop/baikal/drec-fpga-intro/problems/2025/05_cpu/src/control.v Line: 31
Info (10041): Inferred latch for "o_cmpop[0]" at control.v(31) File: /home/ilya/Desktop/baikal/drec-fpga-intro/problems/2025/05_cpu/src/control.v Line: 31
Info (10041): Inferred latch for "o_cmpop[1]" at control.v(31) File: /home/ilya/Desktop/baikal/drec-fpga-intro/problems/2025/05_cpu/src/control.v Line: 31
Info (10041): Inferred latch for "o_cmpop[2]" at control.v(31) File: /home/ilya/Desktop/baikal/drec-fpga-intro/problems/2025/05_cpu/src/control.v Line: 31
Info (10041): Inferred latch for "o_alusel2[0]" at control.v(31) File: /home/ilya/Desktop/baikal/drec-fpga-intro/problems/2025/05_cpu/src/control.v Line: 31
Info (10041): Inferred latch for "o_alusel2[1]" at control.v(31) File: /home/ilya/Desktop/baikal/drec-fpga-intro/problems/2025/05_cpu/src/control.v Line: 31
Info (10041): Inferred latch for "o_alusel1[0]" at control.v(31) File: /home/ilya/Desktop/baikal/drec-fpga-intro/problems/2025/05_cpu/src/control.v Line: 31
Info (10041): Inferred latch for "o_alusel1[1]" at control.v(31) File: /home/ilya/Desktop/baikal/drec-fpga-intro/problems/2025/05_cpu/src/control.v Line: 31
Info (10041): Inferred latch for "o_aluop[0]" at control.v(31) File: /home/ilya/Desktop/baikal/drec-fpga-intro/problems/2025/05_cpu/src/control.v Line: 31
Info (10041): Inferred latch for "o_aluop[1]" at control.v(31) File: /home/ilya/Desktop/baikal/drec-fpga-intro/problems/2025/05_cpu/src/control.v Line: 31
Info (10041): Inferred latch for "o_aluop[2]" at control.v(31) File: /home/ilya/Desktop/baikal/drec-fpga-intro/problems/2025/05_cpu/src/control.v Line: 31
Info (10041): Inferred latch for "o_aluop[3]" at control.v(31) File: /home/ilya/Desktop/baikal/drec-fpga-intro/problems/2025/05_cpu/src/control.v Line: 31
Info (12128): Elaborating entity "mmio_xbar" for hierarchy "system_top:system_top|mmio_xbar:mmio_xbar" File: /home/ilya/Desktop/baikal/drec-fpga-intro/problems/2025/05_cpu/src/system_top.v Line: 39
Info (12128): Elaborating entity "hex_display" for hierarchy "system_top:system_top|hex_display:hex_display" File: /home/ilya/Desktop/baikal/drec-fpga-intro/problems/2025/05_cpu/src/system_top.v Line: 48
Info (12128): Elaborating entity "ctrl_74hc595" for hierarchy "ctrl_74hc595:ctrl_74hc595" File: /home/ilya/Desktop/baikal/drec-fpga-intro/problems/2025/05_cpu/src/fpga_top.v Line: 38
Info (276014): Found 1 instances of uninferred RAM logic
    Info (276007): RAM logic "system_top:system_top|cpu_top:cpu_top|core:core|regfile:regfile|r" is uninferred due to asynchronous read logic File: /home/ilya/Desktop/baikal/drec-fpga-intro/problems/2025/05_cpu/src/regfile.v Line: 15
Warning (12241): 2 hierarchies have connectivity warnings - see the Connectivity Checks report folder
Warning (13012): Latch system_top:system_top|cpu_top:cpu_top|core:core|control:control|o_lsu_op[1] has unsafe behavior File: /home/ilya/Desktop/baikal/drec-fpga-intro/problems/2025/05_cpu/src/control.v Line: 31
    Warning (13013): Ports D and ENA on the latch are fed by the same signal system_top:system_top|cpu_top:cpu_top|core:core|control:control|WideNor12 File: /home/ilya/Desktop/baikal/drec-fpga-intro/problems/2025/05_cpu/src/instr.vh Line: 16
Warning (13012): Latch system_top:system_top|cpu_top:cpu_top|core:core|control:control|o_alusel2[1] has unsafe behavior File: /home/ilya/Desktop/baikal/drec-fpga-intro/problems/2025/05_cpu/src/control.v Line: 31
    Warning (13013): Ports D and ENA on the latch are fed by the same signal system_top:system_top|cpu_top:cpu_top|core:core|control:control|WideNor10 File: /home/ilya/Desktop/baikal/drec-fpga-intro/problems/2025/05_cpu/src/instr.vh Line: 14
Warning (13012): Latch system_top:system_top|cpu_top:cpu_top|core:core|control:control|o_alusel2[0] has unsafe behavior File: /home/ilya/Desktop/baikal/drec-fpga-intro/problems/2025/05_cpu/src/control.v Line: 31
    Warning (13013): Ports D and ENA on the latch are fed by the same signal system_top:system_top|cpu_top:cpu_top|core:core|control:control|WideNor15 File: /home/ilya/Desktop/baikal/drec-fpga-intro/problems/2025/05_cpu/src/instr.vh Line: 20
Warning (13012): Latch system_top:system_top|cpu_top:cpu_top|core:core|control:control|o_alusel1[1] has unsafe behavior File: /home/ilya/Desktop/baikal/drec-fpga-intro/problems/2025/05_cpu/src/control.v Line: 31
    Warning (13013): Ports D and ENA on the latch are fed by the same signal system_top:system_top|cpu_top:cpu_top|core:core|control:control|WideNor10 File: /home/ilya/Desktop/baikal/drec-fpga-intro/problems/2025/05_cpu/src/instr.vh Line: 14
Warning (13012): Latch system_top:system_top|cpu_top:cpu_top|core:core|control:control|o_aluop[0] has unsafe behavior File: /home/ilya/Desktop/baikal/drec-fpga-intro/problems/2025/05_cpu/src/control.v Line: 31
    Warning (13013): Ports D and ENA on the latch are fed by the same signal system_top:system_top|cpu_top:cpu_top|core:core|control:control|WideNor19 File: /home/ilya/Desktop/baikal/drec-fpga-intro/problems/2025/05_cpu/src/instr.vh Line: 25
Warning (13012): Latch system_top:system_top|cpu_top:cpu_top|core:core|control:control|o_aluop[2] has unsafe behavior File: /home/ilya/Desktop/baikal/drec-fpga-intro/problems/2025/05_cpu/src/control.v Line: 31
    Warning (13013): Ports D and ENA on the latch are fed by the same signal system_top:system_top|cpu_top:cpu_top|core:core|control:control|WideNor20 File: /home/ilya/Desktop/baikal/drec-fpga-intro/problems/2025/05_cpu/src/instr.vh Line: 26
Warning (13012): Latch system_top:system_top|cpu_top:cpu_top|core:core|control:control|o_aluop[1] has unsafe behavior File: /home/ilya/Desktop/baikal/drec-fpga-intro/problems/2025/05_cpu/src/control.v Line: 31
    Warning (13013): Ports D and ENA on the latch are fed by the same signal system_top:system_top|cpu_top:cpu_top|core:core|control:control|WideNor19 File: /home/ilya/Desktop/baikal/drec-fpga-intro/problems/2025/05_cpu/src/instr.vh Line: 25
Warning (13012): Latch system_top:system_top|cpu_top:cpu_top|core:core|control:control|o_lsu_op[0] has unsafe behavior File: /home/ilya/Desktop/baikal/drec-fpga-intro/problems/2025/05_cpu/src/control.v Line: 31
    Warning (13013): Ports D and ENA on the latch are fed by the same signal system_top:system_top|cpu_top:cpu_top|core:core|control:control|WideNor11 File: /home/ilya/Desktop/baikal/drec-fpga-intro/problems/2025/05_cpu/src/instr.vh Line: 15
Warning (13012): Latch system_top:system_top|cpu_top:cpu_top|core:core|control:control|o_wb_sel[0] has unsafe behavior File: /home/ilya/Desktop/baikal/drec-fpga-intro/problems/2025/05_cpu/src/control.v Line: 31
    Warning (13013): Ports D and ENA on the latch are fed by the same signal system_top:system_top|cpu_top:cpu_top|core:core|control:control|WideNor18 File: /home/ilya/Desktop/baikal/drec-fpga-intro/problems/2025/05_cpu/src/instr.vh Line: 24
Warning (13012): Latch system_top:system_top|cpu_top:cpu_top|core:core|control:control|o_wb_sel[1] has unsafe behavior File: /home/ilya/Desktop/baikal/drec-fpga-intro/problems/2025/05_cpu/src/control.v Line: 31
    Warning (13013): Ports D and ENA on the latch are fed by the same signal system_top:system_top|cpu_top:cpu_top|core:core|control:control|WideNor10 File: /home/ilya/Desktop/baikal/drec-fpga-intro/problems/2025/05_cpu/src/instr.vh Line: 14
Warning (13012): Latch system_top:system_top|cpu_top:cpu_top|core:core|control:control|o_wb_en has unsafe behavior File: /home/ilya/Desktop/baikal/drec-fpga-intro/problems/2025/05_cpu/src/control.v Line: 18
    Warning (13013): Ports D and ENA on the latch are fed by the same signal system_top:system_top|cpu_top:cpu_top|core:core|control:control|WideNor4 File: /home/ilya/Desktop/baikal/drec-fpga-intro/problems/2025/05_cpu/src/instr.vh Line: 7
Warning (13012): Latch system_top:system_top|cpu_top:cpu_top|core:core|control:control|o_branch has unsafe behavior File: /home/ilya/Desktop/baikal/drec-fpga-intro/problems/2025/05_cpu/src/control.v Line: 14
    Warning (13013): Ports D and ENA on the latch are fed by the same signal system_top:system_top|cpu_top:cpu_top|core:core|control:control|WideNor4 File: /home/ilya/Desktop/baikal/drec-fpga-intro/problems/2025/05_cpu/src/instr.vh Line: 7
Warning (13012): Latch system_top:system_top|cpu_top:cpu_top|core:core|control:control|o_cmpop[0] has unsafe behavior File: /home/ilya/Desktop/baikal/drec-fpga-intro/problems/2025/05_cpu/src/control.v Line: 31
    Warning (13013): Ports D and ENA on the latch are fed by the same signal system_top:system_top|cpu_top:cpu_top|core:core|control:control|WideNor5 File: /home/ilya/Desktop/baikal/drec-fpga-intro/problems/2025/05_cpu/src/instr.vh Line: 8
Info (13025): Duplicate LATCH primitives merged into single LATCH primitive
    Info (13026): Duplicate LATCH primitive "system_top:system_top|cpu_top:cpu_top|core:core|control:control|o_aluop[1]" merged with LATCH primitive "system_top:system_top|cpu_top:cpu_top|core:core|control:control|o_aluop[0]" File: /home/ilya/Desktop/baikal/drec-fpga-intro/problems/2025/05_cpu/src/control.v Line: 31
Info (286030): Timing-Driven Synthesis is running
Info (17049): 56 registers lost all their fanouts during netlist optimizations.
Info (17016): Found the following redundant logic cells in design
    Info (17048): Logic cell "system_top:system_top|cpu_top:cpu_top|core:core|pc[4]~0" File: /home/ilya/Desktop/baikal/drec-fpga-intro/problems/2025/05_cpu/src/core.v Line: 80
    Info (17048): Logic cell "system_top:system_top|cpu_top:cpu_top|core:core|pc[0]~1" File: /home/ilya/Desktop/baikal/drec-fpga-intro/problems/2025/05_cpu/src/core.v Line: 80
    Info (17048): Logic cell "system_top:system_top|cpu_top:cpu_top|core:core|pc[1]~2" File: /home/ilya/Desktop/baikal/drec-fpga-intro/problems/2025/05_cpu/src/core.v Line: 80
    Info (17048): Logic cell "system_top:system_top|cpu_top:cpu_top|core:core|pc[3]~4" File: /home/ilya/Desktop/baikal/drec-fpga-intro/problems/2025/05_cpu/src/core.v Line: 80
    Info (17048): Logic cell "system_top:system_top|cpu_top:cpu_top|core:core|pc[2]~3" File: /home/ilya/Desktop/baikal/drec-fpga-intro/problems/2025/05_cpu/src/core.v Line: 80
    Info (17048): Logic cell "system_top:system_top|cpu_top:cpu_top|core:core|pc[5]~5" File: /home/ilya/Desktop/baikal/drec-fpga-intro/problems/2025/05_cpu/src/core.v Line: 80
    Info (17048): Logic cell "system_top:system_top|cpu_top:cpu_top|core:core|pc[15]~6" File: /home/ilya/Desktop/baikal/drec-fpga-intro/problems/2025/05_cpu/src/core.v Line: 80
    Info (17048): Logic cell "system_top:system_top|cpu_top:cpu_top|core:core|pc[16]~7" File: /home/ilya/Desktop/baikal/drec-fpga-intro/problems/2025/05_cpu/src/core.v Line: 80
    Info (17048): Logic cell "system_top:system_top|cpu_top:cpu_top|core:core|pc[17]~8" File: /home/ilya/Desktop/baikal/drec-fpga-intro/problems/2025/05_cpu/src/core.v Line: 80
    Info (17048): Logic cell "system_top:system_top|cpu_top:cpu_top|core:core|pc[18]~9" File: /home/ilya/Desktop/baikal/drec-fpga-intro/problems/2025/05_cpu/src/core.v Line: 80
    Info (17048): Logic cell "system_top:system_top|cpu_top:cpu_top|core:core|pc[19]~10" File: /home/ilya/Desktop/baikal/drec-fpga-intro/problems/2025/05_cpu/src/core.v Line: 80
    Info (17048): Logic cell "system_top:system_top|cpu_top:cpu_top|core:core|pc[20]~11" File: /home/ilya/Desktop/baikal/drec-fpga-intro/problems/2025/05_cpu/src/core.v Line: 80
    Info (17048): Logic cell "system_top:system_top|cpu_top:cpu_top|core:core|pc[21]~12" File: /home/ilya/Desktop/baikal/drec-fpga-intro/problems/2025/05_cpu/src/core.v Line: 80
    Info (17048): Logic cell "system_top:system_top|cpu_top:cpu_top|core:core|pc[22]~13" File: /home/ilya/Desktop/baikal/drec-fpga-intro/problems/2025/05_cpu/src/core.v Line: 80
    Info (17048): Logic cell "system_top:system_top|cpu_top:cpu_top|core:core|pc[23]~14" File: /home/ilya/Desktop/baikal/drec-fpga-intro/problems/2025/05_cpu/src/core.v Line: 80
    Info (17048): Logic cell "system_top:system_top|cpu_top:cpu_top|core:core|pc[24]~15" File: /home/ilya/Desktop/baikal/drec-fpga-intro/problems/2025/05_cpu/src/core.v Line: 80
    Info (17048): Logic cell "system_top:system_top|cpu_top:cpu_top|core:core|pc[25]~16" File: /home/ilya/Desktop/baikal/drec-fpga-intro/problems/2025/05_cpu/src/core.v Line: 80
    Info (17048): Logic cell "system_top:system_top|cpu_top:cpu_top|core:core|pc[14]~17" File: /home/ilya/Desktop/baikal/drec-fpga-intro/problems/2025/05_cpu/src/core.v Line: 80
    Info (17048): Logic cell "system_top:system_top|cpu_top:cpu_top|core:core|pc[28]~18" File: /home/ilya/Desktop/baikal/drec-fpga-intro/problems/2025/05_cpu/src/core.v Line: 80
    Info (17048): Logic cell "system_top:system_top|cpu_top:cpu_top|core:core|pc[29]~19" File: /home/ilya/Desktop/baikal/drec-fpga-intro/problems/2025/05_cpu/src/core.v Line: 80
Info (144001): Generated suppressed messages file /home/ilya/Desktop/baikal/drec-fpga-intro/problems/2025/05_cpu/output/fpga.map.smsg
Info (16010): Generating hard_block partition "hard_block:auto_generated_inst"
    Info (16011): Adding 0 node(s), including 0 DDIO, 0 PLL, 0 transceiver and 0 LCELL
Info (21057): Implemented 4464 device resources after synthesis - the final resource count might be different
    Info (21058): Implemented 2 input pins
    Info (21059): Implemented 4 output pins
    Info (21061): Implemented 4458 logic cells
Info: Quartus Prime Analysis & Synthesis was successful. 0 errors, 47 warnings
    Info: Peak virtual memory: 438 megabytes
    Info: Processing ended: Wed May 21 19:14:22 2025
    Info: Elapsed time: 00:00:18
    Info: Total CPU time (on all processors): 00:00:30


+------------------------------------------+
; Analysis & Synthesis Suppressed Messages ;
+------------------------------------------+
The suppressed messages can be found in /home/ilya/Desktop/baikal/drec-fpga-intro/problems/2025/05_cpu/output/fpga.map.smsg.


