
*** Running vivado
    with args -log design_1_axil2reg_0_0.vds -m64 -product Vivado -mode batch -messageDb vivado.pb -notrace -source design_1_axil2reg_0_0.tcl


****** Vivado v2025.1 (64-bit)
  **** SW Build 6140274 on Wed May 21 22:58:25 MDT 2025
  **** IP Build 6138677 on Thu May 22 03:10:11 MDT 2025
  **** SharedData Build 6139179 on Tue May 20 17:58:58 MDT 2025
  **** Start of session at: Fri May 15 15:32:44 2026
    ** Copyright 1986-2022 Xilinx, Inc. All Rights Reserved.
    ** Copyright 2022-2025 Advanced Micro Devices, Inc. All Rights Reserved.

source design_1_axil2reg_0_0.tcl -notrace
INFO: [IP_Flow 19-234] Refreshing IP repositories
INFO: [IP_Flow 19-1704] No user IP repositories specified
INFO: [IP_Flow 19-2313] Loaded Vivado IP repository '/tools/Xilinx/2025.1/Vivado/data/ip'.
Command: synth_design -top design_1_axil2reg_0_0 -part xc7z020clg400-2 -incremental_mode off -mode out_of_context
Starting synth_design
Attempting to get a license for feature 'Synthesis' and/or device 'xc7z020'
INFO: [Common 17-349] Got license for feature 'Synthesis' and/or device 'xc7z020'
INFO: [Device 21-403] Loading part xc7z020clg400-2
INFO: [Synth 8-7079] Multithreading enabled for synth_design using a maximum of 7 processes.
INFO: [Synth 8-7078] Launching helper process for spawning children vivado processes
INFO: [Synth 8-7075] Helper process launched with PID 36783
---------------------------------------------------------------------------------
Starting RTL Elaboration : Time (s): cpu = 00:00:03 ; elapsed = 00:00:03 . Memory (MB): peak = 2124.043 ; gain = 440.656 ; free physical = 2561 ; free virtual = 7251
---------------------------------------------------------------------------------
INFO: [Synth 8-6157] synthesizing module 'design_1_axil2reg_0_0' [/home/ilya/drec-fpga-intro/problems/2026/09_ps7_axil_led/fpga/design_1/ip/design_1_axil2reg_0_0/synth/design_1_axil2reg_0_0.v:53]
INFO: [Synth 8-6157] synthesizing module 'axil2reg' [/home/ilya/drec-fpga-intro/problems/2026/09_ps7_axil_led/src/axil2reg.sv:1]
	Parameter ADDR_WIDTH bound to: 32 - type: integer 
	Parameter DATA_WIDTH bound to: 32 - type: integer 
	Parameter STRB_WIDTH bound to: 4 - type: integer 
INFO: [Synth 8-6157] synthesizing module 'axil2reg_rd' [/home/ilya/drec-fpga-intro/problems/2026/09_ps7_axil_led/src/axil2reg_rd.sv:1]
	Parameter ADDR_WIDTH bound to: 32 - type: integer 
	Parameter DATA_WIDTH bound to: 32 - type: integer 
INFO: [Synth 8-6155] done synthesizing module 'axil2reg_rd' (0#1) [/home/ilya/drec-fpga-intro/problems/2026/09_ps7_axil_led/src/axil2reg_rd.sv:1]
INFO: [Synth 8-6157] synthesizing module 'axil2reg_wr' [/home/ilya/drec-fpga-intro/problems/2026/09_ps7_axil_led/src/axil2reg_wr.sv:1]
	Parameter ADDR_WIDTH bound to: 32 - type: integer 
	Parameter DATA_WIDTH bound to: 32 - type: integer 
	Parameter STRB_WIDTH bound to: 4 - type: integer 
INFO: [Synth 8-6155] done synthesizing module 'axil2reg_wr' (0#1) [/home/ilya/drec-fpga-intro/problems/2026/09_ps7_axil_led/src/axil2reg_wr.sv:1]
INFO: [Synth 8-6155] done synthesizing module 'axil2reg' (0#1) [/home/ilya/drec-fpga-intro/problems/2026/09_ps7_axil_led/src/axil2reg.sv:1]
INFO: [Synth 8-6155] done synthesizing module 'design_1_axil2reg_0_0' (0#1) [/home/ilya/drec-fpga-intro/problems/2026/09_ps7_axil_led/fpga/design_1/ip/design_1_axil2reg_0_0/synth/design_1_axil2reg_0_0.v:53]
WARNING: [Synth 8-7129] Port s_axil_awprot[2] in module axil2reg_wr is either unconnected or has no load
WARNING: [Synth 8-7129] Port s_axil_awprot[1] in module axil2reg_wr is either unconnected or has no load
WARNING: [Synth 8-7129] Port s_axil_awprot[0] in module axil2reg_wr is either unconnected or has no load
WARNING: [Synth 8-7129] Port s_axil_arprot[2] in module axil2reg_rd is either unconnected or has no load
WARNING: [Synth 8-7129] Port s_axil_arprot[1] in module axil2reg_rd is either unconnected or has no load
WARNING: [Synth 8-7129] Port s_axil_arprot[0] in module axil2reg_rd is either unconnected or has no load
---------------------------------------------------------------------------------
Finished RTL Elaboration : Time (s): cpu = 00:00:04 ; elapsed = 00:00:04 . Memory (MB): peak = 2201.012 ; gain = 517.625 ; free physical = 2389 ; free virtual = 7080
---------------------------------------------------------------------------------
---------------------------------------------------------------------------------
Start Handling Custom Attributes
---------------------------------------------------------------------------------
---------------------------------------------------------------------------------
Finished Handling Custom Attributes : Time (s): cpu = 00:00:04 ; elapsed = 00:00:04 . Memory (MB): peak = 2218.824 ; gain = 535.438 ; free physical = 2389 ; free virtual = 7080
---------------------------------------------------------------------------------
---------------------------------------------------------------------------------
Finished RTL Optimization Phase 1 : Time (s): cpu = 00:00:04 ; elapsed = 00:00:04 . Memory (MB): peak = 2218.824 ; gain = 535.438 ; free physical = 2389 ; free virtual = 7080
---------------------------------------------------------------------------------
Netlist sorting complete. Time (s): cpu = 00:00:00.01 ; elapsed = 00:00:00.01 . Memory (MB): peak = 2218.824 ; gain = 0.000 ; free physical = 2389 ; free virtual = 7080
INFO: [Project 1-570] Preparing netlist for logic optimization

Processing XDC Constraints
Initializing timing engine
Completed Processing XDC Constraints

Netlist sorting complete. Time (s): cpu = 00:00:00 ; elapsed = 00:00:00 . Memory (MB): peak = 2311.562 ; gain = 0.000 ; free physical = 2378 ; free virtual = 7069
INFO: [Project 1-111] Unisim Transformation Summary:
No Unisim elements were transformed.

Constraint Validation Runtime : Time (s): cpu = 00:00:00.01 ; elapsed = 00:00:00.01 . Memory (MB): peak = 2311.598 ; gain = 0.000 ; free physical = 2370 ; free virtual = 7061
INFO: [Designutils 20-5008] Incremental synthesis strategy off
---------------------------------------------------------------------------------
Finished Constraint Validation : Time (s): cpu = 00:00:08 ; elapsed = 00:00:09 . Memory (MB): peak = 2311.598 ; gain = 628.211 ; free physical = 2308 ; free virtual = 7002
---------------------------------------------------------------------------------
---------------------------------------------------------------------------------
Start Loading Part and Timing Information
---------------------------------------------------------------------------------
Loading part: xc7z020clg400-2
---------------------------------------------------------------------------------
Finished Loading Part and Timing Information : Time (s): cpu = 00:00:08 ; elapsed = 00:00:09 . Memory (MB): peak = 2319.566 ; gain = 636.180 ; free physical = 2308 ; free virtual = 7002
---------------------------------------------------------------------------------
---------------------------------------------------------------------------------
Start Applying 'set_property' XDC Constraints
---------------------------------------------------------------------------------
---------------------------------------------------------------------------------
Finished applying 'set_property' XDC Constraints : Time (s): cpu = 00:00:08 ; elapsed = 00:00:09 . Memory (MB): peak = 2319.566 ; gain = 636.180 ; free physical = 2308 ; free virtual = 7002
---------------------------------------------------------------------------------
---------------------------------------------------------------------------------
Finished RTL Optimization Phase 2 : Time (s): cpu = 00:00:08 ; elapsed = 00:00:09 . Memory (MB): peak = 2319.566 ; gain = 636.180 ; free physical = 2302 ; free virtual = 6996
---------------------------------------------------------------------------------
---------------------------------------------------------------------------------
Start RTL Component Statistics 
---------------------------------------------------------------------------------
Detailed RTL Component Info : 
+---Registers : 
	               32 Bit    Registers := 1     
	                1 Bit    Registers := 6     
+---Muxes : 
	   2 Input   32 Bit        Muxes := 2     
	   2 Input    2 Bit        Muxes := 2     
	   2 Input    1 Bit        Muxes := 4     
---------------------------------------------------------------------------------
Finished RTL Component Statistics 
---------------------------------------------------------------------------------
---------------------------------------------------------------------------------
Start Part Resource Summary
---------------------------------------------------------------------------------
Part Resources:
DSPs: 220 (col length:60)
BRAMs: 280 (col length: RAMB18 60 RAMB36 30)
---------------------------------------------------------------------------------
Finished Part Resource Summary
---------------------------------------------------------------------------------
---------------------------------------------------------------------------------
Start Cross Boundary and Area Optimization
---------------------------------------------------------------------------------
WARNING: [Synth 8-7080] Parallel synthesis criteria is not met
INFO: [Synth 8-3917] design design_1_axil2reg_0_0 has port s_axil_rresp[0] driven by constant 0
INFO: [Synth 8-3917] design design_1_axil2reg_0_0 has port s_axil_bresp[0] driven by constant 0
WARNING: [Synth 8-7129] Port s_axil_arprot[2] in module design_1_axil2reg_0_0 is either unconnected or has no load
WARNING: [Synth 8-7129] Port s_axil_arprot[1] in module design_1_axil2reg_0_0 is either unconnected or has no load
WARNING: [Synth 8-7129] Port s_axil_arprot[0] in module design_1_axil2reg_0_0 is either unconnected or has no load
WARNING: [Synth 8-7129] Port s_axil_awprot[2] in module design_1_axil2reg_0_0 is either unconnected or has no load
WARNING: [Synth 8-7129] Port s_axil_awprot[1] in module design_1_axil2reg_0_0 is either unconnected or has no load
WARNING: [Synth 8-7129] Port s_axil_awprot[0] in module design_1_axil2reg_0_0 is either unconnected or has no load
---------------------------------------------------------------------------------
Finished Cross Boundary and Area Optimization : Time (s): cpu = 00:00:09 ; elapsed = 00:00:10 . Memory (MB): peak = 2319.566 ; gain = 636.180 ; free physical = 2301 ; free virtual = 6995
---------------------------------------------------------------------------------
---------------------------------------------------------------------------------
Start Applying XDC Timing Constraints
---------------------------------------------------------------------------------
---------------------------------------------------------------------------------
Finished Applying XDC Timing Constraints : Time (s): cpu = 00:00:13 ; elapsed = 00:00:13 . Memory (MB): peak = 2384.566 ; gain = 701.180 ; free physical = 1728 ; free virtual = 6424
---------------------------------------------------------------------------------
---------------------------------------------------------------------------------
Start Timing Optimization
---------------------------------------------------------------------------------
---------------------------------------------------------------------------------
Finished Timing Optimization : Time (s): cpu = 00:00:13 ; elapsed = 00:00:13 . Memory (MB): peak = 2384.566 ; gain = 701.180 ; free physical = 1728 ; free virtual = 6424
---------------------------------------------------------------------------------
---------------------------------------------------------------------------------
Start Technology Mapping
---------------------------------------------------------------------------------
---------------------------------------------------------------------------------
Finished Technology Mapping : Time (s): cpu = 00:00:13 ; elapsed = 00:00:13 . Memory (MB): peak = 2394.582 ; gain = 711.195 ; free physical = 1720 ; free virtual = 6416
---------------------------------------------------------------------------------
---------------------------------------------------------------------------------
Start IO Insertion
---------------------------------------------------------------------------------
---------------------------------------------------------------------------------
Start Flattening Before IO Insertion
---------------------------------------------------------------------------------
---------------------------------------------------------------------------------
Finished Flattening Before IO Insertion
---------------------------------------------------------------------------------
---------------------------------------------------------------------------------
Start Final Netlist Cleanup
---------------------------------------------------------------------------------
---------------------------------------------------------------------------------
Finished Final Netlist Cleanup
---------------------------------------------------------------------------------
---------------------------------------------------------------------------------
Finished IO Insertion : Time (s): cpu = 00:00:15 ; elapsed = 00:00:16 . Memory (MB): peak = 2569.395 ; gain = 886.008 ; free physical = 1519 ; free virtual = 6216
---------------------------------------------------------------------------------
---------------------------------------------------------------------------------
Start Renaming Generated Instances
---------------------------------------------------------------------------------
---------------------------------------------------------------------------------
Finished Renaming Generated Instances : Time (s): cpu = 00:00:15 ; elapsed = 00:00:16 . Memory (MB): peak = 2569.395 ; gain = 886.008 ; free physical = 1519 ; free virtual = 6216
---------------------------------------------------------------------------------
---------------------------------------------------------------------------------
Start Rebuilding User Hierarchy
---------------------------------------------------------------------------------
---------------------------------------------------------------------------------
Finished Rebuilding User Hierarchy : Time (s): cpu = 00:00:15 ; elapsed = 00:00:16 . Memory (MB): peak = 2569.395 ; gain = 886.008 ; free physical = 1519 ; free virtual = 6216
---------------------------------------------------------------------------------
---------------------------------------------------------------------------------
Start Renaming Generated Ports
---------------------------------------------------------------------------------
---------------------------------------------------------------------------------
Finished Renaming Generated Ports : Time (s): cpu = 00:00:15 ; elapsed = 00:00:16 . Memory (MB): peak = 2569.395 ; gain = 886.008 ; free physical = 1519 ; free virtual = 6216
---------------------------------------------------------------------------------
---------------------------------------------------------------------------------
Start Handling Custom Attributes
---------------------------------------------------------------------------------
---------------------------------------------------------------------------------
Finished Handling Custom Attributes : Time (s): cpu = 00:00:15 ; elapsed = 00:00:16 . Memory (MB): peak = 2569.395 ; gain = 886.008 ; free physical = 1519 ; free virtual = 6216
---------------------------------------------------------------------------------
---------------------------------------------------------------------------------
Start Renaming Generated Nets
---------------------------------------------------------------------------------
---------------------------------------------------------------------------------
Finished Renaming Generated Nets : Time (s): cpu = 00:00:15 ; elapsed = 00:00:16 . Memory (MB): peak = 2569.395 ; gain = 886.008 ; free physical = 1519 ; free virtual = 6216
---------------------------------------------------------------------------------
---------------------------------------------------------------------------------
Start Writing Synthesis Report
---------------------------------------------------------------------------------

Report BlackBoxes: 
+-+--------------+----------+
| |BlackBox name |Instances |
+-+--------------+----------+
+-+--------------+----------+

Report Cell Usage: 
+------+-----+------+
|      |Cell |Count |
+------+-----+------+
|1     |LUT1 |     3|
|2     |LUT2 |     3|
|3     |LUT3 |    37|
|4     |LUT4 |     1|
|5     |FDCE |     2|
|6     |FDPE |     2|
|7     |FDRE |    34|
+------+-----+------+
---------------------------------------------------------------------------------
Finished Writing Synthesis Report : Time (s): cpu = 00:00:15 ; elapsed = 00:00:16 . Memory (MB): peak = 2569.395 ; gain = 886.008 ; free physical = 1519 ; free virtual = 6216
---------------------------------------------------------------------------------
Synthesis finished with 0 errors, 0 critical warnings and 7 warnings.
Synthesis Optimization Runtime : Time (s): cpu = 00:00:14 ; elapsed = 00:00:15 . Memory (MB): peak = 2569.395 ; gain = 793.234 ; free physical = 1513 ; free virtual = 6210
Synthesis Optimization Complete : Time (s): cpu = 00:00:15 ; elapsed = 00:00:16 . Memory (MB): peak = 2569.402 ; gain = 886.008 ; free physical = 1513 ; free virtual = 6210
INFO: [Project 1-571] Translating synthesized netlist
Netlist sorting complete. Time (s): cpu = 00:00:00 ; elapsed = 00:00:00 . Memory (MB): peak = 2569.402 ; gain = 0.000 ; free physical = 1650 ; free virtual = 6347
INFO: [Project 1-570] Preparing netlist for logic optimization
INFO: [Opt 31-138] Pushed 0 inverter(s) to 0 load pin(s).
Netlist sorting complete. Time (s): cpu = 00:00:00 ; elapsed = 00:00:00 . Memory (MB): peak = 2625.422 ; gain = 0.000 ; free physical = 1816 ; free virtual = 6512
INFO: [Project 1-111] Unisim Transformation Summary:
No Unisim elements were transformed.

Synth Design complete | Checksum: 8e9fbfc6
INFO: [Common 17-83] Releasing license: Synthesis
26 Infos, 13 Warnings, 0 Critical Warnings and 0 Errors encountered.
synth_design completed successfully
synth_design: Time (s): cpu = 00:00:22 ; elapsed = 00:00:21 . Memory (MB): peak = 2625.457 ; gain = 1122.805 ; free physical = 1815 ; free virtual = 6510
INFO: [Common 17-2834] synth_design peak Physical Memory [PSS] (MB): overall = 1563.062; main = 1563.062; forked = 200.511
INFO: [Common 17-2834] synth_design peak Virtual Memory [VSS] (MB): overall = 3282.199; main = 2625.426; forked = 962.629
INFO: [Coretcl 2-1174] Renamed 3 cell refs.
Write ShapeDB Complete: Time (s): cpu = 00:00:00 ; elapsed = 00:00:00 . Memory (MB): peak = 2649.434 ; gain = 0.000 ; free physical = 1807 ; free virtual = 6504
INFO: [Common 17-1381] The checkpoint '/home/ilya/drec-fpga-intro/problems/2026/09_ps7_axil_led/fpga/fpga.runs/design_1_axil2reg_0_0_synth_1/design_1_axil2reg_0_0.dcp' has been generated.
INFO: [Vivado 12-24828] Executing command : report_utilization -file design_1_axil2reg_0_0_utilization_synth.rpt -pb design_1_axil2reg_0_0_utilization_synth.pb
INFO: [Common 17-206] Exiting Vivado at Fri May 15 15:33:10 2026...
