------------------------------------------------------------
Timing Analyzer Summary
------------------------------------------------------------

Type  : Slow 1200mV 85C Model Setup 'CLK'
Slack : -2.517
TNS   : -340.637

Type  : Slow 1200mV 85C Model Hold 'CLK'
Slack : 0.447
TNS   : 0.000

Type  : Slow 1200mV 85C Model Recovery 'CLK'
Slack : 14.769
TNS   : 0.000

Type  : Slow 1200mV 85C Model Removal 'CLK'
Slack : 1.130
TNS   : 0.000

Type  : Slow 1200mV 85C Model Minimum Pulse Width 'CLK'
Slack : 9.571
TNS   : 0.000

Type  : Slow 1200mV 0C Model Setup 'CLK'
Slack : -1.195
TNS   : -57.803

Type  : Slow 1200mV 0C Model Hold 'CLK'
Slack : 0.399
TNS   : 0.000

Type  : Slow 1200mV 0C Model Recovery 'CLK'
Slack : 15.058
TNS   : 0.000

Type  : Slow 1200mV 0C Model Removal 'CLK'
Slack : 1.036
TNS   : 0.000

Type  : Slow 1200mV 0C Model Minimum Pulse Width 'CLK'
Slack : 9.488
TNS   : 0.000

Type  : Fast 1200mV 0C Model Setup 'CLK'
Slack : 10.354
TNS   : 0.000

Type  : Fast 1200mV 0C Model Hold 'CLK'
Slack : 0.187
TNS   : 0.000

Type  : Fast 1200mV 0C Model Recovery 'CLK'
Slack : 17.621
TNS   : 0.000

Type  : Fast 1200mV 0C Model Removal 'CLK'
Slack : 0.482
TNS   : 0.000

Type  : Fast 1200mV 0C Model Minimum Pulse Width 'CLK'
Slack : 9.378
TNS   : 0.000

------------------------------------------------------------
