Flow report for fpga
Wed May 21 19:47:07 2025
Quartus Prime Version 23.1std.1 Build 993 05/14/2024 SC Lite Edition


---------------------
; Table of Contents ;
---------------------
  1. EDA Netlist Writer Summary
  2. Legal Notice
  3. Flow Summary
  4. Flow Settings
  5. Flow Non-Default Global Settings
  6. Flow Elapsed Time
  7. Flow OS Summary
  8. Flow Log
  9. Flow Messages
 10. Flow Suppressed Messages



+-------------------------------------------------------------------+
; EDA Netlist Writer Summary                                        ;
+---------------------------+---------------------------------------+
; EDA Netlist Writer Status ; Successful - Wed May 21 19:47:07 2025 ;
; Revision Name             ; fpga                                  ;
; Top-level Entity Name     ; fpga_top                              ;
; Family                    ; Cyclone IV E                          ;
; Simulation Files Creation ; Successful                            ;
+---------------------------+---------------------------------------+


----------------
; Legal Notice ;
----------------
Copyright (C) 2024  Intel Corporation. All rights reserved.
Your use of Intel Corporation's design tools, logic functions 
and other software and tools, and any partner logic 
functions, and any output files from any of the foregoing 
(including device programming or simulation files), and any 
associated documentation or information are expressly subject 
to the terms and conditions of the Intel Program License 
Subscription Agreement, the Intel Quartus Prime License Agreement,
the Intel FPGA IP License Agreement, or other applicable license
agreement, including, without limitation, that your use is for
the sole purpose of programming logic devices manufactured by
Intel and sold by Intel or its authorized distributors.  Please
refer to the applicable agreement for further details, at
https://fpgasoftware.intel.com/eula.



+-------------------------------------------------------------------------------------+
; Flow Summary                                                                        ;
+------------------------------------+------------------------------------------------+
; Flow Status                        ; Successful - Wed May 21 19:47:07 2025          ;
; Quartus Prime Version              ; 23.1std.1 Build 993 05/14/2024 SC Lite Edition ;
; Revision Name                      ; fpga                                           ;
; Top-level Entity Name              ; fpga_top                                       ;
; Family                             ; Cyclone IV E                                   ;
; Device                             ; EP4CE15F23C8                                   ;
; Timing Models                      ; Final                                          ;
; Total logic elements               ; 2,819 / 15,408 ( 18 % )                        ;
;     Total combinational functions  ; 2,636 / 15,408 ( 17 % )                        ;
;     Dedicated logic registers      ; 1,092 / 15,408 ( 7 % )                         ;
; Total registers                    ; 1092                                           ;
; Total pins                         ; 6 / 344 ( 2 % )                                ;
; Total virtual pins                 ; 0                                              ;
; Total memory bits                  ; 16,384 / 516,096 ( 3 % )                       ;
; Embedded Multiplier 9-bit elements ; 0 / 112 ( 0 % )                                ;
; Total PLLs                         ; 0 / 4 ( 0 % )                                  ;
+------------------------------------+------------------------------------------------+


+-----------------------------------------+
; Flow Settings                           ;
+-------------------+---------------------+
; Option            ; Setting             ;
+-------------------+---------------------+
; Start date & time ; 05/21/2025 19:46:01 ;
; Main task         ; Compilation         ;
; Revision Name     ; fpga                ;
+-------------------+---------------------+


+-------------------------------------------------------------------------------------------------------------------------------------------+
; Flow Non-Default Global Settings                                                                                                          ;
+---------------------------------------------------+----------------------------------------+---------------+-------------+----------------+
; Assignment Name                                   ; Value                                  ; Default Value ; Entity Name ; Section Id     ;
+---------------------------------------------------+----------------------------------------+---------------+-------------+----------------+
; COMPILER_SIGNATURE_ID                             ; 136824168065780.174784596137488        ; --            ; --          ; --             ;
; EDA_DESIGN_INSTANCE_NAME                          ; fpga_top                               ; --            ; --          ; fpga_top_tb    ;
; EDA_DESIGN_INSTANCE_NAME                          ; cpu_top                                ; --            ; --          ; cpu_top_tb     ;
; EDA_GENERATE_FUNCTIONAL_NETLIST                   ; Off                                    ; --            ; --          ; eda_simulation ;
; EDA_GENERATE_GATE_LEVEL_SIMULATION_COMMAND_SCRIPT ; On                                     ; --            ; --          ; eda_simulation ;
; EDA_GENERATE_RTL_SIMULATION_COMMAND_SCRIPT        ; On                                     ; --            ; --          ; eda_simulation ;
; EDA_NATIVELINK_SIMULATION_TEST_BENCH              ; fpga_top_tb                            ; --            ; --          ; eda_simulation ;
; EDA_OUTPUT_DATA_FORMAT                            ; Verilog Hdl                            ; --            ; --          ; eda_simulation ;
; EDA_SIMULATION_TOOL                               ; Questa Intel FPGA (Verilog)            ; <None>        ; --          ; --             ;
; EDA_TEST_BENCH_DESIGN_INSTANCE_NAME               ; fpga_top                               ; --            ; --          ; eda_simulation ;
; EDA_TEST_BENCH_ENABLE_STATUS                      ; TEST_BENCH_MODE                        ; --            ; --          ; eda_simulation ;
; EDA_TEST_BENCH_FILE                               ; src/fpga_top_tb.v                      ; --            ; --          ; fpga_top_tb    ;
; EDA_TEST_BENCH_FILE                               ; src/cpu_top_tb.v                       ; --            ; --          ; cpu_top_tb     ;
; EDA_TEST_BENCH_MODULE_NAME                        ; fpga_top_tb                            ; --            ; --          ; fpga_top_tb    ;
; EDA_TEST_BENCH_MODULE_NAME                        ; cpu_top_tb                             ; --            ; --          ; cpu_top_tb     ;
; EDA_TEST_BENCH_NAME                               ; fpga_top_tb                            ; --            ; --          ; eda_simulation ;
; EDA_TEST_BENCH_NAME                               ; cpu_top_tb                             ; --            ; --          ; eda_simulation ;
; EDA_TIME_SCALE                                    ; 1 ps                                   ; --            ; --          ; eda_simulation ;
; MAX_CORE_JUNCTION_TEMP                            ; 85                                     ; --            ; --          ; --             ;
; MIN_CORE_JUNCTION_TEMP                            ; 0                                      ; --            ; --          ; --             ;
; NOMINAL_CORE_SUPPLY_VOLTAGE                       ; 1.2V                                   ; --            ; --          ; --             ;
; NUM_PARALLEL_PROCESSORS                           ; All                                    ; --            ; --          ; --             ;
; PARTITION_COLOR                                   ; -- (Not supported for targeted family) ; --            ; fpga_top    ; Top            ;
; PARTITION_FITTER_PRESERVATION_LEVEL               ; -- (Not supported for targeted family) ; --            ; fpga_top    ; Top            ;
; PARTITION_NETLIST_TYPE                            ; -- (Not supported for targeted family) ; --            ; fpga_top    ; Top            ;
; POWER_BOARD_THERMAL_MODEL                         ; None (CONSERVATIVE)                    ; --            ; --          ; --             ;
; POWER_PRESET_COOLING_SOLUTION                     ; 23 MM HEAT SINK WITH 200 LFPM AIRFLOW  ; --            ; --          ; --             ;
; PROJECT_OUTPUT_DIRECTORY                          ; output                                 ; --            ; --          ; --             ;
; TOP_LEVEL_ENTITY                                  ; fpga_top                               ; fpga          ; --          ; --             ;
+---------------------------------------------------+----------------------------------------+---------------+-------------+----------------+


+--------------------------------------------------------------------------------------------------------------------------+
; Flow Elapsed Time                                                                                                        ;
+----------------------+--------------+-------------------------+---------------------+------------------------------------+
; Module Name          ; Elapsed Time ; Average Processors Used ; Peak Virtual Memory ; Total CPU Time (on all processors) ;
+----------------------+--------------+-------------------------+---------------------+------------------------------------+
; Analysis & Synthesis ; 00:00:15     ; 1.0                     ; 408 MB              ; 00:00:27                           ;
; Fitter               ; 00:00:35     ; 1.1                     ; 1008 MB             ; 00:00:47                           ;
; Assembler            ; 00:00:01     ; 1.0                     ; 355 MB              ; 00:00:01                           ;
; Timing Analyzer      ; 00:00:03     ; 1.7                     ; 505 MB              ; 00:00:04                           ;
; EDA Netlist Writer   ; 00:00:05     ; 1.0                     ; 623 MB              ; 00:00:05                           ;
; Total                ; 00:00:59     ; --                      ; --                  ; 00:01:24                           ;
+----------------------+--------------+-------------------------+---------------------+------------------------------------+


+----------------------------------------------------------------------------------------+
; Flow OS Summary                                                                        ;
+----------------------+------------------+----------------+------------+----------------+
; Module Name          ; Machine Hostname ; OS Name        ; OS Version ; Processor type ;
+----------------------+------------------+----------------+------------+----------------+
; Analysis & Synthesis ; ilya-NBR-WAX9    ; Ubuntu 22.04.5 ; 22         ; x86_64         ;
; Fitter               ; ilya-NBR-WAX9    ; Ubuntu 22.04.5 ; 22         ; x86_64         ;
; Assembler            ; ilya-NBR-WAX9    ; Ubuntu 22.04.5 ; 22         ; x86_64         ;
; Timing Analyzer      ; ilya-NBR-WAX9    ; Ubuntu 22.04.5 ; 22         ; x86_64         ;
; EDA Netlist Writer   ; ilya-NBR-WAX9    ; Ubuntu 22.04.5 ; 22         ; x86_64         ;
+----------------------+------------------+----------------+------------+----------------+


------------
; Flow Log ;
------------
quartus_map --read_settings_files=on --write_settings_files=off fpga -c fpga
quartus_fit --read_settings_files=off --write_settings_files=off fpga -c fpga
quartus_asm --read_settings_files=off --write_settings_files=off fpga -c fpga
quartus_sta fpga -c fpga
quartus_eda --read_settings_files=off --write_settings_files=off fpga -c fpga



