Copyright 1986-2022 Xilinx, Inc. All Rights Reserved. Copyright 2022-2025 Advanced Micro Devices, Inc. All Rights Reserved.
---------------------------------------------------------------------------------------------------------------------------------------------
| Tool Version : Vivado v.2025.1 (lin64) Build 6140274 Wed May 21 22:58:25 MDT 2025
| Date         : Fri May 15 21:01:13 2026
| Host         : ilya-B550-GAMING-X-V2 running 64-bit Ubuntu 22.04.5 LTS
| Command      : report_control_sets -verbose -file design_1_wrapper_control_sets_placed.rpt
| Design       : design_1_wrapper
| Device       : xc7z020
---------------------------------------------------------------------------------------------------------------------------------------------

Control Set Information

Table of Contents
-----------------
1. Summary
2. Histogram
3. Flip-Flop Distribution
4. Detailed Control Set Information

1. Summary
----------

+----------------------------------------------------------+-------+
|                          Status                          | Count |
+----------------------------------------------------------+-------+
| Total control sets                                       |    63 |
|    Minimum number of control sets                        |    63 |
|    Addition due to synthesis replication                 |     0 |
|    Addition due to physical synthesis replication        |     0 |
| Unused register locations in slices containing registers |   113 |
+----------------------------------------------------------+-------+
* Control sets can be merged at opt_design using control_set_merge or merge_equivalent_drivers
** Run report_qor_suggestions for automated merging and remapping suggestions


2. Histogram
------------

+--------------------+-------+
|       Fanout       | Count |
+--------------------+-------+
| Total control sets |    63 |
| >= 0 to < 4        |     3 |
| >= 4 to < 6        |     6 |
| >= 6 to < 8        |     1 |
| >= 8 to < 10       |     5 |
| >= 10 to < 12      |     1 |
| >= 12 to < 14      |     1 |
| >= 14 to < 16      |     2 |
| >= 16              |    44 |
+--------------------+-------+
* Control sets can be remapped at either synth_design or opt_design


3. Flip-Flop Distribution
-------------------------

+--------------+-----------------------+------------------------+-----------------+--------------+
| Clock Enable | Synchronous Set/Reset | Asynchronous Set/Reset | Total Registers | Total Slices |
+--------------+-----------------------+------------------------+-----------------+--------------+
| No           | No                    | No                     |             110 |           36 |
| No           | No                    | Yes                    |               2 |            2 |
| No           | Yes                   | No                     |              22 |           13 |
| Yes          | No                    | No                     |             299 |           92 |
| Yes          | No                    | Yes                    |            1705 |          835 |
| Yes          | Yes                   | No                     |              29 |           10 |
+--------------+-----------------------+------------------------+-----------------+--------------+


4. Detailed Control Set Information
-----------------------------------

+-------------------------------------------------+-------------------------------------------------------------------------------------------------------------------------------------------------+----------------------------------------------------------------------------------------------------------------------------------------+------------------+----------------+--------------+
|                   Clock Signal                  |                                                                  Enable Signal                                                                  |                                                            Set/Reset Signal                                                            | Slice Load Count | Bel Load Count | Bels / Slice |
+-------------------------------------------------+-------------------------------------------------------------------------------------------------------------------------------------------------+----------------------------------------------------------------------------------------------------------------------------------------+------------------+----------------+--------------+
|  design_1_i/processing_system7_0/inst/FCLK_CLK0 | design_1_i/axi_protocol_convert_0/inst/gen_axilite.gen_b2s_conv.axilite_b2s/WR.aw_channel_0/aw_cmd_fsm_0/FSM_sequential_state_reg[0]_1          | design_1_i/axi_protocol_convert_0/inst/gen_axilite.gen_b2s_conv.axilite_b2s/WR.aw_channel_0/aw_cmd_fsm_0/FSM_sequential_state_reg[0]_0 |                1 |              1 |         1.00 |
|  design_1_i/processing_system7_0/inst/FCLK_CLK0 |                                                                                                                                                 | design_1_i/syst_array_axil_0/inst/idle_i_2_n_0                                                                                         |                2 |              2 |         1.00 |
|  design_1_i/processing_system7_0/inst/FCLK_CLK0 | design_1_i/axi_protocol_convert_0/inst/gen_axilite.gen_b2s_conv.axilite_b2s/WR.b_channel_0/bid_fifo_0/sel                                       |                                                                                                                                        |                1 |              2 |         2.00 |
|  design_1_i/processing_system7_0/inst/FCLK_CLK0 |                                                                                                                                                 | design_1_i/axi_protocol_convert_0/inst/gen_axilite.gen_b2s_conv.axilite_b2s/SI_REG/aw.aw_pipe/aresetn_d_reg[0]_0                       |                2 |              4 |         2.00 |
|  design_1_i/processing_system7_0/inst/FCLK_CLK0 | design_1_i/axi_protocol_convert_0/inst/gen_axilite.gen_b2s_conv.axilite_b2s/RD.ar_channel_0/ar_cmd_fsm_0/m_axi_arready_2                        | design_1_i/axi_protocol_convert_0/inst/gen_axilite.gen_b2s_conv.axilite_b2s/RD.ar_channel_0/ar_cmd_fsm_0/FSM_sequential_state_reg[1]_0 |                2 |              4 |         2.00 |
|  design_1_i/processing_system7_0/inst/FCLK_CLK0 |                                                                                                                                                 | design_1_i/proc_sys_reset_0/U0/EXT_LPF/lpf_int                                                                                         |                2 |              4 |         2.00 |
|  design_1_i/processing_system7_0/inst/FCLK_CLK0 |                                                                                                                                                 | design_1_i/axi_protocol_convert_0/inst/gen_axilite.gen_b2s_conv.axilite_b2s/SI_REG/aw.aw_pipe/aresetn_d_reg[1]_inv_0                   |                3 |              4 |         1.33 |
|  design_1_i/processing_system7_0/inst/FCLK_CLK0 | design_1_i/axi_protocol_convert_0/inst/gen_axilite.gen_b2s_conv.axilite_b2s/RD.r_channel_0/transaction_fifo_0/cnt_read[4]_i_1_n_0               | design_1_i/axi_protocol_convert_0/inst/gen_axilite.gen_b2s_conv.axilite_b2s/areset_d1                                                  |                2 |              5 |         2.50 |
|  design_1_i/processing_system7_0/inst/FCLK_CLK0 | design_1_i/axi_protocol_convert_0/inst/gen_axilite.gen_b2s_conv.axilite_b2s/RD.r_channel_0/rd_data_fifo_0/cnt_read[4]_i_1__0_n_0                | design_1_i/axi_protocol_convert_0/inst/gen_axilite.gen_b2s_conv.axilite_b2s/areset_d1                                                  |                1 |              5 |         5.00 |
|  design_1_i/processing_system7_0/inst/FCLK_CLK0 | design_1_i/proc_sys_reset_0/U0/SEQ/seq_cnt_en                                                                                                   | design_1_i/proc_sys_reset_0/U0/SEQ/SEQ_COUNTER/clear                                                                                   |                1 |              6 |         6.00 |
|  design_1_i/processing_system7_0/inst/FCLK_CLK0 | design_1_i/axi_protocol_convert_0/inst/gen_axilite.gen_b2s_conv.axilite_b2s/WR.aw_channel_0/aw_cmd_fsm_0/m_valid_i_reg[0]                       |                                                                                                                                        |                3 |              8 |         2.67 |
|  design_1_i/processing_system7_0/inst/FCLK_CLK0 | design_1_i/axi_protocol_convert_0/inst/gen_axilite.gen_b2s_conv.axilite_b2s/WR.b_channel_0/mhandshake_r                                         | design_1_i/axi_protocol_convert_0/inst/gen_axilite.gen_b2s_conv.axilite_b2s/WR.b_channel_0/bid_fifo_0/SR[0]                            |                3 |              8 |         2.67 |
|  design_1_i/processing_system7_0/inst/FCLK_CLK0 | design_1_i/axi_protocol_convert_0/inst/gen_axilite.gen_b2s_conv.axilite_b2s/RD.ar_channel_0/ar_cmd_fsm_0/E[0]                                   |                                                                                                                                        |                5 |              8 |         1.60 |
|  design_1_i/processing_system7_0/inst/FCLK_CLK0 | design_1_i/axi_protocol_convert_0/inst/gen_axilite.gen_b2s_conv.axilite_b2s/WR.aw_channel_0/cmd_translator_0/incr_cmd_0/axaddr_incr[11]_i_1_n_0 |                                                                                                                                        |                1 |              8 |         8.00 |
|  design_1_i/processing_system7_0/inst/FCLK_CLK0 | design_1_i/axi_protocol_convert_0/inst/gen_axilite.gen_b2s_conv.axilite_b2s/RD.ar_channel_0/ar_cmd_fsm_0/sel_first_reg[0]                       |                                                                                                                                        |                2 |              8 |         4.00 |
|  design_1_i/processing_system7_0/inst/FCLK_CLK0 |                                                                                                                                                 | design_1_i/axi_protocol_convert_0/inst/gen_axilite.gen_b2s_conv.axilite_b2s/areset_d1                                                  |                6 |             10 |         1.67 |
|  design_1_i/processing_system7_0/inst/FCLK_CLK0 | design_1_i/axi_protocol_convert_0/inst/gen_axilite.gen_b2s_conv.axilite_b2s/RD.r_channel_0/r_push_r                                             |                                                                                                                                        |                5 |             13 |         2.60 |
|  design_1_i/processing_system7_0/inst/FCLK_CLK0 | design_1_i/axi_protocol_convert_0/inst/gen_axilite.gen_b2s_conv.axilite_b2s/SI_REG/b.b_pipe/s_ready_i_reg_0                                     |                                                                                                                                        |                4 |             14 |         3.50 |
|  design_1_i/processing_system7_0/inst/FCLK_CLK0 | design_1_i/axi_protocol_convert_0/inst/gen_axilite.gen_b2s_conv.axilite_b2s/SI_REG/b.b_pipe/p_1_in                                              |                                                                                                                                        |                4 |             14 |         3.50 |
|  design_1_i/processing_system7_0/inst/FCLK_CLK0 | design_1_i/axi_protocol_convert_0/inst/gen_axilite.gen_b2s_conv.axilite_b2s/WR.aw_channel_0/aw_cmd_fsm_0/m_axi_awready_0                        |                                                                                                                                        |                3 |             16 |         5.33 |
|  design_1_i/processing_system7_0/inst/FCLK_CLK0 | design_1_i/axi_protocol_convert_0/inst/gen_axilite.gen_b2s_conv.axilite_b2s/RD.ar_channel_0/ar_cmd_fsm_0/m_axi_arready_2                        |                                                                                                                                        |                8 |             17 |         2.12 |
|  design_1_i/processing_system7_0/inst/FCLK_CLK0 | design_1_i/axi_protocol_convert_0/inst/gen_axilite.gen_b2s_conv.axilite_b2s/WR.aw_channel_0/aw_cmd_fsm_0/FSM_sequential_state_reg[0]_1          |                                                                                                                                        |                8 |             20 |         2.50 |
|  design_1_i/processing_system7_0/inst/FCLK_CLK0 | design_1_i/axi_protocol_convert_0/inst/gen_axilite.gen_b2s_conv.axilite_b2s/WR.aw_channel_0/aw_cmd_fsm_0/E[0]                                   |                                                                                                                                        |                8 |             28 |         3.50 |
|  design_1_i/processing_system7_0/inst/FCLK_CLK0 | design_1_i/axi_protocol_convert_0/inst/gen_axilite.gen_b2s_conv.axilite_b2s/SI_REG/ar.ar_pipe/s_ready_i_reg_0                                   |                                                                                                                                        |                9 |             28 |         3.11 |
|  design_1_i/processing_system7_0/inst/FCLK_CLK0 | design_1_i/axi_protocol_convert_0/inst/gen_axilite.gen_b2s_conv.axilite_b2s/SI_REG/aw.aw_pipe/s_ready_i_reg_0                                   |                                                                                                                                        |                8 |             28 |         3.50 |
|  design_1_i/processing_system7_0/inst/FCLK_CLK0 | design_1_i/axi_protocol_convert_0/inst/gen_axilite.gen_b2s_conv.axilite_b2s/RD.ar_channel_0/ar_cmd_fsm_0/m_valid_i_reg[0]                       |                                                                                                                                        |               10 |             28 |         2.80 |
|  design_1_i/processing_system7_0/inst/FCLK_CLK0 | design_1_i/axi_protocol_convert_0/inst/gen_axilite.gen_b2s_conv.axilite_b2s/RD.r_channel_0/rd_data_fifo_0/wr_en0                                |                                                                                                                                        |                9 |             32 |         3.56 |
|  design_1_i/processing_system7_0/inst/FCLK_CLK0 | design_1_i/syst_array_axil_0/inst/u_syst_array_axil/u_axil_wr/s_axil_awaddr[3]_19[0]                                                            | design_1_i/syst_array_axil_0/inst/idle_i_2_n_0                                                                                         |               12 |             32 |         2.67 |
|  design_1_i/processing_system7_0/inst/FCLK_CLK0 | design_1_i/syst_array_axil_0/inst/u_syst_array_axil/u_axil_wr/s_axil_awaddr[3]_17[0]                                                            | design_1_i/syst_array_axil_0/inst/idle_i_2_n_0                                                                                         |               15 |             32 |         2.13 |
|  design_1_i/processing_system7_0/inst/FCLK_CLK0 | design_1_i/syst_array_axil_0/inst/u_syst_array_axil/u_axil_wr/s_axil_awaddr[3]_16[0]                                                            | design_1_i/syst_array_axil_0/inst/idle_i_2_n_0                                                                                         |               17 |             32 |         1.88 |
|  design_1_i/processing_system7_0/inst/FCLK_CLK0 | design_1_i/syst_array_axil_0/inst/u_syst_array_axil/u_axil_wr/s_axil_awaddr[3]_15[0]                                                            | design_1_i/syst_array_axil_0/inst/idle_i_2_n_0                                                                                         |               16 |             32 |         2.00 |
|  design_1_i/processing_system7_0/inst/FCLK_CLK0 | design_1_i/syst_array_axil_0/inst/u_syst_array_axil/u_axil_wr/s_axil_awaddr[3]_13[0]                                                            | design_1_i/syst_array_axil_0/inst/idle_i_2_n_0                                                                                         |               17 |             32 |         1.88 |
|  design_1_i/processing_system7_0/inst/FCLK_CLK0 | design_1_i/syst_array_axil_0/inst/u_syst_array_axil/u_axil_wr/s_axil_awaddr[3]_12[0]                                                            | design_1_i/syst_array_axil_0/inst/idle_i_2_n_0                                                                                         |               14 |             32 |         2.29 |
|  design_1_i/processing_system7_0/inst/FCLK_CLK0 | design_1_i/syst_array_axil_0/inst/u_syst_array_axil/u_axil_wr/s_axil_awaddr[3]_10[0]                                                            | design_1_i/syst_array_axil_0/inst/idle_i_2_n_0                                                                                         |               20 |             32 |         1.60 |
|  design_1_i/processing_system7_0/inst/FCLK_CLK0 | design_1_i/syst_array_axil_0/inst/u_syst_array_axil/u_axil_wr/s_axil_awaddr[3]_11[0]                                                            | design_1_i/syst_array_axil_0/inst/idle_i_2_n_0                                                                                         |               15 |             32 |         2.13 |
|  design_1_i/processing_system7_0/inst/FCLK_CLK0 | design_1_i/syst_array_axil_0/inst/u_syst_array_axil/u_axil_wr/s_axil_awaddr[0]_0[0]                                                             | design_1_i/syst_array_axil_0/inst/idle_i_2_n_0                                                                                         |               13 |             32 |         2.46 |
|  design_1_i/processing_system7_0/inst/FCLK_CLK0 | design_1_i/syst_array_axil_0/inst/u_syst_array_axil/u_axil_wr/s_axil_awaddr[3]_18[0]                                                            | design_1_i/syst_array_axil_0/inst/idle_i_2_n_0                                                                                         |               10 |             32 |         3.20 |
|  design_1_i/processing_system7_0/inst/FCLK_CLK0 | design_1_i/syst_array_axil_0/inst/u_syst_array_axil/u_axil_wr/s_axil_awaddr[2]_5[0]                                                             | design_1_i/syst_array_axil_0/inst/idle_i_2_n_0                                                                                         |               15 |             32 |         2.13 |
|  design_1_i/processing_system7_0/inst/FCLK_CLK0 | design_1_i/syst_array_axil_0/inst/u_syst_array_axil/u_axil_wr/s_axil_awaddr[2]_4[0]                                                             | design_1_i/syst_array_axil_0/inst/idle_i_2_n_0                                                                                         |               11 |             32 |         2.91 |
|  design_1_i/processing_system7_0/inst/FCLK_CLK0 | design_1_i/syst_array_axil_0/inst/u_syst_array_axil/u_axil_wr/s_axil_awaddr[2]_6[0]                                                             | design_1_i/syst_array_axil_0/inst/idle_i_2_n_0                                                                                         |               11 |             32 |         2.91 |
|  design_1_i/processing_system7_0/inst/FCLK_CLK0 | design_1_i/syst_array_axil_0/inst/u_syst_array_axil/u_axil_wr/E[0]                                                                              | design_1_i/syst_array_axil_0/inst/idle_i_2_n_0                                                                                         |               24 |             32 |         1.33 |
|  design_1_i/processing_system7_0/inst/FCLK_CLK0 | design_1_i/syst_array_axil_0/inst/u_syst_array_axil/u_axil_wr/s_axil_awaddr[2]_3[0]                                                             | design_1_i/syst_array_axil_0/inst/idle_i_2_n_0                                                                                         |               18 |             32 |         1.78 |
|  design_1_i/processing_system7_0/inst/FCLK_CLK0 | design_1_i/syst_array_axil_0/inst/u_syst_array_axil/u_axil_wr/s_axil_awaddr[3]_14[0]                                                            | design_1_i/syst_array_axil_0/inst/idle_i_2_n_0                                                                                         |                9 |             32 |         3.56 |
|  design_1_i/processing_system7_0/inst/FCLK_CLK0 | design_1_i/syst_array_axil_0/inst/u_syst_array_axil/u_axil_wr/s_axil_awaddr[3]_0                                                                | design_1_i/syst_array_axil_0/inst/idle_i_2_n_0                                                                                         |               29 |             39 |         1.34 |
|  design_1_i/processing_system7_0/inst/FCLK_CLK0 | design_1_i/syst_array_axil_0/inst/u_syst_array_axil/u_axil_wr/s_axil_awaddr[2]_2                                                                | design_1_i/syst_array_axil_0/inst/idle_i_2_n_0                                                                                         |               22 |             39 |         1.77 |
|  design_1_i/processing_system7_0/inst/FCLK_CLK0 | design_1_i/syst_array_axil_0/inst/u_syst_array_axil/u_axil_wr/s_axil_awaddr[3]_7                                                                | design_1_i/syst_array_axil_0/inst/idle_i_2_n_0                                                                                         |               30 |             39 |         1.30 |
|  design_1_i/processing_system7_0/inst/FCLK_CLK0 | design_1_i/syst_array_axil_0/inst/u_syst_array_axil/u_axil_wr/s_axil_awaddr_2_sn_1                                                              | design_1_i/syst_array_axil_0/inst/idle_i_2_n_0                                                                                         |               29 |             39 |         1.34 |
|  design_1_i/processing_system7_0/inst/FCLK_CLK0 | design_1_i/syst_array_axil_0/inst/u_syst_array_axil/u_axil_wr/s_axil_awaddr[3]_8                                                                | design_1_i/syst_array_axil_0/inst/idle_i_2_n_0                                                                                         |               28 |             39 |         1.39 |
|  design_1_i/processing_system7_0/inst/FCLK_CLK0 | design_1_i/syst_array_axil_0/inst/u_syst_array_axil/u_axil_wr/s_axil_awaddr[3]_9                                                                | design_1_i/syst_array_axil_0/inst/idle_i_2_n_0                                                                                         |               21 |             39 |         1.86 |
|  design_1_i/processing_system7_0/inst/FCLK_CLK0 | design_1_i/syst_array_axil_0/inst/u_syst_array_axil/u_axil_wr/s_axil_awaddr_0_sn_1                                                              | design_1_i/syst_array_axil_0/inst/idle_i_2_n_0                                                                                         |               31 |             39 |         1.26 |
|  design_1_i/processing_system7_0/inst/FCLK_CLK0 | design_1_i/syst_array_axil_0/inst/u_syst_array_axil/u_axil_wr/s_axil_awaddr_3_sn_1                                                              | design_1_i/syst_array_axil_0/inst/idle_i_2_n_0                                                                                         |               28 |             39 |         1.39 |
|  design_1_i/processing_system7_0/inst/FCLK_CLK0 | design_1_i/axi_protocol_convert_0/inst/gen_axilite.gen_b2s_conv.axilite_b2s/SI_REG/r.r_pipe/s_ready_i_reg_0                                     |                                                                                                                                        |               11 |             45 |         4.09 |
|  design_1_i/processing_system7_0/inst/FCLK_CLK0 | design_1_i/axi_protocol_convert_0/inst/gen_axilite.gen_b2s_conv.axilite_b2s/SI_REG/r.r_pipe/p_1_in                                              |                                                                                                                                        |               11 |             45 |         4.09 |
|  design_1_i/processing_system7_0/inst/FCLK_CLK0 | design_1_i/syst_array_axil_0/inst/u_syst_array_axil/u_axil_wr/s_axil_awaddr[2]_0                                                                | design_1_i/syst_array_axil_0/inst/idle_i_2_n_0                                                                                         |               35 |             46 |         1.31 |
|  design_1_i/processing_system7_0/inst/FCLK_CLK0 | design_1_i/syst_array_axil_0/inst/u_syst_array_axil/u_axil_wr/s_axil_awaddr[3]_4                                                                | design_1_i/syst_array_axil_0/inst/idle_i_2_n_0                                                                                         |               32 |             46 |         1.44 |
|  design_1_i/processing_system7_0/inst/FCLK_CLK0 | design_1_i/syst_array_axil_0/inst/u_syst_array_axil/u_axil_wr/s_axil_awaddr[2]_1                                                                | design_1_i/syst_array_axil_0/inst/idle_i_2_n_0                                                                                         |               29 |             46 |         1.59 |
|  design_1_i/processing_system7_0/inst/FCLK_CLK0 | design_1_i/syst_array_axil_0/inst/u_syst_array_axil/u_axil_wr/s_axil_awaddr[3]_6                                                                | design_1_i/syst_array_axil_0/inst/idle_i_2_n_0                                                                                         |               28 |             46 |         1.64 |
|  design_1_i/processing_system7_0/inst/FCLK_CLK0 | design_1_i/syst_array_axil_0/inst/u_syst_array_axil/u_axil_wr/s_axil_awaddr[3]_1                                                                | design_1_i/syst_array_axil_0/inst/idle_i_2_n_0                                                                                         |               33 |             46 |         1.39 |
|  design_1_i/processing_system7_0/inst/FCLK_CLK0 | design_1_i/syst_array_axil_0/inst/u_syst_array_axil/u_axil_wr/s_axil_awaddr[3]_2                                                                | design_1_i/syst_array_axil_0/inst/idle_i_2_n_0                                                                                         |               35 |             46 |         1.31 |
|  design_1_i/processing_system7_0/inst/FCLK_CLK0 | design_1_i/syst_array_axil_0/inst/u_syst_array_axil/u_axil_wr/s_axil_awaddr[3]_3                                                                | design_1_i/syst_array_axil_0/inst/idle_i_2_n_0                                                                                         |               31 |             46 |         1.48 |
|  design_1_i/processing_system7_0/inst/FCLK_CLK0 | design_1_i/syst_array_axil_0/inst/u_syst_array_axil/u_axil_wr/s_axil_awaddr[3]_5                                                                | design_1_i/syst_array_axil_0/inst/idle_i_2_n_0                                                                                         |               28 |             46 |         1.64 |
|  design_1_i/processing_system7_0/inst/FCLK_CLK0 |                                                                                                                                                 |                                                                                                                                        |               37 |            111 |         3.00 |
|  design_1_i/processing_system7_0/inst/FCLK_CLK0 | design_1_i/syst_array_axil_0/inst/u_syst_array_axil/u_axil_wr/s_axil_wdata[0][0]                                                                | design_1_i/syst_array_axil_0/inst/idle_i_2_n_0                                                                                         |              129 |            513 |         3.98 |
+-------------------------------------------------+-------------------------------------------------------------------------------------------------------------------------------------------------+----------------------------------------------------------------------------------------------------------------------------------------+------------------+----------------+--------------+


