#-----------------------------------------------------------
# Vivado v2025.1 (64-bit)
# SW Build 6140274 on Wed May 21 22:58:25 MDT 2025
# IP Build 6138677 on Thu May 22 03:10:11 MDT 2025
# SharedData Build 6139179 on Tue May 20 17:58:58 MDT 2025
# Start of session at: Fri May 15 15:15:32 2026
# Process ID         : 19867
# Current directory  : /home/ilya/drec-fpga-intro/problems/2026/08_down_led
# Command line       : vivado -mode batch -source project.tcl
# Log file           : /home/ilya/drec-fpga-intro/problems/2026/08_down_led/vivado.log
# Journal file       : /home/ilya/drec-fpga-intro/problems/2026/08_down_led/vivado.jou
# Running On         : ilya-B550-GAMING-X-V2
# Platform           : Ubuntu
# Operating System   : Ubuntu 22.04.5 LTS
# Processor Detail   : AMD Ryzen 5 5600G with Radeon Graphics
# CPU Frequency      : 3652.695 MHz
# CPU Physical cores : 6
# CPU Logical cores  : 12
# Host memory        : 16622 MB
# Swap memory        : 0 MB
# Total Virtual      : 16622 MB
# Available Virtual  : 11542 MB
#-----------------------------------------------------------
source project.tcl
# create_project fpga ./fpga -part xc7z020clg400-2
# set_property target_language Verilog [current_project]
# add_files -fileset sources_1 ./src/cnt.sv
# add_files -fileset sources_1 ./src/fpga_top.v
# add_files -fileset sim_1 ./src/cnt_tb.sv
# add_files -fileset constrs_1 ./xdc/fpga.xdc
# set_property used_in_simulation false [get_files ./src/fpga_top.v]
# update_compile_order -fileset sources_1
# update_compile_order -fileset sim_1
# set_property top fpga_top [get_filesets sources_1]
# set_property top cnt_tb [get_filesets sim_1]
INFO: [Common 17-206] Exiting Vivado at Fri May 15 15:15:36 2026...
