
*** Running vivado
    with args -log fpga_top.vdi -applog -m64 -product Vivado -messageDb vivado.pb -mode batch -source fpga_top.tcl -notrace


****** Vivado v2025.1 (64-bit)
  **** SW Build 6140274 on Wed May 21 22:58:25 MDT 2025
  **** IP Build 6138677 on Thu May 22 03:10:11 MDT 2025
  **** SharedData Build 6139179 on Tue May 20 17:58:58 MDT 2025
  **** Start of session at: Fri May 15 15:21:25 2026
    ** Copyright 1986-2022 Xilinx, Inc. All Rights Reserved.
    ** Copyright 2022-2025 Advanced Micro Devices, Inc. All Rights Reserved.

source fpga_top.tcl -notrace
Command: link_design -top fpga_top -part xc7z020clg400-2
Design is defaulting to srcset: sources_1
Design is defaulting to constrset: constrs_1
INFO: [Device 21-403] Loading part xc7z020clg400-2
Netlist sorting complete. Time (s): cpu = 00:00:00 ; elapsed = 00:00:00 . Memory (MB): peak = 1691.543 ; gain = 0.000 ; free physical = 5559 ; free virtual = 10251
INFO: [Netlist 29-17] Analyzing 7 Unisim elements for replacement
INFO: [Netlist 29-28] Unisim Transformation completed in 0 CPU seconds
INFO: [Project 1-479] Netlist was created with Vivado 2025.1
INFO: [Project 1-570] Preparing netlist for logic optimization
Parsing XDC File [/home/ilya/drec-fpga-intro/problems/2026/08_down_led/xdc/fpga.xdc]
Finished Parsing XDC File [/home/ilya/drec-fpga-intro/problems/2026/08_down_led/xdc/fpga.xdc]
INFO: [Opt 31-138] Pushed 0 inverter(s) to 0 load pin(s).
Netlist sorting complete. Time (s): cpu = 00:00:00 ; elapsed = 00:00:00 . Memory (MB): peak = 1823.121 ; gain = 0.000 ; free physical = 5451 ; free virtual = 10143
INFO: [Project 1-111] Unisim Transformation Summary:
No Unisim elements were transformed.

7 Infos, 0 Warnings, 0 Critical Warnings and 0 Errors encountered.
link_design completed successfully
Command: opt_design
Attempting to get a license for feature 'Implementation' and/or device 'xc7z020'
INFO: [Common 17-349] Got license for feature 'Implementation' and/or device 'xc7z020'
Running DRC as a precondition to command opt_design

Starting DRC Task
INFO: [DRC 23-27] Running DRC with 8 threads
INFO: [Project 1-461] DRC finished with 0 Errors
INFO: [Project 1-462] Please refer to the DRC report (report_drc) for more information.

Time (s): cpu = 00:00:01 ; elapsed = 00:00:00.37 . Memory (MB): peak = 1911.199 ; gain = 85.074 ; free physical = 5361 ; free virtual = 10053

Starting Cache Timing Information Task
INFO: [Timing 38-35] Done setting XDC timing constraints.
Ending Cache Timing Information Task | Checksum: 1282b8cc7

Time (s): cpu = 00:00:03 ; elapsed = 00:00:04 . Memory (MB): peak = 2328.027 ; gain = 416.828 ; free physical = 4973 ; free virtual = 9665

Starting Logic Optimization Task

Phase 1 Initialization

Phase 1.1 Core Generation And Design Setup
Phase 1.1 Core Generation And Design Setup | Checksum: 1282b8cc7

Time (s): cpu = 00:00:00 ; elapsed = 00:00:00 . Memory (MB): peak = 2690.777 ; gain = 0.000 ; free physical = 4619 ; free virtual = 9311

Phase 1.2 Setup Constraints And Sort Netlist
Phase 1.2 Setup Constraints And Sort Netlist | Checksum: 1282b8cc7

Time (s): cpu = 00:00:00 ; elapsed = 00:00:00 . Memory (MB): peak = 2690.777 ; gain = 0.000 ; free physical = 4619 ; free virtual = 9311
Phase 1 Initialization | Checksum: 1282b8cc7

Time (s): cpu = 00:00:00 ; elapsed = 00:00:00 . Memory (MB): peak = 2690.777 ; gain = 0.000 ; free physical = 4619 ; free virtual = 9311

Phase 2 Timer Update And Timing Data Collection

Phase 2.1 Timer Update
Phase 2.1 Timer Update | Checksum: 1282b8cc7

Time (s): cpu = 00:00:00 ; elapsed = 00:00:00 . Memory (MB): peak = 2690.777 ; gain = 0.000 ; free physical = 4619 ; free virtual = 9311

Phase 2.2 Timing Data Collection
Phase 2.2 Timing Data Collection | Checksum: 1282b8cc7

Time (s): cpu = 00:00:00 ; elapsed = 00:00:00.01 . Memory (MB): peak = 2690.777 ; gain = 0.000 ; free physical = 4619 ; free virtual = 9311
Phase 2 Timer Update And Timing Data Collection | Checksum: 1282b8cc7

Time (s): cpu = 00:00:00 ; elapsed = 00:00:00.01 . Memory (MB): peak = 2690.777 ; gain = 0.000 ; free physical = 4619 ; free virtual = 9311

Phase 3 Retarget
INFO: [Opt 31-1851] Number of loadless carry chains removed were: 0
INFO: [Opt 31-1834] Total Chains To Be Transformed Were: 0 AND Number of Transformed insts Created are: 0
INFO: [Opt 31-138] Pushed 0 inverter(s) to 0 load pin(s).
INFO: [Opt 31-49] Retargeted 0 cell(s).
Phase 3 Retarget | Checksum: 1282b8cc7

Time (s): cpu = 00:00:00 ; elapsed = 00:00:00.01 . Memory (MB): peak = 2690.777 ; gain = 0.000 ; free physical = 4619 ; free virtual = 9311
Retarget | Checksum: 1282b8cc7
INFO: [Opt 31-389] Phase Retarget created 0 cells and removed 0 cells

Phase 4 Constant propagation
INFO: [Opt 31-138] Pushed 0 inverter(s) to 0 load pin(s).
Phase 4 Constant propagation | Checksum: 1282b8cc7

Time (s): cpu = 00:00:00 ; elapsed = 00:00:00.02 . Memory (MB): peak = 2690.777 ; gain = 0.000 ; free physical = 4619 ; free virtual = 9311
Constant propagation | Checksum: 1282b8cc7
INFO: [Opt 31-389] Phase Constant propagation created 0 cells and removed 0 cells

Phase 5 Sweep
INFO: [Constraints 18-11670] Building netlist checker database with flags, 0x8
Done building netlist checker database: Time (s): cpu = 00:00:00 ; elapsed = 00:00:00 . Memory (MB): peak = 2690.777 ; gain = 0.000 ; free physical = 4619 ; free virtual = 9311
Phase 5 Sweep | Checksum: 17e101de0

Time (s): cpu = 00:00:00.01 ; elapsed = 00:00:00.02 . Memory (MB): peak = 2690.777 ; gain = 0.000 ; free physical = 4619 ; free virtual = 9311
Sweep | Checksum: 17e101de0
INFO: [Opt 31-389] Phase Sweep created 0 cells and removed 0 cells

Phase 6 BUFG optimization
Phase 6 BUFG optimization | Checksum: 17e101de0

Time (s): cpu = 00:00:00.01 ; elapsed = 00:00:00.02 . Memory (MB): peak = 2722.793 ; gain = 32.016 ; free physical = 4619 ; free virtual = 9311
BUFG optimization | Checksum: 17e101de0
INFO: [Opt 31-662] Phase BUFG optimization created 0 cells of which 0 are BUFGs and removed 0 cells.

Phase 7 Shift Register Optimization
INFO: [Opt 31-1064] SRL Remap converted 0 SRLs to 0 registers and converted 0 registers of register chains to 0 SRLs
Phase 7 Shift Register Optimization | Checksum: 17e101de0

Time (s): cpu = 00:00:00.01 ; elapsed = 00:00:00.02 . Memory (MB): peak = 2722.793 ; gain = 32.016 ; free physical = 4619 ; free virtual = 9311
Shift Register Optimization | Checksum: 17e101de0
INFO: [Opt 31-389] Phase Shift Register Optimization created 0 cells and removed 0 cells

Phase 8 Post Processing Netlist
Phase 8 Post Processing Netlist | Checksum: 17e101de0

Time (s): cpu = 00:00:00.01 ; elapsed = 00:00:00.02 . Memory (MB): peak = 2722.793 ; gain = 32.016 ; free physical = 4619 ; free virtual = 9311
Post Processing Netlist | Checksum: 17e101de0
INFO: [Opt 31-389] Phase Post Processing Netlist created 0 cells and removed 0 cells

Phase 9 Finalization

Phase 9.1 Finalizing Design Cores and Updating Shapes
Phase 9.1 Finalizing Design Cores and Updating Shapes | Checksum: 1ae26ea85

Time (s): cpu = 00:00:00.01 ; elapsed = 00:00:00.03 . Memory (MB): peak = 2722.793 ; gain = 32.016 ; free physical = 4619 ; free virtual = 9311

Phase 9.2 Verifying Netlist Connectivity

Starting Connectivity Check Task

Time (s): cpu = 00:00:00.01 ; elapsed = 00:00:00 . Memory (MB): peak = 2722.793 ; gain = 0.000 ; free physical = 4619 ; free virtual = 9311
Phase 9.2 Verifying Netlist Connectivity | Checksum: 1ae26ea85

Time (s): cpu = 00:00:00.02 ; elapsed = 00:00:00.03 . Memory (MB): peak = 2722.793 ; gain = 32.016 ; free physical = 4619 ; free virtual = 9311
Phase 9 Finalization | Checksum: 1ae26ea85

Time (s): cpu = 00:00:00.02 ; elapsed = 00:00:00.03 . Memory (MB): peak = 2722.793 ; gain = 32.016 ; free physical = 4619 ; free virtual = 9311
Opt_design Change Summary
=========================


-------------------------------------------------------------------------------------------------------------------------
|  Phase                        |  #Cells created  |  #Cells Removed  |  #Constrained objects preventing optimizations  |
-------------------------------------------------------------------------------------------------------------------------
|  Retarget                     |               0  |               0  |                                              0  |
|  Constant propagation         |               0  |               0  |                                              0  |
|  Sweep                        |               0  |               0  |                                              0  |
|  BUFG optimization            |               0  |               0  |                                              0  |
|  Shift Register Optimization  |               0  |               0  |                                              0  |
|  Post Processing Netlist      |               0  |               0  |                                              0  |
-------------------------------------------------------------------------------------------------------------------------


Ending Logic Optimization Task | Checksum: 1ae26ea85

Time (s): cpu = 00:00:00.02 ; elapsed = 00:00:00.03 . Memory (MB): peak = 2722.793 ; gain = 32.016 ; free physical = 4619 ; free virtual = 9311

Starting Power Optimization Task
INFO: [Pwropt 34-132] Skipping clock gating for clocks with a period < 2.00 ns.
Ending Power Optimization Task | Checksum: 1ae26ea85

Time (s): cpu = 00:00:00 ; elapsed = 00:00:00 . Memory (MB): peak = 2722.793 ; gain = 0.000 ; free physical = 4619 ; free virtual = 9311

Starting Final Cleanup Task
Ending Final Cleanup Task | Checksum: 1ae26ea85

Time (s): cpu = 00:00:00 ; elapsed = 00:00:00 . Memory (MB): peak = 2722.793 ; gain = 0.000 ; free physical = 4619 ; free virtual = 9311

Starting Netlist Obfuscation Task
Netlist sorting complete. Time (s): cpu = 00:00:00 ; elapsed = 00:00:00.01 . Memory (MB): peak = 2722.793 ; gain = 0.000 ; free physical = 4619 ; free virtual = 9311
Ending Netlist Obfuscation Task | Checksum: 1ae26ea85

Time (s): cpu = 00:00:00 ; elapsed = 00:00:00.01 . Memory (MB): peak = 2722.793 ; gain = 0.000 ; free physical = 4619 ; free virtual = 9311
INFO: [Common 17-83] Releasing license: Implementation
27 Infos, 0 Warnings, 0 Critical Warnings and 0 Errors encountered.
opt_design completed successfully
opt_design: Time (s): cpu = 00:00:06 ; elapsed = 00:00:06 . Memory (MB): peak = 2722.793 ; gain = 896.668 ; free physical = 4619 ; free virtual = 9311
INFO: [Vivado 12-24828] Executing command : report_drc -file fpga_top_drc_opted.rpt -pb fpga_top_drc_opted.pb -rpx fpga_top_drc_opted.rpx
Command: report_drc -file fpga_top_drc_opted.rpt -pb fpga_top_drc_opted.pb -rpx fpga_top_drc_opted.rpx
INFO: [IP_Flow 19-234] Refreshing IP repositories
INFO: [IP_Flow 19-1704] No user IP repositories specified
INFO: [IP_Flow 19-2313] Loaded Vivado IP repository '/tools/Xilinx/2025.1/Vivado/data/ip'.
INFO: [DRC 23-27] Running DRC with 8 threads
INFO: [Vivado_Tcl 2-168] The results of DRC are in file /home/ilya/drec-fpga-intro/problems/2026/08_down_led/fpga/fpga.runs/impl_1/fpga_top_drc_opted.rpt.
report_drc completed successfully
INFO: [Timing 38-480] Writing timing data to binary archive.
Write ShapeDB Complete: Time (s): cpu = 00:00:00.01 ; elapsed = 00:00:00 . Memory (MB): peak = 2735.668 ; gain = 0.000 ; free physical = 4575 ; free virtual = 9267
Wrote PlaceDB: Time (s): cpu = 00:00:00 ; elapsed = 00:00:00 . Memory (MB): peak = 2735.668 ; gain = 0.000 ; free physical = 4575 ; free virtual = 9267
Wrote PulsedLatchDB: Time (s): cpu = 00:00:00 ; elapsed = 00:00:00 . Memory (MB): peak = 2735.668 ; gain = 0.000 ; free physical = 4575 ; free virtual = 9267
Writing XDEF routing.
Writing XDEF routing logical nets.
Writing XDEF routing special nets.
Wrote RouteStorage: Time (s): cpu = 00:00:00.02 ; elapsed = 00:00:00.01 . Memory (MB): peak = 2735.668 ; gain = 0.000 ; free physical = 4575 ; free virtual = 9267
Wrote Netlist Cache: Time (s): cpu = 00:00:00 ; elapsed = 00:00:00 . Memory (MB): peak = 2735.668 ; gain = 0.000 ; free physical = 4575 ; free virtual = 9267
Wrote Device Cache: Time (s): cpu = 00:00:00.01 ; elapsed = 00:00:00 . Memory (MB): peak = 2735.668 ; gain = 0.000 ; free physical = 4575 ; free virtual = 9268
Write Physdb Complete: Time (s): cpu = 00:00:00.03 ; elapsed = 00:00:00.02 . Memory (MB): peak = 2735.668 ; gain = 0.000 ; free physical = 4575 ; free virtual = 9268
INFO: [Common 17-1381] The checkpoint '/home/ilya/drec-fpga-intro/problems/2026/08_down_led/fpga/fpga.runs/impl_1/fpga_top_opt.dcp' has been generated.
Command: place_design
Attempting to get a license for feature 'Implementation' and/or device 'xc7z020'
INFO: [Common 17-349] Got license for feature 'Implementation' and/or device 'xc7z020'
INFO: [Common 17-83] Releasing license: Implementation
INFO: [DRC 23-27] Running DRC with 8 threads
INFO: [Vivado_Tcl 4-198] DRC finished with 0 Errors
INFO: [Vivado_Tcl 4-199] Please refer to the DRC report (report_drc) for more information.
Running DRC as a precondition to command place_design
INFO: [DRC 23-27] Running DRC with 8 threads
INFO: [Vivado_Tcl 4-198] DRC finished with 0 Errors
INFO: [Vivado_Tcl 4-199] Please refer to the DRC report (report_drc) for more information.
INFO: [Place 30-611] Multithreading enabled for place_design using a maximum of 8 CPUs

Starting Placer Task

Phase 1 Placer Initialization

Phase 1.1 Placer Initialization Netlist Sorting
Netlist sorting complete. Time (s): cpu = 00:00:00 ; elapsed = 00:00:00 . Memory (MB): peak = 2787.645 ; gain = 0.000 ; free physical = 4544 ; free virtual = 9236
Phase 1.1 Placer Initialization Netlist Sorting | Checksum: b40a4035

Time (s): cpu = 00:00:00 ; elapsed = 00:00:00 . Memory (MB): peak = 2787.645 ; gain = 0.000 ; free physical = 4544 ; free virtual = 9236
Netlist sorting complete. Time (s): cpu = 00:00:00 ; elapsed = 00:00:00 . Memory (MB): peak = 2787.645 ; gain = 0.000 ; free physical = 4544 ; free virtual = 9236

Phase 1.2 IO Placement/ Clock Placement/ Build Placer Device
INFO: [Timing 38-35] Done setting XDC timing constraints.
Phase 1.2 IO Placement/ Clock Placement/ Build Placer Device | Checksum: 13daae2df

Time (s): cpu = 00:00:00.36 ; elapsed = 00:00:00.14 . Memory (MB): peak = 2843.672 ; gain = 56.027 ; free physical = 4541 ; free virtual = 9234

Phase 1.3 Build Placer Netlist Model
Phase 1.3 Build Placer Netlist Model | Checksum: 204d188ec

Time (s): cpu = 00:00:00.47 ; elapsed = 00:00:00.18 . Memory (MB): peak = 2875.688 ; gain = 88.043 ; free physical = 4541 ; free virtual = 9234

Phase 1.4 Constrain Clocks/Macros
Phase 1.4 Constrain Clocks/Macros | Checksum: 204d188ec

Time (s): cpu = 00:00:00.48 ; elapsed = 00:00:00.18 . Memory (MB): peak = 2875.688 ; gain = 88.043 ; free physical = 4541 ; free virtual = 9234
Phase 1 Placer Initialization | Checksum: 204d188ec

Time (s): cpu = 00:00:00.48 ; elapsed = 00:00:00.18 . Memory (MB): peak = 2875.688 ; gain = 88.043 ; free physical = 4541 ; free virtual = 9234

Phase 2 Global Placement

Phase 2.1 Floorplanning
Phase 2.1 Floorplanning | Checksum: 1e7264494

Time (s): cpu = 00:00:00.54 ; elapsed = 00:00:00.2 . Memory (MB): peak = 2875.688 ; gain = 88.043 ; free physical = 4541 ; free virtual = 9233

Phase 2.2 Update Timing before SLR Path Opt
Phase 2.2 Update Timing before SLR Path Opt | Checksum: 1e9c72362

Time (s): cpu = 00:00:00.57 ; elapsed = 00:00:00.2 . Memory (MB): peak = 2875.688 ; gain = 88.043 ; free physical = 4540 ; free virtual = 9232

Phase 2.3 Post-Processing in Floorplanning
Phase 2.3 Post-Processing in Floorplanning | Checksum: 1e9c72362

Time (s): cpu = 00:00:00.58 ; elapsed = 00:00:00.21 . Memory (MB): peak = 2875.688 ; gain = 88.043 ; free physical = 4540 ; free virtual = 9232

Phase 2.4 Global Place Phase1
Phase 2.4 Global Place Phase1 | Checksum: 2170a4c39

Time (s): cpu = 00:00:01 ; elapsed = 00:00:00.32 . Memory (MB): peak = 2875.688 ; gain = 88.043 ; free physical = 4563 ; free virtual = 9256

Phase 2.5 Global Place Phase2

Phase 2.5.1 UpdateTiming Before Physical Synthesis
Phase 2.5.1 UpdateTiming Before Physical Synthesis | Checksum: 1a794f5b2

Time (s): cpu = 00:00:01 ; elapsed = 00:00:00.34 . Memory (MB): peak = 2875.688 ; gain = 88.043 ; free physical = 4566 ; free virtual = 9258

Phase 2.5.2 Physical Synthesis In Placer
INFO: [Physopt 32-1044] Break lutnm for timing: one critical 0, two critical 0, total 0, new lutff created 0
INFO: [Physopt 32-1138] End 1 Pass. Optimized 0 net or LUT. Breaked 0 LUT, combined 0 existing LUT and moved 0 existing LUT
INFO: [Physopt 32-65] No nets found for high-fanout optimization.
INFO: [Physopt 32-232] Optimized 0 net. Created 0 new instance.
INFO: [Physopt 32-775] End 1 Pass. Optimized 0 net or cell. Created 0 new cell, deleted 0 existing cell and moved 0 existing cell
INFO: [Physopt 32-670] No setup violation found.  DSP Register Optimization was not performed.
INFO: [Physopt 32-670] No setup violation found.  Shift Register to Pipeline Optimization was not performed.
INFO: [Physopt 32-670] No setup violation found.  Shift Register Optimization was not performed.
INFO: [Physopt 32-670] No setup violation found.  BRAM Register Optimization was not performed.
INFO: [Physopt 32-670] No setup violation found.  URAM Register Optimization was not performed.
INFO: [Physopt 32-949] No candidate nets found for dynamic/static region interface net replication
INFO: [Physopt 32-775] End 1 Pass. Optimized 0 net or cell. Created 0 new cell, deleted 0 existing cell and moved 0 existing cell
Netlist sorting complete. Time (s): cpu = 00:00:00 ; elapsed = 00:00:00 . Memory (MB): peak = 2875.688 ; gain = 0.000 ; free physical = 4565 ; free virtual = 9258

Summary of Physical Synthesis Optimizations
============================================


-----------------------------------------------------------------------------------------------------------------------------------------------------------
|  Optimization                                     |  Added Cells  |  Removed Cells  |  Optimized Cells/Nets  |  Dont Touch  |  Iterations  |  Elapsed   |
-----------------------------------------------------------------------------------------------------------------------------------------------------------
|  LUT Combining                                    |            0  |              0  |                     0  |           0  |           1  |  00:00:00  |
|  Retime                                           |            0  |              0  |                     0  |           0  |           1  |  00:00:00  |
|  Very High Fanout                                 |            0  |              0  |                     0  |           0  |           1  |  00:00:00  |
|  DSP Register                                     |            0  |              0  |                     0  |           0  |           0  |  00:00:00  |
|  Shift Register to Pipeline                       |            0  |              0  |                     0  |           0  |           0  |  00:00:00  |
|  Shift Register                                   |            0  |              0  |                     0  |           0  |           0  |  00:00:00  |
|  BRAM Register                                    |            0  |              0  |                     0  |           0  |           0  |  00:00:00  |
|  URAM Register                                    |            0  |              0  |                     0  |           0  |           0  |  00:00:00  |
|  Dynamic/Static Region Interface Net Replication  |            0  |              0  |                     0  |           0  |           1  |  00:00:00  |
|  Total                                            |            0  |              0  |                     0  |           0  |           4  |  00:00:00  |
-----------------------------------------------------------------------------------------------------------------------------------------------------------


Phase 2.5.2 Physical Synthesis In Placer | Checksum: 1a794f5b2

Time (s): cpu = 00:00:01 ; elapsed = 00:00:00.49 . Memory (MB): peak = 2875.688 ; gain = 88.043 ; free physical = 4565 ; free virtual = 9258
Phase 2.5 Global Place Phase2 | Checksum: 2202d18de

Time (s): cpu = 00:00:01 ; elapsed = 00:00:00.53 . Memory (MB): peak = 2875.688 ; gain = 88.043 ; free physical = 4565 ; free virtual = 9258
Phase 2 Global Placement | Checksum: 2202d18de

Time (s): cpu = 00:00:01 ; elapsed = 00:00:00.53 . Memory (MB): peak = 2875.688 ; gain = 88.043 ; free physical = 4565 ; free virtual = 9258

Phase 3 Detail Placement

Phase 3.1 Commit Multi Column Macros
Phase 3.1 Commit Multi Column Macros | Checksum: 190f8f53d

Time (s): cpu = 00:00:01 ; elapsed = 00:00:00.55 . Memory (MB): peak = 2875.688 ; gain = 88.043 ; free physical = 4565 ; free virtual = 9258

Phase 3.2 Commit Most Macros & LUTRAMs
Phase 3.2 Commit Most Macros & LUTRAMs | Checksum: 21d01b260

Time (s): cpu = 00:00:02 ; elapsed = 00:00:00.58 . Memory (MB): peak = 2875.688 ; gain = 88.043 ; free physical = 4565 ; free virtual = 9257

Phase 3.3 Area Swap Optimization
Phase 3.3 Area Swap Optimization | Checksum: 2067da37d

Time (s): cpu = 00:00:02 ; elapsed = 00:00:00.58 . Memory (MB): peak = 2875.688 ; gain = 88.043 ; free physical = 4565 ; free virtual = 9257

Phase 3.4 Pipeline Register Optimization
Phase 3.4 Pipeline Register Optimization | Checksum: 156436735

Time (s): cpu = 00:00:02 ; elapsed = 00:00:00.58 . Memory (MB): peak = 2875.688 ; gain = 88.043 ; free physical = 4565 ; free virtual = 9257

Phase 3.5 Small Shape Detail Placement
Phase 3.5 Small Shape Detail Placement | Checksum: a88cedfe

Time (s): cpu = 00:00:02 ; elapsed = 00:00:00.65 . Memory (MB): peak = 2875.688 ; gain = 88.043 ; free physical = 4563 ; free virtual = 9255

Phase 3.6 Re-assign LUT pins
Phase 3.6 Re-assign LUT pins | Checksum: a88cedfe

Time (s): cpu = 00:00:02 ; elapsed = 00:00:00.65 . Memory (MB): peak = 2875.688 ; gain = 88.043 ; free physical = 4563 ; free virtual = 9255

Phase 3.7 Pipeline Register Optimization
Phase 3.7 Pipeline Register Optimization | Checksum: 177caaa46

Time (s): cpu = 00:00:02 ; elapsed = 00:00:00.65 . Memory (MB): peak = 2875.688 ; gain = 88.043 ; free physical = 4563 ; free virtual = 9255
Phase 3 Detail Placement | Checksum: 177caaa46

Time (s): cpu = 00:00:02 ; elapsed = 00:00:00.65 . Memory (MB): peak = 2875.688 ; gain = 88.043 ; free physical = 4563 ; free virtual = 9255

Phase 4 Post Placement Optimization and Clean-Up

Phase 4.1 Post Commit Optimization
INFO: [Timing 38-35] Done setting XDC timing constraints.

Phase 4.1.1 Post Placement Optimization
Post Placement Optimization Initialization | Checksum: 17742061e

Phase 4.1.1.1 BUFG Insertion

Starting Physical Synthesis Task

Phase 1 Physical Synthesis Initialization
INFO: [Physopt 32-721] Multithreading enabled for phys_opt_design using a maximum of 8 CPUs
INFO: [Physopt 32-619] Estimated Timing Summary | WNS=18.045 | TNS=0.000 |
Phase 1 Physical Synthesis Initialization | Checksum: 21cc4758f

Time (s): cpu = 00:00:00 ; elapsed = 00:00:00.01 . Memory (MB): peak = 2875.688 ; gain = 0.000 ; free physical = 4563 ; free virtual = 9255
INFO: [Place 46-56] BUFG insertion identified 0 candidate nets. Inserted BUFG: 0, Replicated BUFG Driver: 0, Skipped due to Placement/Routing Conflicts: 0, Skipped due to Timing Degradation: 0, Skipped due to netlist editing failed: 0.
Ending Physical Synthesis Task | Checksum: 1845fb097

Time (s): cpu = 00:00:00.01 ; elapsed = 00:00:00.01 . Memory (MB): peak = 2875.688 ; gain = 0.000 ; free physical = 4563 ; free virtual = 9255
Phase 4.1.1.1 BUFG Insertion | Checksum: 17742061e

Time (s): cpu = 00:00:02 ; elapsed = 00:00:00.7 . Memory (MB): peak = 2875.688 ; gain = 88.043 ; free physical = 4563 ; free virtual = 9255

Phase 4.1.1.2 Post Placement Timing Optimization
INFO: [Place 30-746] Post Placement Timing Summary WNS=18.045. For the most accurate timing information please run report_timing.
Phase 4.1.1.2 Post Placement Timing Optimization | Checksum: c25e6a2c

Time (s): cpu = 00:00:02 ; elapsed = 00:00:00.7 . Memory (MB): peak = 2875.688 ; gain = 88.043 ; free physical = 4563 ; free virtual = 9255

Time (s): cpu = 00:00:02 ; elapsed = 00:00:00.7 . Memory (MB): peak = 2875.688 ; gain = 88.043 ; free physical = 4563 ; free virtual = 9255
Phase 4.1 Post Commit Optimization | Checksum: c25e6a2c

Time (s): cpu = 00:00:02 ; elapsed = 00:00:00.7 . Memory (MB): peak = 2875.688 ; gain = 88.043 ; free physical = 4563 ; free virtual = 9255

Phase 4.2 Post Placement Cleanup
Phase 4.2 Post Placement Cleanup | Checksum: c25e6a2c

Time (s): cpu = 00:00:02 ; elapsed = 00:00:00.7 . Memory (MB): peak = 2875.688 ; gain = 88.043 ; free physical = 4563 ; free virtual = 9255

Phase 4.3 Placer Reporting

Phase 4.3.1 Print Estimated Congestion
INFO: [Place 30-612] Post-Placement Estimated Congestion 
 ____________________________________________________
|           | Global Congestion | Short Congestion  |
| Direction | Region Size       | Region Size       |
|___________|___________________|___________________|
|      North|                1x1|                1x1|
|___________|___________________|___________________|
|      South|                1x1|                1x1|
|___________|___________________|___________________|
|       East|                1x1|                1x1|
|___________|___________________|___________________|
|       West|                1x1|                1x1|
|___________|___________________|___________________|

Phase 4.3.1 Print Estimated Congestion | Checksum: c25e6a2c

Time (s): cpu = 00:00:02 ; elapsed = 00:00:00.71 . Memory (MB): peak = 2875.688 ; gain = 88.043 ; free physical = 4563 ; free virtual = 9255
Phase 4.3 Placer Reporting | Checksum: c25e6a2c

Time (s): cpu = 00:00:02 ; elapsed = 00:00:00.71 . Memory (MB): peak = 2875.688 ; gain = 88.043 ; free physical = 4563 ; free virtual = 9255

Phase 4.4 Final Placement Cleanup
Netlist sorting complete. Time (s): cpu = 00:00:00 ; elapsed = 00:00:00 . Memory (MB): peak = 2875.688 ; gain = 0.000 ; free physical = 4563 ; free virtual = 9255

Time (s): cpu = 00:00:02 ; elapsed = 00:00:00.71 . Memory (MB): peak = 2875.688 ; gain = 88.043 ; free physical = 4563 ; free virtual = 9255
Phase 4 Post Placement Optimization and Clean-Up | Checksum: c25e6a2c

Time (s): cpu = 00:00:02 ; elapsed = 00:00:00.71 . Memory (MB): peak = 2875.688 ; gain = 88.043 ; free physical = 4563 ; free virtual = 9255
Ending Placer Task | Checksum: 8a430647

Time (s): cpu = 00:00:02 ; elapsed = 00:00:00.71 . Memory (MB): peak = 2875.688 ; gain = 88.043 ; free physical = 4563 ; free virtual = 9255
63 Infos, 0 Warnings, 0 Critical Warnings and 0 Errors encountered.
place_design completed successfully
INFO: [Vivado 12-24838] Running report commands "report_control_sets, report_io, report_utilization" in parallel.
Running report generation with 3 threads.
INFO: [Vivado 12-24828] Executing command : report_control_sets -verbose -file fpga_top_control_sets_placed.rpt
report_control_sets: Time (s): cpu = 00:00:00.07 ; elapsed = 00:00:00.08 . Memory (MB): peak = 2875.688 ; gain = 0.000 ; free physical = 4526 ; free virtual = 9219
INFO: [Vivado 12-24828] Executing command : report_utilization -file fpga_top_utilization_placed.rpt -pb fpga_top_utilization_placed.pb
INFO: [Vivado 12-24828] Executing command : report_io -file fpga_top_io_placed.rpt
report_io: Time (s): cpu = 00:00:00.16 ; elapsed = 00:00:00.17 . Memory (MB): peak = 2875.688 ; gain = 0.000 ; free physical = 4532 ; free virtual = 9224
INFO: [Timing 38-480] Writing timing data to binary archive.
Write ShapeDB Complete: Time (s): cpu = 00:00:00 ; elapsed = 00:00:00 . Memory (MB): peak = 2875.688 ; gain = 0.000 ; free physical = 4532 ; free virtual = 9224
Wrote PlaceDB: Time (s): cpu = 00:00:00 ; elapsed = 00:00:00 . Memory (MB): peak = 2875.688 ; gain = 0.000 ; free physical = 4540 ; free virtual = 9233
Wrote PulsedLatchDB: Time (s): cpu = 00:00:00 ; elapsed = 00:00:00 . Memory (MB): peak = 2875.688 ; gain = 0.000 ; free physical = 4540 ; free virtual = 9233
Writing XDEF routing.
Writing XDEF routing logical nets.
Writing XDEF routing special nets.
Wrote RouteStorage: Time (s): cpu = 00:00:00.03 ; elapsed = 00:00:00.01 . Memory (MB): peak = 2875.688 ; gain = 0.000 ; free physical = 4540 ; free virtual = 9233
Wrote Netlist Cache: Time (s): cpu = 00:00:00 ; elapsed = 00:00:00 . Memory (MB): peak = 2875.688 ; gain = 0.000 ; free physical = 4540 ; free virtual = 9233
Wrote Device Cache: Time (s): cpu = 00:00:00 ; elapsed = 00:00:00.01 . Memory (MB): peak = 2875.688 ; gain = 0.000 ; free physical = 4539 ; free virtual = 9232
Write Physdb Complete: Time (s): cpu = 00:00:00.03 ; elapsed = 00:00:00.02 . Memory (MB): peak = 2875.688 ; gain = 0.000 ; free physical = 4539 ; free virtual = 9232
INFO: [Common 17-1381] The checkpoint '/home/ilya/drec-fpga-intro/problems/2026/08_down_led/fpga/fpga.runs/impl_1/fpga_top_placed.dcp' has been generated.
Command: phys_opt_design
Attempting to get a license for feature 'Implementation' and/or device 'xc7z020'
INFO: [Common 17-349] Got license for feature 'Implementation' and/or device 'xc7z020'

Starting Initial Update Timing Task

Time (s): cpu = 00:00:00.01 ; elapsed = 00:00:00.02 . Memory (MB): peak = 2875.688 ; gain = 0.000 ; free physical = 4547 ; free virtual = 9240
INFO: [Vivado_Tcl 4-2279] Estimated Timing Summary | WNS= 18.045 | TNS= 0.000 | 
INFO: [Vivado_Tcl 4-383] Design worst setup slack (WNS) is greater than or equal to 0.000 ns. All physical synthesis setup optimizations will be skipped.
INFO: [Vivado_Tcl 4-232] No setup violation found. The netlist was not modified.
INFO: [Common 17-83] Releasing license: Implementation
74 Infos, 0 Warnings, 0 Critical Warnings and 0 Errors encountered.
phys_opt_design completed successfully
INFO: [Timing 38-480] Writing timing data to binary archive.
Write ShapeDB Complete: Time (s): cpu = 00:00:00 ; elapsed = 00:00:00 . Memory (MB): peak = 2875.688 ; gain = 0.000 ; free physical = 4547 ; free virtual = 9240
Wrote PlaceDB: Time (s): cpu = 00:00:00.01 ; elapsed = 00:00:00.01 . Memory (MB): peak = 2875.688 ; gain = 0.000 ; free physical = 4547 ; free virtual = 9239
Wrote PulsedLatchDB: Time (s): cpu = 00:00:00 ; elapsed = 00:00:00 . Memory (MB): peak = 2875.688 ; gain = 0.000 ; free physical = 4547 ; free virtual = 9239
Writing XDEF routing.
Writing XDEF routing logical nets.
Writing XDEF routing special nets.
Wrote RouteStorage: Time (s): cpu = 00:00:00.02 ; elapsed = 00:00:00.01 . Memory (MB): peak = 2875.688 ; gain = 0.000 ; free physical = 4547 ; free virtual = 9240
Wrote Netlist Cache: Time (s): cpu = 00:00:00 ; elapsed = 00:00:00 . Memory (MB): peak = 2875.688 ; gain = 0.000 ; free physical = 4547 ; free virtual = 9240
Wrote Device Cache: Time (s): cpu = 00:00:00.01 ; elapsed = 00:00:00 . Memory (MB): peak = 2875.688 ; gain = 0.000 ; free physical = 4546 ; free virtual = 9240
Write Physdb Complete: Time (s): cpu = 00:00:00.04 ; elapsed = 00:00:00.02 . Memory (MB): peak = 2875.688 ; gain = 0.000 ; free physical = 4546 ; free virtual = 9240
INFO: [Common 17-1381] The checkpoint '/home/ilya/drec-fpga-intro/problems/2026/08_down_led/fpga/fpga.runs/impl_1/fpga_top_physopt.dcp' has been generated.
Command: route_design
Attempting to get a license for feature 'Implementation' and/or device 'xc7z020'
INFO: [Common 17-349] Got license for feature 'Implementation' and/or device 'xc7z020'


Starting Routing Task
INFO: [Route 35-254] Multithreading enabled for route_design using a maximum of 8 CPUs

Phase 1 Build RT Design
Checksum: PlaceDB: 3ea0c7ef ConstDB: 0 ShapeSum: 35a8cb68 RouteDB: 15f972f0
Post Restoration Checksum: NetGraph: fe7dc232 | NumContArr: fc3da07e | Constraints: c2a8fa9d | Timing: c2a8fa9d
Phase 1 Build RT Design | Checksum: 3800d57ea

Time (s): cpu = 00:00:15 ; elapsed = 00:00:13 . Memory (MB): peak = 2959.348 ; gain = 83.660 ; free physical = 4411 ; free virtual = 9104

Phase 2 Router Initialization

Phase 2.1 Fix Topology Constraints
Phase 2.1 Fix Topology Constraints | Checksum: 3800d57ea

Time (s): cpu = 00:00:15 ; elapsed = 00:00:13 . Memory (MB): peak = 2959.348 ; gain = 83.660 ; free physical = 4411 ; free virtual = 9104

Phase 2.2 Pre Route Cleanup
Phase 2.2 Pre Route Cleanup | Checksum: 3800d57ea

Time (s): cpu = 00:00:15 ; elapsed = 00:00:13 . Memory (MB): peak = 2959.348 ; gain = 83.660 ; free physical = 4411 ; free virtual = 9104
 Number of Nodes with overlaps = 0

Phase 2.3 Update Timing
Phase 2.3 Update Timing | Checksum: 1dbc6757e

Time (s): cpu = 00:00:15 ; elapsed = 00:00:13 . Memory (MB): peak = 2987.363 ; gain = 111.676 ; free physical = 4380 ; free virtual = 9073
INFO: [Route 35-416] Intermediate Timing Summary | WNS=17.912 | TNS=0.000  | WHS=-0.053 | THS=-0.988 |


Phase 2.4 Soft Constraint Pins - Fast Budgeting
Phase 2.4 Soft Constraint Pins - Fast Budgeting | Checksum: 264e497c7

Time (s): cpu = 00:00:15 ; elapsed = 00:00:13 . Memory (MB): peak = 3003.363 ; gain = 127.676 ; free physical = 4380 ; free virtual = 9073

Router Utilization Summary
  Global Vertical Routing Utilization    = 0 %
  Global Horizontal Routing Utilization  = 0 %
  Routable Net Status*
  *Does not include unroutable nets such as driverless and loadless.
  Run report_route_status for detailed report.
  Number of Failed Nets               = 36
    (Failed Nets is the sum of unrouted and partially routed nets)
  Number of Unrouted Nets             = 36
  Number of Partially Routed Nets     = 0
  Number of Node Overlaps             = 0

Phase 2 Router Initialization | Checksum: 264e497c7

Time (s): cpu = 00:00:16 ; elapsed = 00:00:13 . Memory (MB): peak = 3003.363 ; gain = 127.676 ; free physical = 4372 ; free virtual = 9065

Phase 3 Global Routing
Phase 3 Global Routing | Checksum: 264e497c7

Time (s): cpu = 00:00:16 ; elapsed = 00:00:13 . Memory (MB): peak = 3003.363 ; gain = 127.676 ; free physical = 4372 ; free virtual = 9065

Phase 4 Initial Routing

Phase 4.1 Initial Net Routing Pass
 Number of Nodes with overlaps = 0
Phase 4.1 Initial Net Routing Pass | Checksum: 2221fd1cb

Time (s): cpu = 00:00:16 ; elapsed = 00:00:13 . Memory (MB): peak = 3003.363 ; gain = 127.676 ; free physical = 4372 ; free virtual = 9065
Phase 4 Initial Routing | Checksum: 2221fd1cb

Time (s): cpu = 00:00:16 ; elapsed = 00:00:13 . Memory (MB): peak = 3003.363 ; gain = 127.676 ; free physical = 4372 ; free virtual = 9065

Phase 5 Rip-up And Reroute

Phase 5.1 Global Iteration 0
INFO: [Route 35-416] Intermediate Timing Summary | WNS=17.629 | TNS=0.000  | WHS=N/A    | THS=N/A    |

Phase 5.1 Global Iteration 0 | Checksum: 204f1726c

Time (s): cpu = 00:00:16 ; elapsed = 00:00:13 . Memory (MB): peak = 3003.363 ; gain = 127.676 ; free physical = 4372 ; free virtual = 9065
Phase 5 Rip-up And Reroute | Checksum: 204f1726c

Time (s): cpu = 00:00:16 ; elapsed = 00:00:13 . Memory (MB): peak = 3003.363 ; gain = 127.676 ; free physical = 4372 ; free virtual = 9065

Phase 6 Delay and Skew Optimization

Phase 6.1 Delay CleanUp
Phase 6.1 Delay CleanUp | Checksum: 204f1726c

Time (s): cpu = 00:00:16 ; elapsed = 00:00:13 . Memory (MB): peak = 3003.363 ; gain = 127.676 ; free physical = 4372 ; free virtual = 9065

Phase 6.2 Clock Skew Optimization
Phase 6.2 Clock Skew Optimization | Checksum: 204f1726c

Time (s): cpu = 00:00:16 ; elapsed = 00:00:13 . Memory (MB): peak = 3003.363 ; gain = 127.676 ; free physical = 4372 ; free virtual = 9065
Phase 6 Delay and Skew Optimization | Checksum: 204f1726c

Time (s): cpu = 00:00:16 ; elapsed = 00:00:13 . Memory (MB): peak = 3003.363 ; gain = 127.676 ; free physical = 4372 ; free virtual = 9065

Phase 7 Post Hold Fix

Phase 7.1 Hold Fix Iter
INFO: [Route 35-416] Intermediate Timing Summary | WNS=17.761 | TNS=0.000  | WHS=0.286  | THS=0.000  |

Phase 7.1 Hold Fix Iter | Checksum: 225eee510

Time (s): cpu = 00:00:16 ; elapsed = 00:00:13 . Memory (MB): peak = 3003.363 ; gain = 127.676 ; free physical = 4372 ; free virtual = 9065
Phase 7 Post Hold Fix | Checksum: 225eee510

Time (s): cpu = 00:00:16 ; elapsed = 00:00:13 . Memory (MB): peak = 3003.363 ; gain = 127.676 ; free physical = 4372 ; free virtual = 9065

Phase 8 Route finalize

Router Utilization Summary
  Global Vertical Routing Utilization    = 0.00305478 %
  Global Horizontal Routing Utilization  = 0.00143678 %
  Routable Net Status*
  *Does not include unroutable nets such as driverless and loadless.
  Run report_route_status for detailed report.
  Number of Failed Nets               = 0
    (Failed Nets is the sum of unrouted and partially routed nets)
  Number of Unrouted Nets             = 0
  Number of Partially Routed Nets     = 0
  Number of Node Overlaps             = 0

Phase 8 Route finalize | Checksum: 225eee510

Time (s): cpu = 00:00:16 ; elapsed = 00:00:13 . Memory (MB): peak = 3003.363 ; gain = 127.676 ; free physical = 4372 ; free virtual = 9065

Phase 9 Verifying routed nets

 Verification completed successfully
Phase 9 Verifying routed nets | Checksum: 225eee510

Time (s): cpu = 00:00:16 ; elapsed = 00:00:13 . Memory (MB): peak = 3003.363 ; gain = 127.676 ; free physical = 4372 ; free virtual = 9065

Phase 10 Depositing Routes
Phase 10 Depositing Routes | Checksum: 2060f7495

Time (s): cpu = 00:00:16 ; elapsed = 00:00:13 . Memory (MB): peak = 3003.363 ; gain = 127.676 ; free physical = 4372 ; free virtual = 9065

Phase 11 Post Process Routing
Phase 11 Post Process Routing | Checksum: 2060f7495

Time (s): cpu = 00:00:16 ; elapsed = 00:00:13 . Memory (MB): peak = 3003.363 ; gain = 127.676 ; free physical = 4372 ; free virtual = 9065

Phase 12 Post Router Timing
INFO: [Route 35-57] Estimated Timing Summary | WNS=17.761 | TNS=0.000  | WHS=0.286  | THS=0.000  |

INFO: [Route 35-327] The final timing numbers are based on the router estimated timing analysis. For a complete and accurate timing signoff, please run report_timing_summary.
Phase 12 Post Router Timing | Checksum: 2060f7495

Time (s): cpu = 00:00:16 ; elapsed = 00:00:13 . Memory (MB): peak = 3003.363 ; gain = 127.676 ; free physical = 4372 ; free virtual = 9065
Total Elapsed time in route_design: 12.83 secs

Phase 13 Post-Route Event Processing
Phase 13 Post-Route Event Processing | Checksum: 12899fec0

Time (s): cpu = 00:00:16 ; elapsed = 00:00:13 . Memory (MB): peak = 3003.363 ; gain = 127.676 ; free physical = 4372 ; free virtual = 9065
INFO: [Route 35-16] Router Completed Successfully
Ending Routing Task | Checksum: 12899fec0

Time (s): cpu = 00:00:16 ; elapsed = 00:00:13 . Memory (MB): peak = 3003.363 ; gain = 127.676 ; free physical = 4372 ; free virtual = 9065

Routing Is Done.
INFO: [Common 17-83] Releasing license: Implementation
85 Infos, 0 Warnings, 0 Critical Warnings and 0 Errors encountered.
route_design completed successfully
route_design: Time (s): cpu = 00:00:16 ; elapsed = 00:00:13 . Memory (MB): peak = 3003.363 ; gain = 127.676 ; free physical = 4372 ; free virtual = 9065
INFO: [Vivado 12-24828] Executing command : report_drc -file fpga_top_drc_routed.rpt -pb fpga_top_drc_routed.pb -rpx fpga_top_drc_routed.rpx
Command: report_drc -file fpga_top_drc_routed.rpt -pb fpga_top_drc_routed.pb -rpx fpga_top_drc_routed.rpx
INFO: [IP_Flow 19-1839] IP Catalog is up to date.
INFO: [DRC 23-27] Running DRC with 8 threads
INFO: [Vivado_Tcl 2-168] The results of DRC are in file /home/ilya/drec-fpga-intro/problems/2026/08_down_led/fpga/fpga.runs/impl_1/fpga_top_drc_routed.rpt.
report_drc completed successfully
INFO: [Vivado 12-24828] Executing command : report_methodology -file fpga_top_methodology_drc_routed.rpt -pb fpga_top_methodology_drc_routed.pb -rpx fpga_top_methodology_drc_routed.rpx
Command: report_methodology -file fpga_top_methodology_drc_routed.rpt -pb fpga_top_methodology_drc_routed.pb -rpx fpga_top_methodology_drc_routed.rpx
INFO: [Timing 38-35] Done setting XDC timing constraints.
INFO: [DRC 23-133] Running Methodology with 8 threads
INFO: [Vivado_Tcl 2-1520] The results of Report Methodology are in file /home/ilya/drec-fpga-intro/problems/2026/08_down_led/fpga/fpga.runs/impl_1/fpga_top_methodology_drc_routed.rpt.
report_methodology completed successfully
INFO: [Vivado 12-24828] Executing command : report_timing_summary -max_paths 10 -routable_nets -report_unconstrained -file fpga_top_timing_summary_routed.rpt -pb fpga_top_timing_summary_routed.pb -rpx fpga_top_timing_summary_routed.rpx -warn_on_violation 
INFO: [Timing 38-35] Done setting XDC timing constraints.
INFO: [Timing 38-91] UpdateTimingParams: Speed grade: -2, Delay Type: min_max.
INFO: [Timing 38-191] Multithreading enabled for timing update using a maximum of 8 CPUs
INFO: [Vivado 12-24838] Running report commands "report_bus_skew, report_incremental_reuse, report_route_status" in parallel.
Running report generation with 3 threads.
INFO: [Vivado 12-24828] Executing command : report_route_status -file fpga_top_route_status.rpt -pb fpga_top_route_status.pb
INFO: [Vivado 12-24828] Executing command : report_incremental_reuse -file fpga_top_incremental_reuse_routed.rpt
INFO: [Vivado_Tcl 4-1062] Incremental flow is disabled. No incremental reuse Info to report.
INFO: [Vivado 12-24828] Executing command : report_bus_skew -warn_on_violation -file fpga_top_bus_skew_routed.rpt -pb fpga_top_bus_skew_routed.pb -rpx fpga_top_bus_skew_routed.rpx
INFO: [Timing 38-91] UpdateTimingParams: Speed grade: -2, Delay Type: min_max.
INFO: [Timing 38-191] Multithreading enabled for timing update using a maximum of 8 CPUs
INFO: [Vivado 12-24828] Executing command : report_power -file fpga_top_power_routed.rpt -pb fpga_top_power_summary_routed.pb -rpx fpga_top_power_routed.rpx
Command: report_power -file fpga_top_power_routed.rpt -pb fpga_top_power_summary_routed.pb -rpx fpga_top_power_routed.rpx
Running Vector-less Activity Propagation...

Finished Running Vector-less Activity Propagation
105 Infos, 0 Warnings, 0 Critical Warnings and 0 Errors encountered.
report_power completed successfully
INFO: [Vivado 12-24828] Executing command : report_clock_utilization -file fpga_top_clock_utilization_routed.rpt
INFO: [Timing 38-480] Writing timing data to binary archive.
Write ShapeDB Complete: Time (s): cpu = 00:00:00 ; elapsed = 00:00:00 . Memory (MB): peak = 3122.145 ; gain = 0.000 ; free physical = 4288 ; free virtual = 8981
Wrote PlaceDB: Time (s): cpu = 00:00:00.01 ; elapsed = 00:00:00.01 . Memory (MB): peak = 3122.145 ; gain = 0.000 ; free physical = 4288 ; free virtual = 8981
Wrote PulsedLatchDB: Time (s): cpu = 00:00:00 ; elapsed = 00:00:00 . Memory (MB): peak = 3122.145 ; gain = 0.000 ; free physical = 4288 ; free virtual = 8981
Writing XDEF routing.
Writing XDEF routing logical nets.
Writing XDEF routing special nets.
Wrote RouteStorage: Time (s): cpu = 00:00:00.03 ; elapsed = 00:00:00.01 . Memory (MB): peak = 3122.145 ; gain = 0.000 ; free physical = 4288 ; free virtual = 8981
Wrote Netlist Cache: Time (s): cpu = 00:00:00 ; elapsed = 00:00:00 . Memory (MB): peak = 3122.145 ; gain = 0.000 ; free physical = 4288 ; free virtual = 8981
Wrote Device Cache: Time (s): cpu = 00:00:00.01 ; elapsed = 00:00:00.01 . Memory (MB): peak = 3122.145 ; gain = 0.000 ; free physical = 4288 ; free virtual = 8982
Write Physdb Complete: Time (s): cpu = 00:00:00.05 ; elapsed = 00:00:00.03 . Memory (MB): peak = 3122.145 ; gain = 0.000 ; free physical = 4288 ; free virtual = 8982
INFO: [Common 17-1381] The checkpoint '/home/ilya/drec-fpga-intro/problems/2026/08_down_led/fpga/fpga.runs/impl_1/fpga_top_routed.dcp' has been generated.
INFO: [Common 17-206] Exiting Vivado at Fri May 15 15:21:55 2026...

*** Running vivado
    with args -log fpga_top.vdi -applog -m64 -product Vivado -messageDb vivado.pb -mode batch -source fpga_top.tcl -notrace


****** Vivado v2025.1 (64-bit)
  **** SW Build 6140274 on Wed May 21 22:58:25 MDT 2025
  **** IP Build 6138677 on Thu May 22 03:10:11 MDT 2025
  **** SharedData Build 6139179 on Tue May 20 17:58:58 MDT 2025
  **** Start of session at: Fri May 15 15:22:08 2026
    ** Copyright 1986-2022 Xilinx, Inc. All Rights Reserved.
    ** Copyright 2022-2025 Advanced Micro Devices, Inc. All Rights Reserved.

source fpga_top.tcl -notrace
Command: open_checkpoint fpga_top_routed.dcp
INFO: [Device 21-403] Loading part xc7z020clg400-2
Netlist sorting complete. Time (s): cpu = 00:00:00 ; elapsed = 00:00:00 . Memory (MB): peak = 1691.547 ; gain = 0.000 ; free physical = 5623 ; free virtual = 10317
INFO: [Netlist 29-17] Analyzing 7 Unisim elements for replacement
INFO: [Netlist 29-28] Unisim Transformation completed in 0 CPU seconds
INFO: [Project 1-479] Netlist was created with Vivado 2025.1
INFO: [Project 1-570] Preparing netlist for logic optimization
Read ShapeDB Complete: Time (s): cpu = 00:00:00 ; elapsed = 00:00:00 . Memory (MB): peak = 1753.391 ; gain = 0.000 ; free physical = 5524 ; free virtual = 10218
INFO: [Timing 38-478] Restoring timing data from binary archive.
INFO: [Timing 38-479] Binary timing data restore complete.
INFO: [Project 1-856] Restoring constraints from binary archive.
INFO: [Project 1-853] Binary constraint restore complete.
INFO: [Designutils 20-5722] Start Reading Physical Databases.
Reading placement.
Read Netlist Cache: Time (s): cpu = 00:00:00 ; elapsed = 00:00:00 . Memory (MB): peak = 2304.953 ; gain = 0.000 ; free physical = 5022 ; free virtual = 9716
Reading placer database...
Read Device Cache: Time (s): cpu = 00:00:00 ; elapsed = 00:00:00 . Memory (MB): peak = 2304.953 ; gain = 0.000 ; free physical = 5022 ; free virtual = 9716
Read PlaceDB: Time (s): cpu = 00:00:00 ; elapsed = 00:00:00 . Memory (MB): peak = 2304.953 ; gain = 0.000 ; free physical = 5022 ; free virtual = 9716
Read PulsedLatchDB: Time (s): cpu = 00:00:00 ; elapsed = 00:00:00 . Memory (MB): peak = 2304.953 ; gain = 0.000 ; free physical = 5022 ; free virtual = 9716
Reading routing.
Read RouteStorage: Time (s): cpu = 00:00:00.01 ; elapsed = 00:00:00 . Memory (MB): peak = 2304.953 ; gain = 0.000 ; free physical = 5022 ; free virtual = 9716
Read Physdb Files: Time (s): cpu = 00:00:00.02 ; elapsed = 00:00:00.01 . Memory (MB): peak = 2304.953 ; gain = 0.000 ; free physical = 5022 ; free virtual = 9716
Restored from archive | CPU: 0.040000 secs | Memory: 1.167587 MB |
Finished XDEF File Restore: Time (s): cpu = 00:00:00.04 ; elapsed = 00:00:00.05 . Memory (MB): peak = 2304.953 ; gain = 7.938 ; free physical = 5022 ; free virtual = 9716
Netlist sorting complete. Time (s): cpu = 00:00:00 ; elapsed = 00:00:00 . Memory (MB): peak = 2304.953 ; gain = 0.000 ; free physical = 5022 ; free virtual = 9716
INFO: [Project 1-111] Unisim Transformation Summary:
No Unisim elements were transformed.

INFO: [Project 1-604] Checkpoint was created with Vivado v2025.1 (64-bit) build 6140274
open_checkpoint: Time (s): cpu = 00:00:13 ; elapsed = 00:00:08 . Memory (MB): peak = 2304.988 ; gain = 847.230 ; free physical = 5022 ; free virtual = 9716
Command: write_bitstream -force fpga_top.bit
Attempting to get a license for feature 'Implementation' and/or device 'xc7z020'
INFO: [Common 17-349] Got license for feature 'Implementation' and/or device 'xc7z020'
Running DRC as a precondition to command write_bitstream
INFO: [IP_Flow 19-234] Refreshing IP repositories
INFO: [IP_Flow 19-1704] No user IP repositories specified
INFO: [IP_Flow 19-2313] Loaded Vivado IP repository '/tools/Xilinx/2025.1/Vivado/data/ip'.
INFO: [DRC 23-27] Running DRC with 8 threads
INFO: [Vivado 12-3199] DRC finished with 0 Errors
INFO: [Vivado 12-3200] Please refer to the DRC report (report_drc) for more information.
INFO: [Designutils 20-2272] Running write_bitstream with 8 threads.
Loading data files...
Loading site data...
Loading route data...
Processing options...
Creating bitmap...
Creating bitstream...
Writing bitstream ./fpga_top.bit...
INFO: [Vivado 12-1842] Bitgen Completed Successfully.
INFO: [Project 1-1876] WebTalk data collection is mandatory when using a ULT device. To see the specific WebTalk data collected for your design, open the usage_statistics_webtalk.html or usage_statistics_webtalk.xml file in the implementation directory.
INFO: [Common 17-83] Releasing license: Implementation
23 Infos, 0 Warnings, 0 Critical Warnings and 0 Errors encountered.
write_bitstream completed successfully
write_bitstream: Time (s): cpu = 00:00:08 ; elapsed = 00:00:11 . Memory (MB): peak = 2777.781 ; gain = 472.793 ; free physical = 4552 ; free virtual = 9250
INFO: [Common 17-206] Exiting Vivado at Fri May 15 15:22:28 2026...

*** Running vivado
    with args -log fpga_top.vdi -applog -m64 -product Vivado -messageDb vivado.pb -mode batch -source fpga_top.tcl -notrace


****** Vivado v2025.1 (64-bit)
  **** SW Build 6140274 on Wed May 21 22:58:25 MDT 2025
  **** IP Build 6138677 on Thu May 22 03:10:11 MDT 2025
  **** SharedData Build 6139179 on Tue May 20 17:58:58 MDT 2025
  **** Start of session at: Fri May 15 15:23:02 2026
    ** Copyright 1986-2022 Xilinx, Inc. All Rights Reserved.
    ** Copyright 2022-2025 Advanced Micro Devices, Inc. All Rights Reserved.

source fpga_top.tcl -notrace
Command: open_checkpoint fpga_top_routed.dcp
INFO: [Device 21-403] Loading part xc7z020clg400-2
Netlist sorting complete. Time (s): cpu = 00:00:00 ; elapsed = 00:00:00 . Memory (MB): peak = 1690.164 ; gain = 0.000 ; free physical = 5592 ; free virtual = 10286
INFO: [Netlist 29-17] Analyzing 7 Unisim elements for replacement
INFO: [Netlist 29-28] Unisim Transformation completed in 0 CPU seconds
INFO: [Project 1-479] Netlist was created with Vivado 2025.1
INFO: [Project 1-570] Preparing netlist for logic optimization
Read ShapeDB Complete: Time (s): cpu = 00:00:00.01 ; elapsed = 00:00:00.01 . Memory (MB): peak = 1752.977 ; gain = 0.000 ; free physical = 5520 ; free virtual = 10214
INFO: [Timing 38-478] Restoring timing data from binary archive.
INFO: [Timing 38-479] Binary timing data restore complete.
INFO: [Project 1-856] Restoring constraints from binary archive.
INFO: [Project 1-853] Binary constraint restore complete.
INFO: [Designutils 20-5722] Start Reading Physical Databases.
Reading placement.
Read Netlist Cache: Time (s): cpu = 00:00:00 ; elapsed = 00:00:00 . Memory (MB): peak = 2305.445 ; gain = 0.000 ; free physical = 5004 ; free virtual = 9699
Reading placer database...
Read Device Cache: Time (s): cpu = 00:00:00.01 ; elapsed = 00:00:00.01 . Memory (MB): peak = 2305.445 ; gain = 0.000 ; free physical = 5004 ; free virtual = 9699
Read PlaceDB: Time (s): cpu = 00:00:00 ; elapsed = 00:00:00 . Memory (MB): peak = 2305.445 ; gain = 0.000 ; free physical = 5004 ; free virtual = 9699
Read PulsedLatchDB: Time (s): cpu = 00:00:00 ; elapsed = 00:00:00 . Memory (MB): peak = 2305.445 ; gain = 0.000 ; free physical = 5004 ; free virtual = 9699
Reading routing.
Read RouteStorage: Time (s): cpu = 00:00:00.01 ; elapsed = 00:00:00 . Memory (MB): peak = 2305.445 ; gain = 0.000 ; free physical = 5004 ; free virtual = 9699
Read Physdb Files: Time (s): cpu = 00:00:00.02 ; elapsed = 00:00:00.02 . Memory (MB): peak = 2305.445 ; gain = 0.000 ; free physical = 5004 ; free virtual = 9699
Restored from archive | CPU: 0.050000 secs | Memory: 1.167038 MB |
Finished XDEF File Restore: Time (s): cpu = 00:00:00.04 ; elapsed = 00:00:00.04 . Memory (MB): peak = 2305.445 ; gain = 5.938 ; free physical = 5004 ; free virtual = 9699
Netlist sorting complete. Time (s): cpu = 00:00:00.01 ; elapsed = 00:00:00 . Memory (MB): peak = 2305.445 ; gain = 0.000 ; free physical = 5004 ; free virtual = 9699
INFO: [Project 1-111] Unisim Transformation Summary:
No Unisim elements were transformed.

INFO: [Project 1-604] Checkpoint was created with Vivado v2025.1 (64-bit) build 6140274
open_checkpoint: Time (s): cpu = 00:00:13 ; elapsed = 00:00:08 . Memory (MB): peak = 2305.480 ; gain = 882.012 ; free physical = 5004 ; free virtual = 9699
Command: write_bitstream -force fpga_top.bit
Attempting to get a license for feature 'Implementation' and/or device 'xc7z020'
INFO: [Common 17-349] Got license for feature 'Implementation' and/or device 'xc7z020'
Running DRC as a precondition to command write_bitstream
INFO: [IP_Flow 19-234] Refreshing IP repositories
INFO: [IP_Flow 19-1704] No user IP repositories specified
INFO: [IP_Flow 19-2313] Loaded Vivado IP repository '/tools/Xilinx/2025.1/Vivado/data/ip'.
INFO: [DRC 23-27] Running DRC with 8 threads
INFO: [Vivado 12-3199] DRC finished with 0 Errors
INFO: [Vivado 12-3200] Please refer to the DRC report (report_drc) for more information.
INFO: [Designutils 20-2272] Running write_bitstream with 8 threads.
Loading data files...
Loading site data...
Loading route data...
Processing options...
Creating bitmap...
Creating bitstream...
Writing bitstream ./fpga_top.bit...
INFO: [Vivado 12-1842] Bitgen Completed Successfully.
INFO: [Project 1-1876] WebTalk data collection is mandatory when using a ULT device. To see the specific WebTalk data collected for your design, open the usage_statistics_webtalk.html or usage_statistics_webtalk.xml file in the implementation directory.
INFO: [Common 17-83] Releasing license: Implementation
23 Infos, 0 Warnings, 0 Critical Warnings and 0 Errors encountered.
write_bitstream completed successfully
write_bitstream: Time (s): cpu = 00:00:08 ; elapsed = 00:00:11 . Memory (MB): peak = 2778.414 ; gain = 472.934 ; free physical = 4508 ; free virtual = 9206
INFO: [Common 17-206] Exiting Vivado at Fri May 15 15:23:22 2026...
