#-----------------------------------------------------------
# Vivado v2025.1 (64-bit)
# SW Build 6140274 on Wed May 21 22:58:25 MDT 2025
# IP Build 6138677 on Thu May 22 03:10:11 MDT 2025
# SharedData Build 6139179 on Tue May 20 17:58:58 MDT 2025
# Start of session at: Fri May 15 20:58:49 2026
# Process ID         : 414234
# Current directory  : /home/ilya/drec-fpga-intro/problems/2026/14_syst_array
# Command line       : vivado -mode batch -source project.tcl
# Log file           : /home/ilya/drec-fpga-intro/problems/2026/14_syst_array/vivado.log
# Journal file       : /home/ilya/drec-fpga-intro/problems/2026/14_syst_array/vivado.jou
# Running On         : ilya-B550-GAMING-X-V2
# Platform           : Ubuntu
# Operating System   : Ubuntu 22.04.5 LTS
# Processor Detail   : AMD Ryzen 5 5600G with Radeon Graphics
# CPU Frequency      : 3551.875 MHz
# CPU Physical cores : 6
# CPU Logical cores  : 12
# Host memory        : 16622 MB
# Swap memory        : 0 MB
# Total Virtual      : 16622 MB
# Available Virtual  : 13244 MB
#-----------------------------------------------------------
source project.tcl
# create_project fpga ./fpga -part xc7z020clg400-2
# set_property target_language Verilog [current_project]
# add_files -norecurse src/axil2reg_wr.sv
# add_files -norecurse src/syst_array_axil.sv
# add_files -norecurse src/syst_array_axil_wrapper.v
# update_compile_order -fileset sources_1
# create_bd_design design_1 -dir fpga
Wrote  : </home/ilya/drec-fpga-intro/problems/2026/14_syst_array/fpga/design_1/design_1.bd> 
# create_bd_cell -type ip -vlnv xilinx.com:ip:processing_system7:5.5 processing_system7_0
# set_property -dict [list \
#   CONFIG.PCW_EN_CLK0_PORT {1} \
#   CONFIG.PCW_EN_RST0_PORT {1} \
#   CONFIG.PCW_USE_M_AXI_GP0 {1} \
#   CONFIG.PCW_SD0_PERIPHERAL_ENABLE {1} \
#   CONFIG.PCW_SD0_SD0_IO {MIO 40 .. 45} \
#   CONFIG.PCW_UART1_PERIPHERAL_ENABLE {1} \
#   CONFIG.PCW_UART1_UART1_IO {MIO 48 .. 49} \
# ] [get_bd_cells processing_system7_0]
# apply_bd_automation -rule xilinx.com:bd_rule:processing_system7 -config {make_external "FIXED_IO, DDR" Master "Disable" Slave "Disable" } [get_bd_cells processing_system7_0]
# create_bd_cell -type ip -vlnv xilinx.com:ip:axi_protocol_converter:2.1 axi_protocol_convert_0
# set_property -dict [list \
#   CONFIG.MI_PROTOCOL {AXI4LITE} \
#   CONFIG.SI_PROTOCOL {AXI3} \
#   CONFIG.TRANSLATION_MODE {2} \
# ] [get_bd_cells axi_protocol_convert_0]
# create_bd_cell -type ip -vlnv xilinx.com:ip:proc_sys_reset:5.0 proc_sys_reset_0
# create_bd_cell -type module -reference syst_array_axil_wrapper syst_array_axil_0
INFO: [IP_Flow 19-5107] Inferred bus interface 's_axil' of definition 'xilinx.com:interface:aximm:1.0' (from Xilinx Repository).
INFO: [IP_Flow 19-5107] Inferred bus interface 'rst_n' of definition 'xilinx.com:signal:reset:1.0' (from Xilinx Repository).
INFO: [IP_Flow 19-5107] Inferred bus interface 'clk' of definition 'xilinx.com:signal:clock:1.0' (from Xilinx Repository).
INFO: [IP_Flow 19-4728] Bus Interface 'rst_n': Added interface parameter 'POLARITY' with value 'ACTIVE_LOW'.
INFO: [IP_Flow 19-4728] Bus Interface 'clk': Added interface parameter 'ASSOCIATED_BUSIF' with value 's_axil'.
WARNING: [IP_Flow 19-11770] Clock interface 'clk' has no FREQ_HZ parameter.
# connect_bd_net [get_bd_pins processing_system7_0/FCLK_CLK0] [get_bd_pins axi_protocol_convert_0/aclk]
# connect_bd_net [get_bd_pins processing_system7_0/FCLK_CLK0] [get_bd_pins processing_system7_0/M_AXI_GP0_ACLK]
# connect_bd_net [get_bd_pins processing_system7_0/FCLK_CLK0] [get_bd_pins proc_sys_reset_0/slowest_sync_clk]
# connect_bd_net [get_bd_pins processing_system7_0/FCLK_CLK0] [get_bd_pins syst_array_axil_0/clk]
# connect_bd_net [get_bd_pins processing_system7_0/FCLK_RESET0_N] [get_bd_pins proc_sys_reset_0/ext_reset_in]
# connect_bd_net [get_bd_pins proc_sys_reset_0/peripheral_aresetn] [get_bd_pins axi_protocol_convert_0/aresetn]
# connect_bd_net [get_bd_pins proc_sys_reset_0/peripheral_aresetn] [get_bd_pins syst_array_axil_0/rst_n]
# connect_bd_intf_net [get_bd_intf_pins processing_system7_0/M_AXI_GP0] [get_bd_intf_pins axi_protocol_convert_0/S_AXI]
# connect_bd_intf_net [get_bd_intf_pins axi_protocol_convert_0/M_AXI] [get_bd_intf_pins syst_array_axil_0/s_axil]
# regenerate_bd_layout -routing
# assign_bd_address
INFO: [BD 41-3093] Triggering Legacy Auto Assign Algorithm
WARNING: [BD 41-1627] Requested range of <4G> for slave segments </syst_array_axil_0/s_axil/reg0> exceeds the range of the largest address space in assignment request </processing_system7_0/Data>. Shrinking the initial requested range to <1G>
Slave segment '/syst_array_axil_0/s_axil/reg0' is being assigned into address space '/processing_system7_0/Data' at <0x4000_0000 [ 1G ]>.
# validate_bd_design
# save_bd_design
Wrote  : </home/ilya/drec-fpga-intro/problems/2026/14_syst_array/fpga/design_1/design_1.bd> 
# make_wrapper -files [get_files fpga/design_1/design_1.bd] -top
INFO: [BD 41-1662] The design 'design_1.bd' is already validated. Therefore parameter propagation will not be re-run.
Verilog Output written to : /home/ilya/drec-fpga-intro/problems/2026/14_syst_array/fpga/design_1/synth/design_1.v
Verilog Output written to : /home/ilya/drec-fpga-intro/problems/2026/14_syst_array/fpga/design_1/sim/design_1.v
Verilog Output written to : /home/ilya/drec-fpga-intro/problems/2026/14_syst_array/fpga/design_1/hdl/design_1_wrapper.v
# add_files -norecurse fpga/design_1/hdl/design_1_wrapper.v
# set_property top design_1_wrapper [current_fileset]
# update_compile_order -fileset sources_1
INFO: [Common 17-206] Exiting Vivado at Fri May 15 20:58:58 2026...
