#-----------------------------------------------------------
# Vivado v2025.1 (64-bit)
# SW Build 6140274 on Wed May 21 22:58:25 MDT 2025
# IP Build 6138677 on Thu May 22 03:10:11 MDT 2025
# SharedData Build 6139179 on Tue May 20 17:58:58 MDT 2025
# Start of session at: Fri May 15 20:59:05 2026
# Process ID         : 414427
# Current directory  : /home/ilya/drec-fpga-intro/problems/2026/14_syst_array
# Command line       : vivado -mode batch -source rebuild14.tcl
# Log file           : /home/ilya/drec-fpga-intro/problems/2026/14_syst_array/vivado.log
# Journal file       : /home/ilya/drec-fpga-intro/problems/2026/14_syst_array/vivado.jou
# Running On         : ilya-B550-GAMING-X-V2
# Platform           : Ubuntu
# Operating System   : Ubuntu 22.04.5 LTS
# Processor Detail   : AMD Ryzen 5 5600G with Radeon Graphics
# CPU Frequency      : 400.000 MHz
# CPU Physical cores : 6
# CPU Logical cores  : 12
# Host memory        : 16622 MB
# Swap memory        : 0 MB
# Total Virtual      : 16622 MB
# Available Virtual  : 13259 MB
#-----------------------------------------------------------
source rebuild14.tcl
# open_project fpga/fpga.xpr
Scanning sources...
Finished scanning sources
WARNING: [Board 49-26] cannot add Board Part xilinx.com:ac701:part0:1.4 available at /tools/Xilinx/2025.1/data/xhub/boards/XilinxBoardStore/boards/Xilinx/ac701/1.4/board.xml as part xc7a200tfbg676-2 specified in board_part file is either invalid or not available
WARNING: [Board 49-26] cannot add Board Part xilinx.com:emb-plus-vpr-4616:part0:1.0 available at /tools/Xilinx/2025.1/data/xhub/boards/XilinxBoardStore/boards/Xilinx/emb-plus-vpr-4616/1.0/board.xml as part xcve2302-sfva784-2mp-e-s specified in board_part file is either invalid or not available
WARNING: [Board 49-26] cannot add Board Part xilinx.com:emb-plus-vpr-4616:part0:1.1 available at /tools/Xilinx/2025.1/data/xhub/boards/XilinxBoardStore/boards/Xilinx/emb-plus-vpr-4616/1.1/board.xml as part xcve2302-sfva784-2mp-e-s specified in board_part file is either invalid or not available
WARNING: [Board 49-26] cannot add Board Part xilinx.com:k24c:part0:1.0 available at /tools/Xilinx/2025.1/data/xhub/boards/XilinxBoardStore/boards/Xilinx/k24c/1.0/board.xml as part xck24-ubva530-2lv-c specified in board_part file is either invalid or not available
WARNING: [Board 49-26] cannot add Board Part xilinx.com:k24c:part0:1.1 available at /tools/Xilinx/2025.1/data/xhub/boards/XilinxBoardStore/boards/Xilinx/k24c/1.1/board.xml as part xck24-ubva530-2lv-c specified in board_part file is either invalid or not available
WARNING: [Board 49-26] cannot add Board Part xilinx.com:k24i:part0:1.0 available at /tools/Xilinx/2025.1/data/xhub/boards/XilinxBoardStore/boards/Xilinx/k24i/1.0/board.xml as part xck24-ubva530-2lvi-i specified in board_part file is either invalid or not available
WARNING: [Board 49-26] cannot add Board Part xilinx.com:k26c:part0:1.2 available at /tools/Xilinx/2025.1/data/xhub/boards/XilinxBoardStore/boards/Xilinx/k26c/1.2/board.xml as part xck26-sfvc784-2lv-c specified in board_part file is either invalid or not available
WARNING: [Board 49-26] cannot add Board Part xilinx.com:k26c:part0:1.3 available at /tools/Xilinx/2025.1/data/xhub/boards/XilinxBoardStore/boards/Xilinx/k26c/1.3/board.xml as part xck26-sfvc784-2lv-c specified in board_part file is either invalid or not available
WARNING: [Board 49-26] cannot add Board Part xilinx.com:k26c:part0:1.4 available at /tools/Xilinx/2025.1/data/xhub/boards/XilinxBoardStore/boards/Xilinx/k26c/1.4/board.xml as part xck26-sfvc784-2lv-c specified in board_part file is either invalid or not available
WARNING: [Board 49-26] cannot add Board Part xilinx.com:k26i:part0:1.2 available at /tools/Xilinx/2025.1/data/xhub/boards/XilinxBoardStore/boards/Xilinx/k26i/1.2/board.xml as part xck26-sfvc784-2lvi-i specified in board_part file is either invalid or not available
WARNING: [Board 49-26] cannot add Board Part xilinx.com:k26i:part0:1.3 available at /tools/Xilinx/2025.1/data/xhub/boards/XilinxBoardStore/boards/Xilinx/k26i/1.3/board.xml as part xck26-sfvc784-2lvi-i specified in board_part file is either invalid or not available
WARNING: [Board 49-26] cannot add Board Part xilinx.com:k26i:part0:1.4 available at /tools/Xilinx/2025.1/data/xhub/boards/XilinxBoardStore/boards/Xilinx/k26i/1.4/board.xml as part xck26-sfvc784-2lvi-i specified in board_part file is either invalid or not available
WARNING: [Board 49-26] cannot add Board Part xilinx.com:kc705:part0:1.6 available at /tools/Xilinx/2025.1/data/xhub/boards/XilinxBoardStore/boards/Xilinx/kc705/1.6/board.xml as part xc7k325tffg900-2 specified in board_part file is either invalid or not available
WARNING: [Board 49-26] cannot add Board Part xilinx.com:kc705:part0:1.7 available at /tools/Xilinx/2025.1/data/xhub/boards/XilinxBoardStore/boards/Xilinx/kc705/1.7/board.xml as part xc7k325tffg900-2 specified in board_part file is either invalid or not available
WARNING: [Board 49-26] cannot add Board Part xilinx.com:kcu105:part0:1.6 available at /tools/Xilinx/2025.1/data/xhub/boards/XilinxBoardStore/boards/Xilinx/kcu105/1.6/board.xml as part xcku040-ffva1156-2-e specified in board_part file is either invalid or not available
WARNING: [Board 49-26] cannot add Board Part xilinx.com:kcu105:part0:1.7 available at /tools/Xilinx/2025.1/data/xhub/boards/XilinxBoardStore/boards/Xilinx/kcu105/1.7/board.xml as part xcku040-ffva1156-2-e specified in board_part file is either invalid or not available
WARNING: [Board 49-26] cannot add Board Part xilinx.com:kcu116:part0:1.4 available at /tools/Xilinx/2025.1/data/xhub/boards/XilinxBoardStore/boards/Xilinx/kcu116/1.4/board.xml as part xcku5p-ffvb676-2-e specified in board_part file is either invalid or not available
WARNING: [Board 49-26] cannot add Board Part xilinx.com:kcu116:part0:1.5 available at /tools/Xilinx/2025.1/data/xhub/boards/XilinxBoardStore/boards/Xilinx/kcu116/1.5/board.xml as part xcku5p-ffvb676-2-e specified in board_part file is either invalid or not available
WARNING: [Board 49-26] cannot add Board Part xilinx.com:kcu1500:part0:1.2 available at /tools/Xilinx/2025.1/data/xhub/boards/XilinxBoardStore/boards/Xilinx/kcu1500/1.2/board.xml as part xcku115-flvb2104-2-e specified in board_part file is either invalid or not available
WARNING: [Board 49-26] cannot add Board Part xilinx.com:kd240_som:part0:1.0 available at /tools/Xilinx/2025.1/data/xhub/boards/XilinxBoardStore/boards/Xilinx/kd240_som/1.0/board.xml as part xck24-ubva530-2lv-c specified in board_part file is either invalid or not available
WARNING: [Board 49-26] cannot add Board Part xilinx.com:kd240_som:part0:1.1 available at /tools/Xilinx/2025.1/data/xhub/boards/XilinxBoardStore/boards/Xilinx/kd240_som/1.1/board.xml as part xck24-ubva530-2lv-c specified in board_part file is either invalid or not available
WARNING: [Board 49-26] cannot add Board Part xilinx.com:kr260_som:part0:1.0 available at /tools/Xilinx/2025.1/data/xhub/boards/XilinxBoardStore/boards/Xilinx/kr260_som/1.0/board.xml as part xck26-sfvc784-2lv-c specified in board_part file is either invalid or not available
WARNING: [Board 49-26] cannot add Board Part xilinx.com:kr260_som:part0:1.1 available at /tools/Xilinx/2025.1/data/xhub/boards/XilinxBoardStore/boards/Xilinx/kr260_som/1.1/board.xml as part xck26-sfvc784-2lv-c specified in board_part file is either invalid or not available
WARNING: [Board 49-26] cannot add Board Part xilinx.com:kv260_som:part0:1.2 available at /tools/Xilinx/2025.1/data/xhub/boards/XilinxBoardStore/boards/Xilinx/kv260_som/1.2/board.xml as part xck26-sfvc784-2lv-c specified in board_part file is either invalid or not available
WARNING: [Board 49-26] cannot add Board Part xilinx.com:kv260_som:part0:1.3 available at /tools/Xilinx/2025.1/data/xhub/boards/XilinxBoardStore/boards/Xilinx/kv260_som/1.3/board.xml as part xck26-sfvc784-2lv-c specified in board_part file is either invalid or not available
WARNING: [Board 49-26] cannot add Board Part xilinx.com:kv260_som:part0:1.4 available at /tools/Xilinx/2025.1/data/xhub/boards/XilinxBoardStore/boards/Xilinx/kv260_som/1.4/board.xml as part xck26-sfvc784-2lv-c specified in board_part file is either invalid or not available
WARNING: [Board 49-26] cannot add Board Part xilinx.com:scu35:part0:1.0 available at /tools/Xilinx/2025.1/data/xhub/boards/XilinxBoardStore/boards/Xilinx/scu35/1.0/board.xml as part xcsu35p-sbvb625-2-e specified in board_part file is either invalid or not available
WARNING: [Board 49-26] cannot add Board Part xilinx.com:sp701:part0:1.0 available at /tools/Xilinx/2025.1/data/xhub/boards/XilinxBoardStore/boards/Xilinx/sp701/1.0/board.xml as part xc7s100fgga676-2 specified in board_part file is either invalid or not available
WARNING: [Board 49-26] cannot add Board Part xilinx.com:sp701:part0:1.1 available at /tools/Xilinx/2025.1/data/xhub/boards/XilinxBoardStore/boards/Xilinx/sp701/1.1/board.xml as part xc7s100fgga676-2 specified in board_part file is either invalid or not available
WARNING: [Board 49-26] cannot add Board Part xilinx.com:v80:part0:1.0 available at /tools/Xilinx/2025.1/data/xhub/boards/XilinxBoardStore/boards/Xilinx/v80/1.0/board.xml as part xcv80-lsva4737-2mhp-e-s specified in board_part file is either invalid or not available
WARNING: [Board 49-26] cannot add Board Part xilinx.com:vc707:part0:1.4 available at /tools/Xilinx/2025.1/data/xhub/boards/XilinxBoardStore/boards/Xilinx/vc707/1.4/board.xml as part xc7vx485tffg1761-2 specified in board_part file is either invalid or not available
WARNING: [Board 49-26] cannot add Board Part xilinx.com:vc707:part0:1.5 available at /tools/Xilinx/2025.1/data/xhub/boards/XilinxBoardStore/boards/Xilinx/vc707/1.5/board.xml as part xc7vx485tffg1761-2 specified in board_part file is either invalid or not available
WARNING: [Board 49-26] cannot add Board Part xilinx.com:vc709:part0:1.8 available at /tools/Xilinx/2025.1/data/xhub/boards/XilinxBoardStore/boards/Xilinx/vc709/1.8/board.xml as part xc7vx690tffg1761-2 specified in board_part file is either invalid or not available
WARNING: [Board 49-26] cannot add Board Part xilinx.com:vck190:part0:2.2 available at /tools/Xilinx/2025.1/data/xhub/boards/XilinxBoardStore/boards/Xilinx/vck190/production/2.2/board.xml as part xcvc1902-vsva2197-2mp-e-s specified in board_part file is either invalid or not available
WARNING: [Board 49-26] cannot add Board Part xilinx.com:vck190:part0:3.0 available at /tools/Xilinx/2025.1/data/xhub/boards/XilinxBoardStore/boards/Xilinx/vck190/production/3.0/board.xml as part xcvc1902-vsva2197-2mp-e-s specified in board_part file is either invalid or not available
WARNING: [Board 49-26] cannot add Board Part xilinx.com:vck190:part0:3.1 available at /tools/Xilinx/2025.1/data/xhub/boards/XilinxBoardStore/boards/Xilinx/vck190/production/3.1/board.xml as part xcvc1902-vsva2197-2mp-e-s specified in board_part file is either invalid or not available
WARNING: [Board 49-26] cannot add Board Part xilinx.com:vck190:part0:3.2 available at /tools/Xilinx/2025.1/data/xhub/boards/XilinxBoardStore/boards/Xilinx/vck190/production/3.2/board.xml as part xcvc1902-vsva2197-2mp-e-s specified in board_part file is either invalid or not available
WARNING: [Board 49-26] cannot add Board Part xilinx.com:vck190:part0:3.3 available at /tools/Xilinx/2025.1/data/xhub/boards/XilinxBoardStore/boards/Xilinx/vck190/production/3.3/board.xml as part xcvc1902-vsva2197-2mp-e-s specified in board_part file is either invalid or not available
WARNING: [Board 49-26] cannot add Board Part xilinx.com:vck190:part0:3.4 available at /tools/Xilinx/2025.1/data/xhub/boards/XilinxBoardStore/boards/Xilinx/vck190/production/3.4/board.xml as part xcvc1902-vsva2197-2mp-e-s specified in board_part file is either invalid or not available
WARNING: [Board 49-26] cannot add Board Part xilinx.com:vck190_newl:part0:1.0 available at /tools/Xilinx/2025.1/data/xhub/boards/XilinxBoardStore/boards/Xilinx/vck190_newl/production/1.0/board.xml as part xcvc1902-vsva2197-2mp-e-s specified in board_part file is either invalid or not available
WARNING: [Board 49-26] cannot add Board Part xilinx.com:vck190_newl:part0:1.1 available at /tools/Xilinx/2025.1/data/xhub/boards/XilinxBoardStore/boards/Xilinx/vck190_newl/production/1.1/board.xml as part xcvc1902-vsva2197-2mp-e-s specified in board_part file is either invalid or not available
WARNING: [Board 49-26] cannot add Board Part xilinx.com:vck190_newl:part0:1.2 available at /tools/Xilinx/2025.1/data/xhub/boards/XilinxBoardStore/boards/Xilinx/vck190_newl/production/1.2/board.xml as part xcvc1902-vsva2197-2mp-e-s specified in board_part file is either invalid or not available
WARNING: [Board 49-26] cannot add Board Part xilinx.com:vck190_newl:part0:1.3 available at /tools/Xilinx/2025.1/data/xhub/boards/XilinxBoardStore/boards/Xilinx/vck190_newl/production/1.3/board.xml as part xcvc1902-vsva2197-2mp-e-s specified in board_part file is either invalid or not available
WARNING: [Board 49-26] cannot add Board Part xilinx.com:vcu108:part0:1.6 available at /tools/Xilinx/2025.1/data/xhub/boards/XilinxBoardStore/boards/Xilinx/vcu108/1.6/board.xml as part xcvu095-ffva2104-2-e specified in board_part file is either invalid or not available
WARNING: [Board 49-26] cannot add Board Part xilinx.com:vcu108:part0:1.7 available at /tools/Xilinx/2025.1/data/xhub/boards/XilinxBoardStore/boards/Xilinx/vcu108/1.7/board.xml as part xcvu095-ffva2104-2-e specified in board_part file is either invalid or not available
WARNING: [Board 49-26] cannot add Board Part xilinx.com:vcu110:part0:1.4 available at /tools/Xilinx/2025.1/data/xhub/boards/XilinxBoardStore/boards/Xilinx/vcu110/1.4/board.xml as part xcvu190-flgc2104-2-e specified in board_part file is either invalid or not available
WARNING: [Board 49-26] cannot add Board Part xilinx.com:vcu118:part0:2.0 available at /tools/Xilinx/2025.1/data/xhub/boards/XilinxBoardStore/boards/Xilinx/vcu118/2.0/board.xml as part xcvu9p-flga2104-2l-e specified in board_part file is either invalid or not available
WARNING: [Board 49-26] cannot add Board Part xilinx.com:vcu118:part0:2.3 available at /tools/Xilinx/2025.1/data/xhub/boards/XilinxBoardStore/boards/Xilinx/vcu118/2.3/board.xml as part xcvu9p-flga2104-2l-e specified in board_part file is either invalid or not available
WARNING: [Board 49-26] cannot add Board Part xilinx.com:vcu118:part0:2.4 available at /tools/Xilinx/2025.1/data/xhub/boards/XilinxBoardStore/boards/Xilinx/vcu118/2.4/board.xml as part xcvu9p-flga2104-2l-e specified in board_part file is either invalid or not available
WARNING: [Board 49-26] cannot add Board Part xilinx.com:vcu128:part0:1.0 available at /tools/Xilinx/2025.1/data/xhub/boards/XilinxBoardStore/boards/Xilinx/vcu128/production/1.0/board.xml as part xcvu37p-fsvh2892-2l-e specified in board_part file is either invalid or not available
WARNING: [Board 49-26] cannot add Board Part xilinx.com:vcu129:part0:1.0 available at /tools/Xilinx/2025.1/data/xhub/boards/XilinxBoardStore/boards/Xilinx/vcu129/production/1.0/board.xml as part xcvu29p-fsga2577-2l-e specified in board_part file is either invalid or not available
WARNING: [Board 49-26] cannot add Board Part xilinx.com:vcu1525:part0:1.3 available at /tools/Xilinx/2025.1/data/xhub/boards/XilinxBoardStore/boards/Xilinx/vcu1525/1.3/board.xml as part xcvu9p-fsgd2104-2l-e specified in board_part file is either invalid or not available
WARNING: [Board 49-26] cannot add Board Part xilinx.com:vek280:part0:1.0 available at /tools/Xilinx/2025.1/data/xhub/boards/XilinxBoardStore/boards/Xilinx/vek280/production/1.0/board.xml as part xcve2802-vsvh1760-2mp-e-s specified in board_part file is either invalid or not available
WARNING: [Board 49-26] cannot add Board Part xilinx.com:vek280:part0:1.1 available at /tools/Xilinx/2025.1/data/xhub/boards/XilinxBoardStore/boards/Xilinx/vek280/production/1.1/board.xml as part xcve2802-vsvh1760-2mp-e-s specified in board_part file is either invalid or not available
WARNING: [Board 49-26] cannot add Board Part xilinx.com:vek280:part0:1.2 available at /tools/Xilinx/2025.1/data/xhub/boards/XilinxBoardStore/boards/Xilinx/vek280/production/1.2/board.xml as part xcve2802-vsvh1760-2mp-e-s specified in board_part file is either invalid or not available
WARNING: [Board 49-26] cannot add Board Part xilinx.com:vek385:part0:1.0 available at /tools/Xilinx/2025.1/data/xhub/boards/XilinxBoardStore/boards/Xilinx/vek385/1.0/board.xml as part xc2ve3858-ssva2112-2mp-e-s specified in board_part file is either invalid or not available
WARNING: [Board 49-26] cannot add Board Part xilinx.com:vermeo_t1_mpsoc:part0:1.0 available at /tools/Xilinx/2025.1/data/xhub/boards/XilinxBoardStore/boards/Xilinx/vermeo_t1_mpsoc/1.0/board.xml as part xczu19eg-ffvd1760-2l-e specified in board_part file is either invalid or not available
WARNING: [Board 49-26] cannot add Board Part xilinx.com:vermeo_t1_rfsoc:part0:1.0 available at /tools/Xilinx/2025.1/data/xhub/boards/XilinxBoardStore/boards/Xilinx/vermeo_t1_rfsoc/1.0/board.xml as part xczu21dr-ffvd1156-2l-e specified in board_part file is either invalid or not available
WARNING: [Board 49-26] cannot add Board Part xilinx.com:vhk158:part0:1.0 available at /tools/Xilinx/2025.1/data/xhub/boards/XilinxBoardStore/boards/Xilinx/vhk158/production/1.0/board.xml as part xcvh1582-vsva3697-2mp-e-s specified in board_part file is either invalid or not available
WARNING: [Board 49-26] cannot add Board Part xilinx.com:vhk158:part0:1.1 available at /tools/Xilinx/2025.1/data/xhub/boards/XilinxBoardStore/boards/Xilinx/vhk158/production/1.1/board.xml as part xcvh1582-vsva3697-2mp-e-s specified in board_part file is either invalid or not available
WARNING: [Board 49-26] cannot add Board Part xilinx.com:vhk158:part0:1.2 available at /tools/Xilinx/2025.1/data/xhub/boards/XilinxBoardStore/boards/Xilinx/vhk158/production/1.2/board.xml as part xcvh1582-vsva3697-2mp-e-s specified in board_part file is either invalid or not available
WARNING: [Board 49-26] cannot add Board Part xilinx.com:vmk180:part0:2.2 available at /tools/Xilinx/2025.1/data/xhub/boards/XilinxBoardStore/boards/Xilinx/vmk180/production/2.2/board.xml as part xcvm1802-vsva2197-2mp-e-s specified in board_part file is either invalid or not available
WARNING: [Board 49-26] cannot add Board Part xilinx.com:vmk180:part0:3.0 available at /tools/Xilinx/2025.1/data/xhub/boards/XilinxBoardStore/boards/Xilinx/vmk180/production/3.0/board.xml as part xcvm1802-vsva2197-2mp-e-s specified in board_part file is either invalid or not available
WARNING: [Board 49-26] cannot add Board Part xilinx.com:vmk180:part0:3.1 available at /tools/Xilinx/2025.1/data/xhub/boards/XilinxBoardStore/boards/Xilinx/vmk180/production/3.1/board.xml as part xcvm1802-vsva2197-2mp-e-s specified in board_part file is either invalid or not available
WARNING: [Board 49-26] cannot add Board Part xilinx.com:vmk180:part0:3.2 available at /tools/Xilinx/2025.1/data/xhub/boards/XilinxBoardStore/boards/Xilinx/vmk180/production/3.2/board.xml as part xcvm1802-vsva2197-2mp-e-s specified in board_part file is either invalid or not available
WARNING: [Board 49-26] cannot add Board Part xilinx.com:vmk180:part0:3.3 available at /tools/Xilinx/2025.1/data/xhub/boards/XilinxBoardStore/boards/Xilinx/vmk180/production/3.3/board.xml as part xcvm1802-vsva2197-2mp-e-s specified in board_part file is either invalid or not available
WARNING: [Board 49-26] cannot add Board Part xilinx.com:vmk180_newl:part0:1.0 available at /tools/Xilinx/2025.1/data/xhub/boards/XilinxBoardStore/boards/Xilinx/vmk180_newl/production/1.0/board.xml as part xcvm1802-vsva2197-2mp-e-s specified in board_part file is either invalid or not available
WARNING: [Board 49-26] cannot add Board Part xilinx.com:vmk180_newl:part0:1.1 available at /tools/Xilinx/2025.1/data/xhub/boards/XilinxBoardStore/boards/Xilinx/vmk180_newl/production/1.1/board.xml as part xcvm1802-vsva2197-2mp-e-s specified in board_part file is either invalid or not available
WARNING: [Board 49-26] cannot add Board Part xilinx.com:vpk120:part0:1.0 available at /tools/Xilinx/2025.1/data/xhub/boards/XilinxBoardStore/boards/Xilinx/vpk120/production/1.0/board.xml as part xcvp1202-vsva2785-2mp-e-s specified in board_part file is either invalid or not available
WARNING: [Board 49-26] cannot add Board Part xilinx.com:vpk120:part0:1.1 available at /tools/Xilinx/2025.1/data/xhub/boards/XilinxBoardStore/boards/Xilinx/vpk120/production/1.1/board.xml as part xcvp1202-vsva2785-2mp-e-s specified in board_part file is either invalid or not available
WARNING: [Board 49-26] cannot add Board Part xilinx.com:vpk120:part0:1.2 available at /tools/Xilinx/2025.1/data/xhub/boards/XilinxBoardStore/boards/Xilinx/vpk120/production/1.2/board.xml as part xcvp1202-vsva2785-2mp-e-s specified in board_part file is either invalid or not available
WARNING: [Board 49-26] cannot add Board Part xilinx.com:vpk180:part0:1.0 available at /tools/Xilinx/2025.1/data/xhub/boards/XilinxBoardStore/boards/Xilinx/vpk180/production/1.0/board.xml as part xcvp1802-lsvc4072-2mp-e-s specified in board_part file is either invalid or not available
WARNING: [Board 49-26] cannot add Board Part xilinx.com:vpk180:part0:1.1 available at /tools/Xilinx/2025.1/data/xhub/boards/XilinxBoardStore/boards/Xilinx/vpk180/production/1.1/board.xml as part xcvp1802-lsvc4072-2mp-e-s specified in board_part file is either invalid or not available
WARNING: [Board 49-26] cannot add Board Part xilinx.com:vpk180:part0:1.2 available at /tools/Xilinx/2025.1/data/xhub/boards/XilinxBoardStore/boards/Xilinx/vpk180/production/1.2/board.xml as part xcvp1802-lsvc4072-2mp-e-s specified in board_part file is either invalid or not available
WARNING: [Board 49-26] cannot add Board Part xilinx.com:zcu102:part0:3.3 available at /tools/Xilinx/2025.1/data/xhub/boards/XilinxBoardStore/boards/Xilinx/zcu102/3.3/board.xml as part xczu9eg-ffvb1156-2-e specified in board_part file is either invalid or not available
WARNING: [Board 49-26] cannot add Board Part xilinx.com:zcu102:part0:3.4 available at /tools/Xilinx/2025.1/data/xhub/boards/XilinxBoardStore/boards/Xilinx/zcu102/3.4/board.xml as part xczu9eg-ffvb1156-2-e specified in board_part file is either invalid or not available
WARNING: [Board 49-26] cannot add Board Part xilinx.com:zcu104:part0:1.1 available at /tools/Xilinx/2025.1/data/xhub/boards/XilinxBoardStore/boards/Xilinx/zcu104/1.1/board.xml as part xczu7ev-ffvc1156-2-e specified in board_part file is either invalid or not available
WARNING: [Board 49-26] cannot add Board Part xilinx.com:zcu106:part0:2.4 available at /tools/Xilinx/2025.1/data/xhub/boards/XilinxBoardStore/boards/Xilinx/zcu106/2.4/board.xml as part xczu7ev-ffvc1156-2-e specified in board_part file is either invalid or not available
WARNING: [Board 49-26] cannot add Board Part xilinx.com:zcu106:part0:2.5 available at /tools/Xilinx/2025.1/data/xhub/boards/XilinxBoardStore/boards/Xilinx/zcu106/2.5/board.xml as part xczu7ev-ffvc1156-2-e specified in board_part file is either invalid or not available
WARNING: [Board 49-26] cannot add Board Part xilinx.com:zcu106:part0:2.6 available at /tools/Xilinx/2025.1/data/xhub/boards/XilinxBoardStore/boards/Xilinx/zcu106/2.6/board.xml as part xczu7ev-ffvc1156-2-e specified in board_part file is either invalid or not available
WARNING: [Board 49-26] cannot add Board Part xilinx.com:zcu111:part0:1.2 available at /tools/Xilinx/2025.1/data/xhub/boards/XilinxBoardStore/boards/Xilinx/zcu111/1.2/board.xml as part xczu28dr-ffvg1517-2-e specified in board_part file is either invalid or not available
WARNING: [Board 49-26] cannot add Board Part xilinx.com:zcu111:part0:1.3 available at /tools/Xilinx/2025.1/data/xhub/boards/XilinxBoardStore/boards/Xilinx/zcu111/1.3/board.xml as part xczu28dr-ffvg1517-2-e specified in board_part file is either invalid or not available
WARNING: [Board 49-26] cannot add Board Part xilinx.com:zcu111:part0:1.4 available at /tools/Xilinx/2025.1/data/xhub/boards/XilinxBoardStore/boards/Xilinx/zcu111/1.4/board.xml as part xczu28dr-ffvg1517-2-e specified in board_part file is either invalid or not available
WARNING: [Board 49-26] cannot add Board Part xilinx.com:zcu1275:part0:1.0 available at /tools/Xilinx/2025.1/data/xhub/boards/XilinxBoardStore/boards/Xilinx/zcu1275/1.0/board.xml as part xczu29dr-ffvf1760-2-e specified in board_part file is either invalid or not available
WARNING: [Board 49-26] cannot add Board Part xilinx.com:zcu1285:part0:1.0 available at /tools/Xilinx/2025.1/data/xhub/boards/XilinxBoardStore/boards/Xilinx/zcu1285/1.0/board.xml as part xczu39dr-ffvf1760-2-i specified in board_part file is either invalid or not available
WARNING: [Board 49-26] cannot add Board Part xilinx.com:zcu208:part0:2.0 available at /tools/Xilinx/2025.1/data/xhub/boards/XilinxBoardStore/boards/Xilinx/zcu208/production/2.0/board.xml as part xczu48dr-fsvg1517-2-e specified in board_part file is either invalid or not available
WARNING: [Board 49-26] cannot add Board Part xilinx.com:zcu208ld:part0:2.0 available at /tools/Xilinx/2025.1/data/xhub/boards/XilinxBoardStore/boards/Xilinx/zcu208ld/production/2.0/board.xml as part xczu58dr-fsvg1517-2-i specified in board_part file is either invalid or not available
WARNING: [Board 49-26] cannot add Board Part xilinx.com:zcu216:part0:2.0 available at /tools/Xilinx/2025.1/data/xhub/boards/XilinxBoardStore/boards/Xilinx/zcu216/production/2.0/board.xml as part xczu49dr-ffvf1760-2-e specified in board_part file is either invalid or not available
WARNING: [Board 49-26] cannot add Board Part xilinx.com:zcu216ld:part0:2.0 available at /tools/Xilinx/2025.1/data/xhub/boards/XilinxBoardStore/boards/Xilinx/zcu216ld/production/2.0/board.xml as part xczu59dr-ffvf1760-2-i specified in board_part file is either invalid or not available
WARNING: [Board 49-26] cannot add Board Part xilinx.com:zcu670:part0:2.0 available at /tools/Xilinx/2025.1/data/xhub/boards/XilinxBoardStore/boards/Xilinx/zcu670/2.0/board.xml as part xczu67dr-fsve1156-2-i specified in board_part file is either invalid or not available
WARNING: [Board 49-26] cannot add Board Part xilinx.com:zcu670ld:part0:1.0 available at /tools/Xilinx/2025.1/data/xhub/boards/XilinxBoardStore/boards/Xilinx/zcu670ld/1.0/board.xml as part xczu57dr-fsve1156-2-i specified in board_part file is either invalid or not available
WARNING: [Project 1-5713] Board part '' set for the project  is not found. BoardPart property will be unset. Please select board from latest repo build 
INFO: [IP_Flow 19-234] Refreshing IP repositories
INFO: [IP_Flow 19-1704] No user IP repositories specified
INFO: [IP_Flow 19-2313] Loaded Vivado IP repository '/tools/Xilinx/2025.1/Vivado/data/ip'.
# reset_run synth_1
# reset_run impl_1
# launch_runs impl_1 -to_step write_bitstream -jobs 8
INFO: [BD 41-1662] The design 'design_1.bd' is already validated. Therefore parameter propagation will not be re-run.
Verilog Output written to : /home/ilya/drec-fpga-intro/problems/2026/14_syst_array/fpga/design_1/synth/design_1.v
Verilog Output written to : /home/ilya/drec-fpga-intro/problems/2026/14_syst_array/fpga/design_1/sim/design_1.v
Verilog Output written to : /home/ilya/drec-fpga-intro/problems/2026/14_syst_array/fpga/design_1/hdl/design_1_wrapper.v
INFO: [IP_Flow 19-5611] Unable to find an associated reset port for the interface 'M_AXI_GP0'. A default connection has been created.
INFO: [BD 41-1029] Generation completed for the IP Integrator block processing_system7_0 .
WARNING: [IP_Flow 19-4994] Overwriting existing constraint file '/home/ilya/drec-fpga-intro/problems/2026/14_syst_array/fpga/design_1/ip/design_1_axi_protocol_convert_0_0/design_1_axi_protocol_convert_0_0_ooc.xdc'
INFO: [BD 41-1029] Generation completed for the IP Integrator block axi_protocol_convert_0 .
INFO: [BD 41-1029] Generation completed for the IP Integrator block proc_sys_reset_0 .
INFO: [BD 41-1029] Generation completed for the IP Integrator block syst_array_axil_0 .
Exporting to file /home/ilya/drec-fpga-intro/problems/2026/14_syst_array/fpga/design_1/hw_handoff/design_1.hwh
Generated Hardware Definition File /home/ilya/drec-fpga-intro/problems/2026/14_syst_array/fpga/design_1/synth/design_1.hwdef
[Fri May 15 20:59:21 2026] Launched design_1_processing_system7_0_0_synth_1, design_1_syst_array_axil_0_0_synth_1, design_1_proc_sys_reset_0_0_synth_1, design_1_axi_protocol_convert_0_0_synth_1, synth_1...
Run output will be captured here:
design_1_processing_system7_0_0_synth_1: /home/ilya/drec-fpga-intro/problems/2026/14_syst_array/fpga/fpga.runs/design_1_processing_system7_0_0_synth_1/runme.log
design_1_syst_array_axil_0_0_synth_1: /home/ilya/drec-fpga-intro/problems/2026/14_syst_array/fpga/fpga.runs/design_1_syst_array_axil_0_0_synth_1/runme.log
design_1_proc_sys_reset_0_0_synth_1: /home/ilya/drec-fpga-intro/problems/2026/14_syst_array/fpga/fpga.runs/design_1_proc_sys_reset_0_0_synth_1/runme.log
design_1_axi_protocol_convert_0_0_synth_1: /home/ilya/drec-fpga-intro/problems/2026/14_syst_array/fpga/fpga.runs/design_1_axi_protocol_convert_0_0_synth_1/runme.log
synth_1: /home/ilya/drec-fpga-intro/problems/2026/14_syst_array/fpga/fpga.runs/synth_1/runme.log
[Fri May 15 20:59:21 2026] Launched impl_1...
Run output will be captured here: /home/ilya/drec-fpga-intro/problems/2026/14_syst_array/fpga/fpga.runs/impl_1/runme.log
launch_runs: Time (s): cpu = 00:00:13 ; elapsed = 00:00:13 . Memory (MB): peak = 1750.020 ; gain = 230.016 ; free physical = 6290 ; free virtual = 12062
# wait_on_run impl_1
[Fri May 15 20:59:21 2026] Waiting for impl_1 to finish...

*** Running vivado
    with args -log design_1_wrapper.vdi -applog -m64 -product Vivado -messageDb vivado.pb -mode batch -source design_1_wrapper.tcl -notrace


****** Vivado v2025.1 (64-bit)
  **** SW Build 6140274 on Wed May 21 22:58:25 MDT 2025
  **** IP Build 6138677 on Thu May 22 03:10:11 MDT 2025
  **** SharedData Build 6139179 on Tue May 20 17:58:58 MDT 2025
  **** Start of session at: Fri May 15 21:00:45 2026
    ** Copyright 1986-2022 Xilinx, Inc. All Rights Reserved.
    ** Copyright 2022-2025 Advanced Micro Devices, Inc. All Rights Reserved.

source design_1_wrapper.tcl -notrace
INFO: [IP_Flow 19-234] Refreshing IP repositories
INFO: [IP_Flow 19-1704] No user IP repositories specified
INFO: [IP_Flow 19-2313] Loaded Vivado IP repository '/tools/Xilinx/2025.1/Vivado/data/ip'.
Command: link_design -top design_1_wrapper -part xc7z020clg400-2
Design is defaulting to srcset: sources_1
Design is defaulting to constrset: constrs_1
INFO: [Device 21-403] Loading part xc7z020clg400-2
INFO: [Project 1-5699] Read binary netlist with skipMacroContent - 1
INFO: [Project 1-454] Reading design checkpoint '/home/ilya/drec-fpga-intro/problems/2026/14_syst_array/fpga/design_1/ip/design_1_axi_protocol_convert_0_0/design_1_axi_protocol_convert_0_0.dcp' for cell 'design_1_i/axi_protocol_convert_0'
INFO: [Project 1-454] Reading design checkpoint '/home/ilya/drec-fpga-intro/problems/2026/14_syst_array/fpga/design_1/ip/design_1_proc_sys_reset_0_0/design_1_proc_sys_reset_0_0.dcp' for cell 'design_1_i/proc_sys_reset_0'
INFO: [Project 1-454] Reading design checkpoint '/home/ilya/drec-fpga-intro/problems/2026/14_syst_array/fpga/design_1/ip/design_1_processing_system7_0_0/design_1_processing_system7_0_0.dcp' for cell 'design_1_i/processing_system7_0'
INFO: [Project 1-454] Reading design checkpoint '/home/ilya/drec-fpga-intro/problems/2026/14_syst_array/fpga/design_1/ip/design_1_syst_array_axil_0_0/design_1_syst_array_axil_0_0.dcp' for cell 'design_1_i/syst_array_axil_0'
Netlist sorting complete. Time (s): cpu = 00:00:00.04 ; elapsed = 00:00:00.04 . Memory (MB): peak = 1710.164 ; gain = 0.000 ; free physical = 5757 ; free virtual = 11478
INFO: [Netlist 29-17] Analyzing 1399 Unisim elements for replacement
INFO: [Netlist 29-28] Unisim Transformation completed in 0 CPU seconds
WARNING: [Netlist 29-43] Netlist 'design_1_wrapper' is not ideal for floorplanning, since the cellview 'design_1_syst_array_axil_0_0_syst_array_axil' defined in file 'design_1_syst_array_axil_0_0.edf' contains large number of primitives.  Please consider enabling hierarchy in synthesis if you want to do floorplanning.
INFO: [Project 1-479] Netlist was created with Vivado 2025.1
INFO: [Project 1-570] Preparing netlist for logic optimization
Parsing XDC File [/home/ilya/drec-fpga-intro/problems/2026/14_syst_array/fpga/design_1/ip/design_1_processing_system7_0_0/design_1_processing_system7_0_0.xdc] for cell 'design_1_i/processing_system7_0/inst'
Finished Parsing XDC File [/home/ilya/drec-fpga-intro/problems/2026/14_syst_array/fpga/design_1/ip/design_1_processing_system7_0_0/design_1_processing_system7_0_0.xdc] for cell 'design_1_i/processing_system7_0/inst'
Parsing XDC File [/home/ilya/drec-fpga-intro/problems/2026/14_syst_array/fpga/design_1/ip/design_1_proc_sys_reset_0_0/design_1_proc_sys_reset_0_0_board.xdc] for cell 'design_1_i/proc_sys_reset_0/U0'
Finished Parsing XDC File [/home/ilya/drec-fpga-intro/problems/2026/14_syst_array/fpga/design_1/ip/design_1_proc_sys_reset_0_0/design_1_proc_sys_reset_0_0_board.xdc] for cell 'design_1_i/proc_sys_reset_0/U0'
INFO: [Project 1-1714] 2 XPM XDC files have been applied to the design.
INFO: [Opt 31-138] Pushed 0 inverter(s) to 0 load pin(s).
Netlist sorting complete. Time (s): cpu = 00:00:00 ; elapsed = 00:00:00 . Memory (MB): peak = 2463.316 ; gain = 0.000 ; free physical = 5139 ; free virtual = 10859
INFO: [Project 1-111] Unisim Transformation Summary:
No Unisim elements were transformed.

16 Infos, 1 Warnings, 0 Critical Warnings and 0 Errors encountered.
link_design completed successfully
link_design: Time (s): cpu = 00:00:10 ; elapsed = 00:00:09 . Memory (MB): peak = 2463.352 ; gain = 957.703 ; free physical = 5139 ; free virtual = 10859
Command: opt_design
Attempting to get a license for feature 'Implementation' and/or device 'xc7z020'
INFO: [Common 17-349] Got license for feature 'Implementation' and/or device 'xc7z020'
Running DRC as a precondition to command opt_design

Starting DRC Task
INFO: [DRC 23-27] Running DRC with 8 threads
INFO: [Project 1-461] DRC finished with 0 Errors
INFO: [Project 1-462] Please refer to the DRC report (report_drc) for more information.

Time (s): cpu = 00:00:01 ; elapsed = 00:00:00.37 . Memory (MB): peak = 2471.316 ; gain = 7.965 ; free physical = 5096 ; free virtual = 10817

Starting Cache Timing Information Task
INFO: [Timing 38-35] Done setting XDC timing constraints.
Ending Cache Timing Information Task | Checksum: 1ccc8b184

Time (s): cpu = 00:00:02 ; elapsed = 00:00:00.41 . Memory (MB): peak = 2474.285 ; gain = 2.969 ; free physical = 5092 ; free virtual = 10812

Starting Logic Optimization Task

Phase 1 Initialization

Phase 1.1 Core Generation And Design Setup
Phase 1.1 Core Generation And Design Setup | Checksum: 1ccc8b184

Time (s): cpu = 00:00:00.01 ; elapsed = 00:00:00.01 . Memory (MB): peak = 2807.184 ; gain = 0.000 ; free physical = 4766 ; free virtual = 10487

Phase 1.2 Setup Constraints And Sort Netlist
Phase 1.2 Setup Constraints And Sort Netlist | Checksum: 1ccc8b184

Time (s): cpu = 00:00:00.01 ; elapsed = 00:00:00.01 . Memory (MB): peak = 2807.184 ; gain = 0.000 ; free physical = 4766 ; free virtual = 10487
Phase 1 Initialization | Checksum: 1ccc8b184

Time (s): cpu = 00:00:00.01 ; elapsed = 00:00:00.01 . Memory (MB): peak = 2807.184 ; gain = 0.000 ; free physical = 4766 ; free virtual = 10487

Phase 2 Timer Update And Timing Data Collection

Phase 2.1 Timer Update
Phase 2.1 Timer Update | Checksum: 1ccc8b184

Time (s): cpu = 00:00:00.97 ; elapsed = 00:00:00.21 . Memory (MB): peak = 2807.184 ; gain = 0.000 ; free physical = 4759 ; free virtual = 10479

Phase 2.2 Timing Data Collection
Phase 2.2 Timing Data Collection | Checksum: 1ccc8b184

Time (s): cpu = 00:00:00.98 ; elapsed = 00:00:00.22 . Memory (MB): peak = 2807.184 ; gain = 0.000 ; free physical = 4759 ; free virtual = 10479
Phase 2 Timer Update And Timing Data Collection | Checksum: 1ccc8b184

Time (s): cpu = 00:00:00.99 ; elapsed = 00:00:00.22 . Memory (MB): peak = 2807.184 ; gain = 0.000 ; free physical = 4759 ; free virtual = 10479

Phase 3 Retarget
INFO: [Opt 31-1851] Number of loadless carry chains removed were: 0
INFO: [Opt 31-1834] Total Chains To Be Transformed Were: 0 AND Number of Transformed insts Created are: 0
INFO: [Opt 31-1566] Pulled 1 inverters resulting in an inversion of 31 pins
INFO: [Opt 31-138] Pushed 1 inverter(s) to 1 load pin(s).
INFO: [Opt 31-49] Retargeted 0 cell(s).
Phase 3 Retarget | Checksum: eb1447a2

Time (s): cpu = 00:00:01 ; elapsed = 00:00:00.38 . Memory (MB): peak = 2807.184 ; gain = 0.000 ; free physical = 4759 ; free virtual = 10479
Retarget | Checksum: eb1447a2
INFO: [Opt 31-389] Phase Retarget created 18 cells and removed 45 cells

Phase 4 Constant propagation
INFO: [Opt 31-138] Pushed 0 inverter(s) to 0 load pin(s).
Phase 4 Constant propagation | Checksum: 144c09c07

Time (s): cpu = 00:00:01 ; elapsed = 00:00:00.58 . Memory (MB): peak = 2807.184 ; gain = 0.000 ; free physical = 4759 ; free virtual = 10479
Constant propagation | Checksum: 144c09c07
INFO: [Opt 31-389] Phase Constant propagation created 306 cells and removed 818 cells

Phase 5 Sweep
INFO: [Constraints 18-11670] Building netlist checker database with flags, 0x8
Done building netlist checker database: Time (s): cpu = 00:00:00 ; elapsed = 00:00:00 . Memory (MB): peak = 2807.184 ; gain = 0.000 ; free physical = 4759 ; free virtual = 10479
INFO: [Constraints 18-11670] Building netlist checker database with flags, 0x8
Done building netlist checker database: Time (s): cpu = 00:00:00 ; elapsed = 00:00:00 . Memory (MB): peak = 2807.184 ; gain = 0.000 ; free physical = 4759 ; free virtual = 10479
Phase 5 Sweep | Checksum: 12b683fac

Time (s): cpu = 00:00:02 ; elapsed = 00:00:00.82 . Memory (MB): peak = 2807.184 ; gain = 0.000 ; free physical = 4759 ; free virtual = 10479
Sweep | Checksum: 12b683fac
INFO: [Opt 31-389] Phase Sweep created 0 cells and removed 228 cells

Phase 6 BUFG optimization
Phase 6 BUFG optimization | Checksum: 12b683fac

Time (s): cpu = 00:00:02 ; elapsed = 00:00:00.87 . Memory (MB): peak = 2839.199 ; gain = 32.016 ; free physical = 4759 ; free virtual = 10479
BUFG optimization | Checksum: 12b683fac
INFO: [Opt 31-662] Phase BUFG optimization created 0 cells of which 0 are BUFGs and removed 0 cells.

Phase 7 Shift Register Optimization
INFO: [Opt 31-1064] SRL Remap converted 0 SRLs to 0 registers and converted 0 registers of register chains to 0 SRLs
Phase 7 Shift Register Optimization | Checksum: 12b683fac

Time (s): cpu = 00:00:02 ; elapsed = 00:00:00.87 . Memory (MB): peak = 2839.199 ; gain = 32.016 ; free physical = 4759 ; free virtual = 10479
Shift Register Optimization | Checksum: 12b683fac
INFO: [Opt 31-389] Phase Shift Register Optimization created 0 cells and removed 0 cells

Phase 8 Post Processing Netlist
Phase 8 Post Processing Netlist | Checksum: 117185b66

Time (s): cpu = 00:00:02 ; elapsed = 00:00:00.9 . Memory (MB): peak = 2839.199 ; gain = 32.016 ; free physical = 4759 ; free virtual = 10479
Post Processing Netlist | Checksum: 117185b66
INFO: [Opt 31-389] Phase Post Processing Netlist created 0 cells and removed 0 cells

Phase 9 Finalization

Phase 9.1 Finalizing Design Cores and Updating Shapes
Phase 9.1 Finalizing Design Cores and Updating Shapes | Checksum: fa7b2a97

Time (s): cpu = 00:00:02 ; elapsed = 00:00:01 . Memory (MB): peak = 2839.199 ; gain = 32.016 ; free physical = 4759 ; free virtual = 10479

Phase 9.2 Verifying Netlist Connectivity

Starting Connectivity Check Task

Time (s): cpu = 00:00:00.01 ; elapsed = 00:00:00.01 . Memory (MB): peak = 2839.199 ; gain = 0.000 ; free physical = 4759 ; free virtual = 10479
Phase 9.2 Verifying Netlist Connectivity | Checksum: fa7b2a97

Time (s): cpu = 00:00:02 ; elapsed = 00:00:01 . Memory (MB): peak = 2839.199 ; gain = 32.016 ; free physical = 4759 ; free virtual = 10479
Phase 9 Finalization | Checksum: fa7b2a97

Time (s): cpu = 00:00:02 ; elapsed = 00:00:01 . Memory (MB): peak = 2839.199 ; gain = 32.016 ; free physical = 4759 ; free virtual = 10479
Opt_design Change Summary
=========================


-------------------------------------------------------------------------------------------------------------------------
|  Phase                        |  #Cells created  |  #Cells Removed  |  #Constrained objects preventing optimizations  |
-------------------------------------------------------------------------------------------------------------------------
|  Retarget                     |              18  |              45  |                                              0  |
|  Constant propagation         |             306  |             818  |                                              0  |
|  Sweep                        |               0  |             228  |                                              0  |
|  BUFG optimization            |               0  |               0  |                                              0  |
|  Shift Register Optimization  |               0  |               0  |                                              0  |
|  Post Processing Netlist      |               0  |               0  |                                              0  |
-------------------------------------------------------------------------------------------------------------------------


Ending Logic Optimization Task | Checksum: fa7b2a97

Time (s): cpu = 00:00:02 ; elapsed = 00:00:01 . Memory (MB): peak = 2839.199 ; gain = 32.016 ; free physical = 4759 ; free virtual = 10479

Starting Power Optimization Task
INFO: [Pwropt 34-132] Skipping clock gating for clocks with a period < 2.00 ns.
Ending Power Optimization Task | Checksum: fa7b2a97

Time (s): cpu = 00:00:00.01 ; elapsed = 00:00:00 . Memory (MB): peak = 2839.199 ; gain = 0.000 ; free physical = 4759 ; free virtual = 10479

Starting Final Cleanup Task
Ending Final Cleanup Task | Checksum: fa7b2a97

Time (s): cpu = 00:00:00 ; elapsed = 00:00:00.01 . Memory (MB): peak = 2839.199 ; gain = 0.000 ; free physical = 4759 ; free virtual = 10479

Starting Netlist Obfuscation Task
Netlist sorting complete. Time (s): cpu = 00:00:00 ; elapsed = 00:00:00 . Memory (MB): peak = 2839.199 ; gain = 0.000 ; free physical = 4759 ; free virtual = 10479
Ending Netlist Obfuscation Task | Checksum: fa7b2a97

Time (s): cpu = 00:00:00.01 ; elapsed = 00:00:00 . Memory (MB): peak = 2839.199 ; gain = 0.000 ; free physical = 4759 ; free virtual = 10479
INFO: [Common 17-83] Releasing license: Implementation
38 Infos, 1 Warnings, 0 Critical Warnings and 0 Errors encountered.
opt_design completed successfully
INFO: [Vivado 12-24828] Executing command : report_drc -file design_1_wrapper_drc_opted.rpt -pb design_1_wrapper_drc_opted.pb -rpx design_1_wrapper_drc_opted.rpx
Command: report_drc -file design_1_wrapper_drc_opted.rpt -pb design_1_wrapper_drc_opted.pb -rpx design_1_wrapper_drc_opted.rpx
INFO: [IP_Flow 19-1839] IP Catalog is up to date.
INFO: [DRC 23-27] Running DRC with 8 threads
INFO: [Vivado_Tcl 2-168] The results of DRC are in file /home/ilya/drec-fpga-intro/problems/2026/14_syst_array/fpga/fpga.runs/impl_1/design_1_wrapper_drc_opted.rpt.
report_drc completed successfully
INFO: [Timing 38-480] Writing timing data to binary archive.
Wrote PlaceDB: Time (s): cpu = 00:00:00.03 ; elapsed = 00:00:00.01 . Memory (MB): peak = 2839.199 ; gain = 0.000 ; free physical = 4744 ; free virtual = 10466
Wrote PulsedLatchDB: Time (s): cpu = 00:00:00 ; elapsed = 00:00:00 . Memory (MB): peak = 2839.199 ; gain = 0.000 ; free physical = 4744 ; free virtual = 10466
Writing XDEF routing.
Write ShapeDB Complete: Time (s): cpu = 00:00:00.05 ; elapsed = 00:00:00.02 . Memory (MB): peak = 2839.199 ; gain = 0.000 ; free physical = 4744 ; free virtual = 10467
Writing XDEF routing logical nets.
Writing XDEF routing special nets.
Wrote RouteStorage: Time (s): cpu = 00:00:00.08 ; elapsed = 00:00:00.02 . Memory (MB): peak = 2839.199 ; gain = 0.000 ; free physical = 4744 ; free virtual = 10467
Wrote Netlist Cache: Time (s): cpu = 00:00:00 ; elapsed = 00:00:00 . Memory (MB): peak = 2839.199 ; gain = 0.000 ; free physical = 4744 ; free virtual = 10467
Wrote Device Cache: Time (s): cpu = 00:00:00.02 ; elapsed = 00:00:00.01 . Memory (MB): peak = 2839.199 ; gain = 0.000 ; free physical = 4742 ; free virtual = 10466
Write Physdb Complete: Time (s): cpu = 00:00:00.14 ; elapsed = 00:00:00.04 . Memory (MB): peak = 2839.199 ; gain = 0.000 ; free physical = 4742 ; free virtual = 10466
INFO: [Common 17-1381] The checkpoint '/home/ilya/drec-fpga-intro/problems/2026/14_syst_array/fpga/fpga.runs/impl_1/design_1_wrapper_opt.dcp' has been generated.
Command: place_design
Attempting to get a license for feature 'Implementation' and/or device 'xc7z020'
INFO: [Common 17-349] Got license for feature 'Implementation' and/or device 'xc7z020'
INFO: [Common 17-83] Releasing license: Implementation
INFO: [DRC 23-27] Running DRC with 8 threads
INFO: [Vivado_Tcl 4-198] DRC finished with 0 Errors
INFO: [Vivado_Tcl 4-199] Please refer to the DRC report (report_drc) for more information.
Running DRC as a precondition to command place_design
INFO: [DRC 23-27] Running DRC with 8 threads
INFO: [Vivado_Tcl 4-198] DRC finished with 0 Errors
INFO: [Vivado_Tcl 4-199] Please refer to the DRC report (report_drc) for more information.
INFO: [Place 30-611] Multithreading enabled for place_design using a maximum of 8 CPUs

Starting Placer Task

Phase 1 Placer Initialization

Phase 1.1 Placer Initialization Netlist Sorting
Netlist sorting complete. Time (s): cpu = 00:00:00 ; elapsed = 00:00:00 . Memory (MB): peak = 2881.066 ; gain = 0.000 ; free physical = 4716 ; free virtual = 10439
Phase 1.1 Placer Initialization Netlist Sorting | Checksum: 851b260f

Time (s): cpu = 00:00:00.01 ; elapsed = 00:00:00.01 . Memory (MB): peak = 2881.066 ; gain = 0.000 ; free physical = 4716 ; free virtual = 10439
Netlist sorting complete. Time (s): cpu = 00:00:00 ; elapsed = 00:00:00 . Memory (MB): peak = 2881.066 ; gain = 0.000 ; free physical = 4716 ; free virtual = 10439

Phase 1.2 IO Placement/ Clock Placement/ Build Placer Device
INFO: [Timing 38-35] Done setting XDC timing constraints.
Phase 1.2 IO Placement/ Clock Placement/ Build Placer Device | Checksum: b4394ab8

Time (s): cpu = 00:00:02 ; elapsed = 00:00:00.67 . Memory (MB): peak = 2881.066 ; gain = 0.000 ; free physical = 4706 ; free virtual = 10430

Phase 1.3 Build Placer Netlist Model
Phase 1.3 Build Placer Netlist Model | Checksum: 15074b15a

Time (s): cpu = 00:00:05 ; elapsed = 00:00:02 . Memory (MB): peak = 2922.109 ; gain = 41.043 ; free physical = 4658 ; free virtual = 10382

Phase 1.4 Constrain Clocks/Macros
Phase 1.4 Constrain Clocks/Macros | Checksum: 15074b15a

Time (s): cpu = 00:00:05 ; elapsed = 00:00:02 . Memory (MB): peak = 2922.109 ; gain = 41.043 ; free physical = 4658 ; free virtual = 10382
Phase 1 Placer Initialization | Checksum: 15074b15a

Time (s): cpu = 00:00:05 ; elapsed = 00:00:02 . Memory (MB): peak = 2922.109 ; gain = 41.043 ; free physical = 4658 ; free virtual = 10381

Phase 2 Global Placement

Phase 2.1 Floorplanning
Phase 2.1 Floorplanning | Checksum: 1141359f7

Time (s): cpu = 00:00:06 ; elapsed = 00:00:03 . Memory (MB): peak = 2952.742 ; gain = 71.676 ; free physical = 4677 ; free virtual = 10401

Phase 2.2 Update Timing before SLR Path Opt
Phase 2.2 Update Timing before SLR Path Opt | Checksum: 13a71c4a1

Time (s): cpu = 00:00:07 ; elapsed = 00:00:03 . Memory (MB): peak = 2952.742 ; gain = 71.676 ; free physical = 4676 ; free virtual = 10399

Phase 2.3 Post-Processing in Floorplanning
Phase 2.3 Post-Processing in Floorplanning | Checksum: 13a71c4a1

Time (s): cpu = 00:00:07 ; elapsed = 00:00:03 . Memory (MB): peak = 2952.742 ; gain = 71.676 ; free physical = 4676 ; free virtual = 10399

Phase 2.4 Global Place Phase1
Phase 2.4 Global Place Phase1 | Checksum: 202db6e9e

Time (s): cpu = 00:00:16 ; elapsed = 00:00:06 . Memory (MB): peak = 2952.742 ; gain = 71.676 ; free physical = 4689 ; free virtual = 10413

Phase 2.5 Global Place Phase2

Phase 2.5.1 UpdateTiming Before Physical Synthesis
Phase 2.5.1 UpdateTiming Before Physical Synthesis | Checksum: 16498af62

Time (s): cpu = 00:00:17 ; elapsed = 00:00:06 . Memory (MB): peak = 2952.742 ; gain = 71.676 ; free physical = 4689 ; free virtual = 10413

Phase 2.5.2 Physical Synthesis In Placer
INFO: [Physopt 32-1035] Found 0 LUTNM shape to break, 1095 LUT instances to create LUTNM shape
INFO: [Physopt 32-1044] Break lutnm for timing: one critical 0, two critical 0, total 0, new lutff created 0
INFO: [Physopt 32-1138] End 1 Pass. Optimized 547 nets or LUTs. Breaked 0 LUT, combined 547 existing LUTs and moved 0 existing LUT
INFO: [Physopt 32-65] No nets found for high-fanout optimization.
INFO: [Physopt 32-232] Optimized 0 net. Created 0 new instance.
INFO: [Physopt 32-775] End 1 Pass. Optimized 0 net or cell. Created 0 new cell, deleted 0 existing cell and moved 0 existing cell
INFO: [Physopt 32-670] No setup violation found.  DSP Register Optimization was not performed.
INFO: [Physopt 32-670] No setup violation found.  Shift Register to Pipeline Optimization was not performed.
INFO: [Physopt 32-670] No setup violation found.  Shift Register Optimization was not performed.
INFO: [Physopt 32-670] No setup violation found.  BRAM Register Optimization was not performed.
INFO: [Physopt 32-670] No setup violation found.  URAM Register Optimization was not performed.
INFO: [Physopt 32-949] No candidate nets found for dynamic/static region interface net replication
INFO: [Physopt 32-775] End 1 Pass. Optimized 0 net or cell. Created 0 new cell, deleted 0 existing cell and moved 0 existing cell
Netlist sorting complete. Time (s): cpu = 00:00:00 ; elapsed = 00:00:00 . Memory (MB): peak = 2952.742 ; gain = 0.000 ; free physical = 4688 ; free virtual = 10412

Summary of Physical Synthesis Optimizations
============================================


-----------------------------------------------------------------------------------------------------------------------------------------------------------
|  Optimization                                     |  Added Cells  |  Removed Cells  |  Optimized Cells/Nets  |  Dont Touch  |  Iterations  |  Elapsed   |
-----------------------------------------------------------------------------------------------------------------------------------------------------------
|  LUT Combining                                    |            0  |            547  |                   547  |           0  |           1  |  00:00:00  |
|  Retime                                           |            0  |              0  |                     0  |           0  |           1  |  00:00:00  |
|  Very High Fanout                                 |            0  |              0  |                     0  |           0  |           1  |  00:00:00  |
|  DSP Register                                     |            0  |              0  |                     0  |           0  |           0  |  00:00:00  |
|  Shift Register to Pipeline                       |            0  |              0  |                     0  |           0  |           0  |  00:00:00  |
|  Shift Register                                   |            0  |              0  |                     0  |           0  |           0  |  00:00:00  |
|  BRAM Register                                    |            0  |              0  |                     0  |           0  |           0  |  00:00:00  |
|  URAM Register                                    |            0  |              0  |                     0  |           0  |           0  |  00:00:00  |
|  Dynamic/Static Region Interface Net Replication  |            0  |              0  |                     0  |           0  |           1  |  00:00:00  |
|  Total                                            |            0  |            547  |                   547  |           0  |           4  |  00:00:00  |
-----------------------------------------------------------------------------------------------------------------------------------------------------------


Phase 2.5.2 Physical Synthesis In Placer | Checksum: 214e5e06a

Time (s): cpu = 00:00:18 ; elapsed = 00:00:07 . Memory (MB): peak = 2952.742 ; gain = 71.676 ; free physical = 4688 ; free virtual = 10411
Phase 2.5 Global Place Phase2 | Checksum: 193c701a8

Time (s): cpu = 00:00:19 ; elapsed = 00:00:08 . Memory (MB): peak = 2952.742 ; gain = 71.676 ; free physical = 4690 ; free virtual = 10413
Phase 2 Global Placement | Checksum: 193c701a8

Time (s): cpu = 00:00:19 ; elapsed = 00:00:08 . Memory (MB): peak = 2952.742 ; gain = 71.676 ; free physical = 4690 ; free virtual = 10413

Phase 3 Detail Placement

Phase 3.1 Commit Multi Column Macros
Phase 3.1 Commit Multi Column Macros | Checksum: 1347a026d

Time (s): cpu = 00:00:20 ; elapsed = 00:00:08 . Memory (MB): peak = 2952.742 ; gain = 71.676 ; free physical = 4689 ; free virtual = 10413

Phase 3.2 Commit Most Macros & LUTRAMs
Phase 3.2 Commit Most Macros & LUTRAMs | Checksum: 16624e7f9

Time (s): cpu = 00:00:22 ; elapsed = 00:00:09 . Memory (MB): peak = 2952.742 ; gain = 71.676 ; free physical = 4687 ; free virtual = 10411

Phase 3.3 Area Swap Optimization
Phase 3.3 Area Swap Optimization | Checksum: 125af5c42

Time (s): cpu = 00:00:23 ; elapsed = 00:00:09 . Memory (MB): peak = 2952.742 ; gain = 71.676 ; free physical = 4687 ; free virtual = 10411

Phase 3.4 Pipeline Register Optimization
Phase 3.4 Pipeline Register Optimization | Checksum: 1532776e6

Time (s): cpu = 00:00:23 ; elapsed = 00:00:09 . Memory (MB): peak = 2952.742 ; gain = 71.676 ; free physical = 4687 ; free virtual = 10411

Phase 3.5 Small Shape Detail Placement
Phase 3.5 Small Shape Detail Placement | Checksum: 1a17d1a3b

Time (s): cpu = 00:00:24 ; elapsed = 00:00:09 . Memory (MB): peak = 2952.742 ; gain = 71.676 ; free physical = 4685 ; free virtual = 10409

Phase 3.6 Re-assign LUT pins
Phase 3.6 Re-assign LUT pins | Checksum: 11df60645

Time (s): cpu = 00:00:24 ; elapsed = 00:00:10 . Memory (MB): peak = 2952.742 ; gain = 71.676 ; free physical = 4685 ; free virtual = 10409

Phase 3.7 Pipeline Register Optimization
Phase 3.7 Pipeline Register Optimization | Checksum: 1397de389

Time (s): cpu = 00:00:24 ; elapsed = 00:00:10 . Memory (MB): peak = 2952.742 ; gain = 71.676 ; free physical = 4685 ; free virtual = 10409
Phase 3 Detail Placement | Checksum: 1397de389

Time (s): cpu = 00:00:24 ; elapsed = 00:00:10 . Memory (MB): peak = 2952.742 ; gain = 71.676 ; free physical = 4685 ; free virtual = 10409

Phase 4 Post Placement Optimization and Clean-Up

Phase 4.1 Post Commit Optimization
INFO: [Timing 38-35] Done setting XDC timing constraints.

Phase 4.1.1 Post Placement Optimization
Post Placement Optimization Initialization | Checksum: 117467f60

Phase 4.1.1.1 BUFG Insertion

Starting Physical Synthesis Task

Phase 1 Physical Synthesis Initialization
INFO: [Physopt 32-721] Multithreading enabled for phys_opt_design using a maximum of 8 CPUs
INFO: [Physopt 32-619] Estimated Timing Summary | WNS=6.482 | TNS=0.000 |
Phase 1 Physical Synthesis Initialization | Checksum: 14c755a07

Time (s): cpu = 00:00:00.54 ; elapsed = 00:00:00.1 . Memory (MB): peak = 2959.539 ; gain = 0.000 ; free physical = 4674 ; free virtual = 10398
INFO: [Place 46-33] Processed net design_1_i/syst_array_axil_0/inst/idle_i_2_n_0, BUFG insertion was skipped due to placement/routing conflicts.
INFO: [Place 46-56] BUFG insertion identified 1 candidate nets. Inserted BUFG: 0, Replicated BUFG Driver: 0, Skipped due to Placement/Routing Conflicts: 1, Skipped due to Timing Degradation: 0, Skipped due to netlist editing failed: 0.
Ending Physical Synthesis Task | Checksum: 15ca6b844

Time (s): cpu = 00:00:00.87 ; elapsed = 00:00:00.21 . Memory (MB): peak = 2959.539 ; gain = 0.000 ; free physical = 4674 ; free virtual = 10398
Phase 4.1.1.1 BUFG Insertion | Checksum: 117467f60

Time (s): cpu = 00:00:29 ; elapsed = 00:00:11 . Memory (MB): peak = 2959.539 ; gain = 78.473 ; free physical = 4674 ; free virtual = 10397

Phase 4.1.1.2 Post Placement Timing Optimization
INFO: [Place 30-746] Post Placement Timing Summary WNS=6.482. For the most accurate timing information please run report_timing.
Phase 4.1.1.2 Post Placement Timing Optimization | Checksum: 180032084

Time (s): cpu = 00:00:29 ; elapsed = 00:00:11 . Memory (MB): peak = 2959.539 ; gain = 78.473 ; free physical = 4673 ; free virtual = 10397

Time (s): cpu = 00:00:29 ; elapsed = 00:00:11 . Memory (MB): peak = 2959.539 ; gain = 78.473 ; free physical = 4673 ; free virtual = 10397
Phase 4.1 Post Commit Optimization | Checksum: 180032084

Time (s): cpu = 00:00:29 ; elapsed = 00:00:11 . Memory (MB): peak = 2959.539 ; gain = 78.473 ; free physical = 4673 ; free virtual = 10397

Phase 4.2 Post Placement Cleanup
Phase 4.2 Post Placement Cleanup | Checksum: 180032084

Time (s): cpu = 00:00:30 ; elapsed = 00:00:11 . Memory (MB): peak = 2959.539 ; gain = 78.473 ; free physical = 4673 ; free virtual = 10397

Phase 4.3 Placer Reporting

Phase 4.3.1 Print Estimated Congestion
INFO: [Place 30-612] Post-Placement Estimated Congestion 
 ____________________________________________________
|           | Global Congestion | Short Congestion  |
| Direction | Region Size       | Region Size       |
|___________|___________________|___________________|
|      North|                1x1|                1x1|
|___________|___________________|___________________|
|      South|                2x2|                1x1|
|___________|___________________|___________________|
|       East|                1x1|                1x1|
|___________|___________________|___________________|
|       West|                1x1|                1x1|
|___________|___________________|___________________|

Phase 4.3.1 Print Estimated Congestion | Checksum: 180032084

Time (s): cpu = 00:00:30 ; elapsed = 00:00:11 . Memory (MB): peak = 2959.539 ; gain = 78.473 ; free physical = 4673 ; free virtual = 10397
Phase 4.3 Placer Reporting | Checksum: 180032084

Time (s): cpu = 00:00:30 ; elapsed = 00:00:11 . Memory (MB): peak = 2959.539 ; gain = 78.473 ; free physical = 4673 ; free virtual = 10397

Phase 4.4 Final Placement Cleanup
Netlist sorting complete. Time (s): cpu = 00:00:00 ; elapsed = 00:00:00.01 . Memory (MB): peak = 2959.539 ; gain = 0.000 ; free physical = 4673 ; free virtual = 10397

Time (s): cpu = 00:00:30 ; elapsed = 00:00:11 . Memory (MB): peak = 2959.539 ; gain = 78.473 ; free physical = 4673 ; free virtual = 10397
Phase 4 Post Placement Optimization and Clean-Up | Checksum: 15856c0d3

Time (s): cpu = 00:00:30 ; elapsed = 00:00:11 . Memory (MB): peak = 2959.539 ; gain = 78.473 ; free physical = 4673 ; free virtual = 10397
Ending Placer Task | Checksum: bf9a540b

Time (s): cpu = 00:00:30 ; elapsed = 00:00:11 . Memory (MB): peak = 2959.539 ; gain = 78.473 ; free physical = 4673 ; free virtual = 10397
74 Infos, 1 Warnings, 0 Critical Warnings and 0 Errors encountered.
place_design completed successfully
place_design: Time (s): cpu = 00:00:32 ; elapsed = 00:00:12 . Memory (MB): peak = 2959.539 ; gain = 120.340 ; free physical = 4673 ; free virtual = 10397
INFO: [Vivado 12-24838] Running report commands "report_control_sets, report_io, report_utilization" in parallel.
Running report generation with 3 threads.
INFO: [Vivado 12-24828] Executing command : report_control_sets -verbose -file design_1_wrapper_control_sets_placed.rpt
report_control_sets: Time (s): cpu = 00:00:00.14 ; elapsed = 00:00:00.1 . Memory (MB): peak = 2959.539 ; gain = 0.000 ; free physical = 4632 ; free virtual = 10356
INFO: [Vivado 12-24828] Executing command : report_utilization -file design_1_wrapper_utilization_placed.rpt -pb design_1_wrapper_utilization_placed.pb
INFO: [Vivado 12-24828] Executing command : report_io -file design_1_wrapper_io_placed.rpt
report_io: Time (s): cpu = 00:00:00.22 ; elapsed = 00:00:00.19 . Memory (MB): peak = 2959.539 ; gain = 0.000 ; free physical = 4628 ; free virtual = 10352
INFO: [Timing 38-480] Writing timing data to binary archive.
Write ShapeDB Complete: Time (s): cpu = 00:00:00.06 ; elapsed = 00:00:00.02 . Memory (MB): peak = 2966.523 ; gain = 6.984 ; free physical = 4621 ; free virtual = 10346
Wrote PlaceDB: Time (s): cpu = 00:00:00.81 ; elapsed = 00:00:00.35 . Memory (MB): peak = 2966.523 ; gain = 6.984 ; free physical = 4598 ; free virtual = 10341
Wrote PulsedLatchDB: Time (s): cpu = 00:00:00 ; elapsed = 00:00:00 . Memory (MB): peak = 2966.523 ; gain = 0.000 ; free physical = 4598 ; free virtual = 10341
Writing XDEF routing.
Writing XDEF routing logical nets.
Writing XDEF routing special nets.
Wrote RouteStorage: Time (s): cpu = 00:00:00.02 ; elapsed = 00:00:00.02 . Memory (MB): peak = 2966.523 ; gain = 0.000 ; free physical = 4598 ; free virtual = 10341
Wrote Netlist Cache: Time (s): cpu = 00:00:00 ; elapsed = 00:00:00.01 . Memory (MB): peak = 2966.523 ; gain = 0.000 ; free physical = 4598 ; free virtual = 10342
Wrote Device Cache: Time (s): cpu = 00:00:00.01 ; elapsed = 00:00:00 . Memory (MB): peak = 2966.523 ; gain = 0.000 ; free physical = 4598 ; free virtual = 10343
Write Physdb Complete: Time (s): cpu = 00:00:00.84 ; elapsed = 00:00:00.39 . Memory (MB): peak = 2966.523 ; gain = 6.984 ; free physical = 4598 ; free virtual = 10343
INFO: [Common 17-1381] The checkpoint '/home/ilya/drec-fpga-intro/problems/2026/14_syst_array/fpga/fpga.runs/impl_1/design_1_wrapper_placed.dcp' has been generated.
Command: phys_opt_design
Attempting to get a license for feature 'Implementation' and/or device 'xc7z020'
INFO: [Common 17-349] Got license for feature 'Implementation' and/or device 'xc7z020'

Starting Initial Update Timing Task

Time (s): cpu = 00:00:03 ; elapsed = 00:00:00.75 . Memory (MB): peak = 2966.523 ; gain = 0.000 ; free physical = 4595 ; free virtual = 10322
INFO: [Vivado_Tcl 4-2279] Estimated Timing Summary | WNS= 6.482 | TNS= 0.000 | 
INFO: [Vivado_Tcl 4-383] Design worst setup slack (WNS) is greater than or equal to 0.000 ns. All physical synthesis setup optimizations will be skipped.
INFO: [Vivado_Tcl 4-232] No setup violation found. The netlist was not modified.
INFO: [Common 17-83] Releasing license: Implementation
85 Infos, 1 Warnings, 0 Critical Warnings and 0 Errors encountered.
phys_opt_design completed successfully
INFO: [Timing 38-480] Writing timing data to binary archive.
Write ShapeDB Complete: Time (s): cpu = 00:00:00.07 ; elapsed = 00:00:00.01 . Memory (MB): peak = 2991.320 ; gain = 12.922 ; free physical = 4588 ; free virtual = 10317
Wrote PlaceDB: Time (s): cpu = 00:00:00.82 ; elapsed = 00:00:00.35 . Memory (MB): peak = 2991.320 ; gain = 12.922 ; free physical = 4573 ; free virtual = 10320
Wrote PulsedLatchDB: Time (s): cpu = 00:00:00 ; elapsed = 00:00:00 . Memory (MB): peak = 2991.320 ; gain = 0.000 ; free physical = 4573 ; free virtual = 10320
Writing XDEF routing.
Writing XDEF routing logical nets.
Writing XDEF routing special nets.
Wrote RouteStorage: Time (s): cpu = 00:00:00.02 ; elapsed = 00:00:00.02 . Memory (MB): peak = 2991.320 ; gain = 0.000 ; free physical = 4573 ; free virtual = 10320
Wrote Netlist Cache: Time (s): cpu = 00:00:00.01 ; elapsed = 00:00:00.01 . Memory (MB): peak = 2991.320 ; gain = 0.000 ; free physical = 4573 ; free virtual = 10321
Wrote Device Cache: Time (s): cpu = 00:00:00.01 ; elapsed = 00:00:00 . Memory (MB): peak = 2991.320 ; gain = 0.000 ; free physical = 4573 ; free virtual = 10322
Write Physdb Complete: Time (s): cpu = 00:00:00.86 ; elapsed = 00:00:00.39 . Memory (MB): peak = 2991.320 ; gain = 12.922 ; free physical = 4573 ; free virtual = 10322
INFO: [Common 17-1381] The checkpoint '/home/ilya/drec-fpga-intro/problems/2026/14_syst_array/fpga/fpga.runs/impl_1/design_1_wrapper_physopt.dcp' has been generated.
Command: route_design
Attempting to get a license for feature 'Implementation' and/or device 'xc7z020'
INFO: [Common 17-349] Got license for feature 'Implementation' and/or device 'xc7z020'


Starting Routing Task
INFO: [Route 35-254] Multithreading enabled for route_design using a maximum of 8 CPUs

Phase 1 Build RT Design
Checksum: PlaceDB: 2a37b6f1 ConstDB: 0 ShapeSum: 7f692a2a RouteDB: 15f972f0
Post Restoration Checksum: NetGraph: dc0ec96 | NumContArr: cc8babbc | Constraints: c2a8fa9d | Timing: c2a8fa9d
Phase 1 Build RT Design | Checksum: 25f9e8d8c

Time (s): cpu = 00:00:17 ; elapsed = 00:00:13 . Memory (MB): peak = 3089.992 ; gain = 98.672 ; free physical = 4485 ; free virtual = 10217

Phase 2 Router Initialization

Phase 2.1 Fix Topology Constraints
Phase 2.1 Fix Topology Constraints | Checksum: 25f9e8d8c

Time (s): cpu = 00:00:17 ; elapsed = 00:00:13 . Memory (MB): peak = 3089.992 ; gain = 98.672 ; free physical = 4485 ; free virtual = 10217

Phase 2.2 Pre Route Cleanup
Phase 2.2 Pre Route Cleanup | Checksum: 25f9e8d8c

Time (s): cpu = 00:00:17 ; elapsed = 00:00:13 . Memory (MB): peak = 3090.992 ; gain = 99.672 ; free physical = 4485 ; free virtual = 10217
 Number of Nodes with overlaps = 0

Phase 2.3 Update Timing
Phase 2.3 Update Timing | Checksum: 20db9ed5d

Time (s): cpu = 00:00:21 ; elapsed = 00:00:14 . Memory (MB): peak = 3135.070 ; gain = 143.750 ; free physical = 4438 ; free virtual = 10170
INFO: [Route 35-416] Intermediate Timing Summary | WNS=6.607  | TNS=0.000  | WHS=-0.204 | THS=-20.714|


Phase 2.4 Soft Constraint Pins - Fast Budgeting
Phase 2.4 Soft Constraint Pins - Fast Budgeting | Checksum: 2507d1bf8

Time (s): cpu = 00:00:23 ; elapsed = 00:00:15 . Memory (MB): peak = 3161.133 ; gain = 169.812 ; free physical = 4414 ; free virtual = 10145

Router Utilization Summary
  Global Vertical Routing Utilization    = 0 %
  Global Horizontal Routing Utilization  = 0 %
  Routable Net Status*
  *Does not include unroutable nets such as driverless and loadless.
  Run report_route_status for detailed report.
  Number of Failed Nets               = 14699
    (Failed Nets is the sum of unrouted and partially routed nets)
  Number of Unrouted Nets             = 14699
  Number of Partially Routed Nets     = 0
  Number of Node Overlaps             = 0

Phase 2 Router Initialization | Checksum: 27b0f3be8

Time (s): cpu = 00:00:24 ; elapsed = 00:00:15 . Memory (MB): peak = 3161.133 ; gain = 169.812 ; free physical = 4414 ; free virtual = 10146

Phase 3 Global Routing
Phase 3 Global Routing | Checksum: 27b0f3be8

Time (s): cpu = 00:00:24 ; elapsed = 00:00:15 . Memory (MB): peak = 3161.133 ; gain = 169.812 ; free physical = 4414 ; free virtual = 10146

Phase 4 Initial Routing

Phase 4.1 Initial Net Routing Pass
Phase 4.1 Initial Net Routing Pass | Checksum: 2aa14f20b

Time (s): cpu = 00:00:26 ; elapsed = 00:00:16 . Memory (MB): peak = 3161.133 ; gain = 169.812 ; free physical = 4414 ; free virtual = 10146
Phase 4 Initial Routing | Checksum: 2aa14f20b

Time (s): cpu = 00:00:27 ; elapsed = 00:00:16 . Memory (MB): peak = 3161.133 ; gain = 169.812 ; free physical = 4414 ; free virtual = 10146

Phase 5 Rip-up And Reroute

Phase 5.1 Global Iteration 0
 Number of Nodes with overlaps = 1016
 Number of Nodes with overlaps = 24
 Number of Nodes with overlaps = 1
 Number of Nodes with overlaps = 0
INFO: [Route 35-416] Intermediate Timing Summary | WNS=3.971  | TNS=0.000  | WHS=N/A    | THS=N/A    |

Phase 5.1 Global Iteration 0 | Checksum: 18eb44cda

Time (s): cpu = 00:00:32 ; elapsed = 00:00:18 . Memory (MB): peak = 3161.133 ; gain = 169.812 ; free physical = 4411 ; free virtual = 10143
Phase 5 Rip-up And Reroute | Checksum: 18eb44cda

Time (s): cpu = 00:00:32 ; elapsed = 00:00:18 . Memory (MB): peak = 3161.133 ; gain = 169.812 ; free physical = 4411 ; free virtual = 10143

Phase 6 Delay and Skew Optimization

Phase 6.1 Delay CleanUp
Phase 6.1 Delay CleanUp | Checksum: 18eb44cda

Time (s): cpu = 00:00:32 ; elapsed = 00:00:18 . Memory (MB): peak = 3161.133 ; gain = 169.812 ; free physical = 4411 ; free virtual = 10143

Phase 6.2 Clock Skew Optimization
Phase 6.2 Clock Skew Optimization | Checksum: 18eb44cda

Time (s): cpu = 00:00:32 ; elapsed = 00:00:18 . Memory (MB): peak = 3161.133 ; gain = 169.812 ; free physical = 4411 ; free virtual = 10143
Phase 6 Delay and Skew Optimization | Checksum: 18eb44cda

Time (s): cpu = 00:00:32 ; elapsed = 00:00:18 . Memory (MB): peak = 3161.133 ; gain = 169.812 ; free physical = 4411 ; free virtual = 10143

Phase 7 Post Hold Fix

Phase 7.1 Hold Fix Iter
INFO: [Route 35-416] Intermediate Timing Summary | WNS=3.971  | TNS=0.000  | WHS=0.044  | THS=0.000  |

Phase 7.1 Hold Fix Iter | Checksum: 197dbf216

Time (s): cpu = 00:00:33 ; elapsed = 00:00:18 . Memory (MB): peak = 3161.133 ; gain = 169.812 ; free physical = 4411 ; free virtual = 10143
Phase 7 Post Hold Fix | Checksum: 197dbf216

Time (s): cpu = 00:00:33 ; elapsed = 00:00:18 . Memory (MB): peak = 3161.133 ; gain = 169.812 ; free physical = 4411 ; free virtual = 10143

Phase 8 Route finalize

Router Utilization Summary
  Global Vertical Routing Utilization    = 8.91136 %
  Global Horizontal Routing Utilization  = 8.88413 %
  Routable Net Status*
  *Does not include unroutable nets such as driverless and loadless.
  Run report_route_status for detailed report.
  Number of Failed Nets               = 0
    (Failed Nets is the sum of unrouted and partially routed nets)
  Number of Unrouted Nets             = 0
  Number of Partially Routed Nets     = 0
  Number of Node Overlaps             = 0

Phase 8 Route finalize | Checksum: 197dbf216

Time (s): cpu = 00:00:33 ; elapsed = 00:00:18 . Memory (MB): peak = 3161.133 ; gain = 169.812 ; free physical = 4411 ; free virtual = 10143

Phase 9 Verifying routed nets

 Verification completed successfully
Phase 9 Verifying routed nets | Checksum: 197dbf216

Time (s): cpu = 00:00:33 ; elapsed = 00:00:18 . Memory (MB): peak = 3161.133 ; gain = 169.812 ; free physical = 4411 ; free virtual = 10143

Phase 10 Depositing Routes
Phase 10 Depositing Routes | Checksum: 1b0f21d5f

Time (s): cpu = 00:00:34 ; elapsed = 00:00:19 . Memory (MB): peak = 3161.133 ; gain = 169.812 ; free physical = 4411 ; free virtual = 10142

Phase 11 Post Process Routing
Phase 11 Post Process Routing | Checksum: 1b0f21d5f

Time (s): cpu = 00:00:34 ; elapsed = 00:00:19 . Memory (MB): peak = 3161.133 ; gain = 169.812 ; free physical = 4411 ; free virtual = 10142

Phase 12 Post Router Timing
INFO: [Route 35-57] Estimated Timing Summary | WNS=3.971  | TNS=0.000  | WHS=0.044  | THS=0.000  |

INFO: [Route 35-327] The final timing numbers are based on the router estimated timing analysis. For a complete and accurate timing signoff, please run report_timing_summary.
Phase 12 Post Router Timing | Checksum: 1b0f21d5f

Time (s): cpu = 00:00:34 ; elapsed = 00:00:19 . Memory (MB): peak = 3161.133 ; gain = 169.812 ; free physical = 4411 ; free virtual = 10142
Total Elapsed time in route_design: 18.66 secs

Phase 13 Post-Route Event Processing
Phase 13 Post-Route Event Processing | Checksum: 1d152f3fa

Time (s): cpu = 00:00:34 ; elapsed = 00:00:19 . Memory (MB): peak = 3161.133 ; gain = 169.812 ; free physical = 4411 ; free virtual = 10142
INFO: [Route 35-16] Router Completed Successfully
Ending Routing Task | Checksum: 1d152f3fa

Time (s): cpu = 00:00:35 ; elapsed = 00:00:19 . Memory (MB): peak = 3161.133 ; gain = 169.812 ; free physical = 4411 ; free virtual = 10142

Routing Is Done.
INFO: [Common 17-83] Releasing license: Implementation
96 Infos, 1 Warnings, 0 Critical Warnings and 0 Errors encountered.
route_design completed successfully
route_design: Time (s): cpu = 00:00:35 ; elapsed = 00:00:19 . Memory (MB): peak = 3161.133 ; gain = 169.812 ; free physical = 4411 ; free virtual = 10142
INFO: [Vivado 12-24828] Executing command : report_drc -file design_1_wrapper_drc_routed.rpt -pb design_1_wrapper_drc_routed.pb -rpx design_1_wrapper_drc_routed.rpx
Command: report_drc -file design_1_wrapper_drc_routed.rpt -pb design_1_wrapper_drc_routed.pb -rpx design_1_wrapper_drc_routed.rpx
INFO: [IP_Flow 19-1839] IP Catalog is up to date.
INFO: [DRC 23-27] Running DRC with 8 threads
INFO: [Vivado_Tcl 2-168] The results of DRC are in file /home/ilya/drec-fpga-intro/problems/2026/14_syst_array/fpga/fpga.runs/impl_1/design_1_wrapper_drc_routed.rpt.
report_drc completed successfully
INFO: [Vivado 12-24828] Executing command : report_methodology -file design_1_wrapper_methodology_drc_routed.rpt -pb design_1_wrapper_methodology_drc_routed.pb -rpx design_1_wrapper_methodology_drc_routed.rpx
Command: report_methodology -file design_1_wrapper_methodology_drc_routed.rpt -pb design_1_wrapper_methodology_drc_routed.pb -rpx design_1_wrapper_methodology_drc_routed.rpx
INFO: [Timing 38-35] Done setting XDC timing constraints.
INFO: [DRC 23-133] Running Methodology with 8 threads
INFO: [Vivado_Tcl 2-1520] The results of Report Methodology are in file /home/ilya/drec-fpga-intro/problems/2026/14_syst_array/fpga/fpga.runs/impl_1/design_1_wrapper_methodology_drc_routed.rpt.
report_methodology completed successfully
INFO: [Vivado 12-24828] Executing command : report_timing_summary -max_paths 10 -routable_nets -report_unconstrained -file design_1_wrapper_timing_summary_routed.rpt -pb design_1_wrapper_timing_summary_routed.pb -rpx design_1_wrapper_timing_summary_routed.rpx -warn_on_violation 
INFO: [Timing 38-35] Done setting XDC timing constraints.
INFO: [Timing 38-91] UpdateTimingParams: Speed grade: -2, Delay Type: min_max.
INFO: [Timing 38-191] Multithreading enabled for timing update using a maximum of 8 CPUs
INFO: [Vivado 12-24838] Running report commands "report_bus_skew, report_incremental_reuse, report_route_status" in parallel.
Running report generation with 3 threads.
INFO: [Vivado 12-24828] Executing command : report_incremental_reuse -file design_1_wrapper_incremental_reuse_routed.rpt
INFO: [Vivado_Tcl 4-1062] Incremental flow is disabled. No incremental reuse Info to report.
INFO: [Vivado 12-24828] Executing command : report_route_status -file design_1_wrapper_route_status.rpt -pb design_1_wrapper_route_status.pb
INFO: [Vivado 12-24828] Executing command : report_bus_skew -warn_on_violation -file design_1_wrapper_bus_skew_routed.rpt -pb design_1_wrapper_bus_skew_routed.pb -rpx design_1_wrapper_bus_skew_routed.rpx
INFO: [Timing 38-91] UpdateTimingParams: Speed grade: -2, Delay Type: min_max.
INFO: [Timing 38-191] Multithreading enabled for timing update using a maximum of 8 CPUs
INFO: [Vivado 12-24828] Executing command : report_power -file design_1_wrapper_power_routed.rpt -pb design_1_wrapper_power_summary_routed.pb -rpx design_1_wrapper_power_routed.rpx
Command: report_power -file design_1_wrapper_power_routed.rpt -pb design_1_wrapper_power_summary_routed.pb -rpx design_1_wrapper_power_routed.rpx
Running Vector-less Activity Propagation...

Finished Running Vector-less Activity Propagation
116 Infos, 1 Warnings, 0 Critical Warnings and 0 Errors encountered.
report_power completed successfully
INFO: [Vivado 12-24828] Executing command : report_clock_utilization -file design_1_wrapper_clock_utilization_routed.rpt
generate_parallel_reports: Time (s): cpu = 00:00:23 ; elapsed = 00:00:07 . Memory (MB): peak = 3327.988 ; gain = 166.855 ; free physical = 4262 ; free virtual = 10013
INFO: [Timing 38-480] Writing timing data to binary archive.
Write ShapeDB Complete: Time (s): cpu = 00:00:00.06 ; elapsed = 00:00:00.02 . Memory (MB): peak = 3327.988 ; gain = 0.000 ; free physical = 4260 ; free virtual = 10013
Wrote PlaceDB: Time (s): cpu = 00:00:00.79 ; elapsed = 00:00:00.35 . Memory (MB): peak = 3327.988 ; gain = 0.000 ; free physical = 4259 ; free virtual = 10029
Wrote PulsedLatchDB: Time (s): cpu = 00:00:00 ; elapsed = 00:00:00 . Memory (MB): peak = 3327.988 ; gain = 0.000 ; free physical = 4259 ; free virtual = 10029
Writing XDEF routing.
Writing XDEF routing logical nets.
Writing XDEF routing special nets.
Wrote RouteStorage: Time (s): cpu = 00:00:00.12 ; elapsed = 00:00:00.09 . Memory (MB): peak = 3327.988 ; gain = 0.000 ; free physical = 4259 ; free virtual = 10032
Wrote Netlist Cache: Time (s): cpu = 00:00:00.01 ; elapsed = 00:00:00.01 . Memory (MB): peak = 3327.988 ; gain = 0.000 ; free physical = 4259 ; free virtual = 10033
Wrote Device Cache: Time (s): cpu = 00:00:00.01 ; elapsed = 00:00:00 . Memory (MB): peak = 3327.988 ; gain = 0.000 ; free physical = 4259 ; free virtual = 10034
Write Physdb Complete: Time (s): cpu = 00:00:00.93 ; elapsed = 00:00:00.46 . Memory (MB): peak = 3327.988 ; gain = 0.000 ; free physical = 4259 ; free virtual = 10034
INFO: [Common 17-1381] The checkpoint '/home/ilya/drec-fpga-intro/problems/2026/14_syst_array/fpga/fpga.runs/impl_1/design_1_wrapper_routed.dcp' has been generated.
Command: write_bitstream -force design_1_wrapper.bit
Attempting to get a license for feature 'Implementation' and/or device 'xc7z020'
INFO: [Common 17-349] Got license for feature 'Implementation' and/or device 'xc7z020'
Running DRC as a precondition to command write_bitstream
INFO: [IP_Flow 19-1839] IP Catalog is up to date.
INFO: [DRC 23-27] Running DRC with 8 threads
INFO: [Vivado 12-3199] DRC finished with 0 Errors
INFO: [Vivado 12-3200] Please refer to the DRC report (report_drc) for more information.
INFO: [Designutils 20-2272] Running write_bitstream with 8 threads.
Loading data files...
Loading site data...
Loading route data...
Processing options...
Creating bitmap...
Creating bitstream...
Writing bitstream ./design_1_wrapper.bit...
INFO: [Vivado 12-1842] Bitgen Completed Successfully.
INFO: [Project 1-1876] WebTalk data collection is mandatory when using a ULT device. To see the specific WebTalk data collected for your design, open the usage_statistics_webtalk.html or usage_statistics_webtalk.xml file in the implementation directory.
INFO: [Common 17-83] Releasing license: Implementation
128 Infos, 1 Warnings, 0 Critical Warnings and 0 Errors encountered.
write_bitstream completed successfully
write_bitstream: Time (s): cpu = 00:00:26 ; elapsed = 00:00:13 . Memory (MB): peak = 3617.734 ; gain = 269.723 ; free physical = 3906 ; free virtual = 9666
INFO: [Common 17-206] Exiting Vivado at Fri May 15 21:01:57 2026...
[Fri May 15 21:01:57 2026] impl_1 finished
wait_on_runs: Time (s): cpu = 00:05:41 ; elapsed = 00:02:36 . Memory (MB): peak = 1750.020 ; gain = 0.000 ; free physical = 6319 ; free virtual = 12078
# exit
INFO: [Common 17-206] Exiting Vivado at Fri May 15 21:01:57 2026...
