
*** Running vivado
    with args -log design_1_wrapper.vdi -applog -m64 -product Vivado -messageDb vivado.pb -mode batch -source design_1_wrapper.tcl -notrace


****** Vivado v2025.1 (64-bit)
  **** SW Build 6140274 on Wed May 21 22:58:25 MDT 2025
  **** IP Build 6138677 on Thu May 22 03:10:11 MDT 2025
  **** SharedData Build 6139179 on Tue May 20 17:58:58 MDT 2025
  **** Start of session at: Fri May 15 15:33:55 2026
    ** Copyright 1986-2022 Xilinx, Inc. All Rights Reserved.
    ** Copyright 2022-2025 Advanced Micro Devices, Inc. All Rights Reserved.

source design_1_wrapper.tcl -notrace
INFO: [IP_Flow 19-234] Refreshing IP repositories
INFO: [IP_Flow 19-1704] No user IP repositories specified
INFO: [IP_Flow 19-2313] Loaded Vivado IP repository '/tools/Xilinx/2025.1/Vivado/data/ip'.
Command: link_design -top design_1_wrapper -part xc7z020clg400-2
Design is defaulting to srcset: sources_1
Design is defaulting to constrset: constrs_1
INFO: [Device 21-403] Loading part xc7z020clg400-2
INFO: [Project 1-5699] Read binary netlist with skipMacroContent - 1
INFO: [Project 1-454] Reading design checkpoint '/home/ilya/drec-fpga-intro/problems/2026/09_ps7_axil_led/fpga/design_1/ip/design_1_axi_protocol_convert_0_0/design_1_axi_protocol_convert_0_0.dcp' for cell 'design_1_i/axi_protocol_convert_0'
INFO: [Project 1-454] Reading design checkpoint '/home/ilya/drec-fpga-intro/problems/2026/09_ps7_axil_led/fpga/design_1/ip/design_1_axil2reg_0_0/design_1_axil2reg_0_0.dcp' for cell 'design_1_i/axil2reg_0'
INFO: [Project 1-454] Reading design checkpoint '/home/ilya/drec-fpga-intro/problems/2026/09_ps7_axil_led/fpga/design_1/ip/design_1_proc_sys_reset_0_0/design_1_proc_sys_reset_0_0.dcp' for cell 'design_1_i/proc_sys_reset_0'
INFO: [Project 1-454] Reading design checkpoint '/home/ilya/drec-fpga-intro/problems/2026/09_ps7_axil_led/fpga/design_1/ip/design_1_processing_system7_0_0/design_1_processing_system7_0_0.dcp' for cell 'design_1_i/processing_system7_0'
Netlist sorting complete. Time (s): cpu = 00:00:00.01 ; elapsed = 00:00:00.02 . Memory (MB): peak = 1707.973 ; gain = 0.000 ; free physical = 7238 ; free virtual = 11932
INFO: [Netlist 29-17] Analyzing 18 Unisim elements for replacement
INFO: [Netlist 29-28] Unisim Transformation completed in 0 CPU seconds
INFO: [Project 1-479] Netlist was created with Vivado 2025.1
INFO: [Project 1-570] Preparing netlist for logic optimization
Parsing XDC File [/home/ilya/drec-fpga-intro/problems/2026/09_ps7_axil_led/fpga/design_1/ip/design_1_processing_system7_0_0/design_1_processing_system7_0_0.xdc] for cell 'design_1_i/processing_system7_0/inst'
Finished Parsing XDC File [/home/ilya/drec-fpga-intro/problems/2026/09_ps7_axil_led/fpga/design_1/ip/design_1_processing_system7_0_0/design_1_processing_system7_0_0.xdc] for cell 'design_1_i/processing_system7_0/inst'
Parsing XDC File [/home/ilya/drec-fpga-intro/problems/2026/09_ps7_axil_led/fpga/design_1/ip/design_1_proc_sys_reset_0_0/design_1_proc_sys_reset_0_0_board.xdc] for cell 'design_1_i/proc_sys_reset_0/U0'
Finished Parsing XDC File [/home/ilya/drec-fpga-intro/problems/2026/09_ps7_axil_led/fpga/design_1/ip/design_1_proc_sys_reset_0_0/design_1_proc_sys_reset_0_0_board.xdc] for cell 'design_1_i/proc_sys_reset_0/U0'
Parsing XDC File [/home/ilya/drec-fpga-intro/problems/2026/09_ps7_axil_led/fpga.xdc]
Finished Parsing XDC File [/home/ilya/drec-fpga-intro/problems/2026/09_ps7_axil_led/fpga.xdc]
INFO: [Project 1-1714] 2 XPM XDC files have been applied to the design.
INFO: [Opt 31-138] Pushed 0 inverter(s) to 0 load pin(s).
Netlist sorting complete. Time (s): cpu = 00:00:00.01 ; elapsed = 00:00:00 . Memory (MB): peak = 2395.281 ; gain = 0.000 ; free physical = 6674 ; free virtual = 11368
INFO: [Project 1-111] Unisim Transformation Summary:
No Unisim elements were transformed.

16 Infos, 0 Warnings, 0 Critical Warnings and 0 Errors encountered.
link_design completed successfully
link_design: Time (s): cpu = 00:00:07 ; elapsed = 00:00:08 . Memory (MB): peak = 2395.316 ; gain = 889.828 ; free physical = 6674 ; free virtual = 11368
Command: opt_design
Attempting to get a license for feature 'Implementation' and/or device 'xc7z020'
INFO: [Common 17-349] Got license for feature 'Implementation' and/or device 'xc7z020'
Running DRC as a precondition to command opt_design

Starting DRC Task
INFO: [DRC 23-27] Running DRC with 8 threads
INFO: [Project 1-461] DRC finished with 0 Errors
INFO: [Project 1-462] Please refer to the DRC report (report_drc) for more information.

Time (s): cpu = 00:00:01 ; elapsed = 00:00:00.37 . Memory (MB): peak = 2442.383 ; gain = 47.066 ; free physical = 6607 ; free virtual = 11301

Starting Cache Timing Information Task
INFO: [Timing 38-35] Done setting XDC timing constraints.
Ending Cache Timing Information Task | Checksum: 1d37926d3

Time (s): cpu = 00:00:00.06 ; elapsed = 00:00:00.03 . Memory (MB): peak = 2442.383 ; gain = 0.000 ; free physical = 6607 ; free virtual = 11301

Starting Logic Optimization Task

Phase 1 Initialization

Phase 1.1 Core Generation And Design Setup
Phase 1.1 Core Generation And Design Setup | Checksum: 1d37926d3

Time (s): cpu = 00:00:00 ; elapsed = 00:00:00.01 . Memory (MB): peak = 2752.281 ; gain = 0.000 ; free physical = 6300 ; free virtual = 10994

Phase 1.2 Setup Constraints And Sort Netlist
Phase 1.2 Setup Constraints And Sort Netlist | Checksum: 1d37926d3

Time (s): cpu = 00:00:00.01 ; elapsed = 00:00:00.01 . Memory (MB): peak = 2752.281 ; gain = 0.000 ; free physical = 6300 ; free virtual = 10994
Phase 1 Initialization | Checksum: 1d37926d3

Time (s): cpu = 00:00:00.01 ; elapsed = 00:00:00.01 . Memory (MB): peak = 2752.281 ; gain = 0.000 ; free physical = 6300 ; free virtual = 10994

Phase 2 Timer Update And Timing Data Collection

Phase 2.1 Timer Update
Phase 2.1 Timer Update | Checksum: 1d37926d3

Time (s): cpu = 00:00:00.04 ; elapsed = 00:00:00.02 . Memory (MB): peak = 2752.281 ; gain = 0.000 ; free physical = 6300 ; free virtual = 10994

Phase 2.2 Timing Data Collection
Phase 2.2 Timing Data Collection | Checksum: 1d37926d3

Time (s): cpu = 00:00:00.05 ; elapsed = 00:00:00.03 . Memory (MB): peak = 2752.281 ; gain = 0.000 ; free physical = 6300 ; free virtual = 10994
Phase 2 Timer Update And Timing Data Collection | Checksum: 1d37926d3

Time (s): cpu = 00:00:00.05 ; elapsed = 00:00:00.03 . Memory (MB): peak = 2752.281 ; gain = 0.000 ; free physical = 6300 ; free virtual = 10994

Phase 3 Retarget
INFO: [Opt 31-1851] Number of loadless carry chains removed were: 0
INFO: [Opt 31-1834] Total Chains To Be Transformed Were: 0 AND Number of Transformed insts Created are: 0
INFO: [Opt 31-138] Pushed 2 inverter(s) to 2 load pin(s).
INFO: [Opt 31-49] Retargeted 0 cell(s).
Phase 3 Retarget | Checksum: 1bee2418e

Time (s): cpu = 00:00:00.12 ; elapsed = 00:00:00.07 . Memory (MB): peak = 2752.281 ; gain = 0.000 ; free physical = 6300 ; free virtual = 10994
Retarget | Checksum: 1bee2418e
INFO: [Opt 31-389] Phase Retarget created 38 cells and removed 65 cells

Phase 4 Constant propagation
INFO: [Opt 31-138] Pushed 0 inverter(s) to 0 load pin(s).
Phase 4 Constant propagation | Checksum: 13224d7cf

Time (s): cpu = 00:00:00.15 ; elapsed = 00:00:00.1 . Memory (MB): peak = 2752.281 ; gain = 0.000 ; free physical = 6300 ; free virtual = 10994
Constant propagation | Checksum: 13224d7cf
INFO: [Opt 31-389] Phase Constant propagation created 0 cells and removed 196 cells

Phase 5 Sweep
INFO: [Constraints 18-11670] Building netlist checker database with flags, 0x8
Done building netlist checker database: Time (s): cpu = 00:00:00 ; elapsed = 00:00:00 . Memory (MB): peak = 2752.281 ; gain = 0.000 ; free physical = 6300 ; free virtual = 10994
INFO: [Constraints 18-11670] Building netlist checker database with flags, 0x8
Done building netlist checker database: Time (s): cpu = 00:00:00 ; elapsed = 00:00:00 . Memory (MB): peak = 2752.281 ; gain = 0.000 ; free physical = 6300 ; free virtual = 10994
Phase 5 Sweep | Checksum: 12e974d72

Time (s): cpu = 00:00:00.24 ; elapsed = 00:00:00.19 . Memory (MB): peak = 2752.281 ; gain = 0.000 ; free physical = 6300 ; free virtual = 10994
Sweep | Checksum: 12e974d72
INFO: [Opt 31-389] Phase Sweep created 0 cells and removed 535 cells

Phase 6 BUFG optimization
Phase 6 BUFG optimization | Checksum: 12e974d72

Time (s): cpu = 00:00:00.25 ; elapsed = 00:00:00.2 . Memory (MB): peak = 2784.297 ; gain = 32.016 ; free physical = 6300 ; free virtual = 10994
BUFG optimization | Checksum: 12e974d72
INFO: [Opt 31-662] Phase BUFG optimization created 0 cells of which 0 are BUFGs and removed 0 cells.

Phase 7 Shift Register Optimization
INFO: [Opt 31-1064] SRL Remap converted 0 SRLs to 0 registers and converted 0 registers of register chains to 0 SRLs
Phase 7 Shift Register Optimization | Checksum: 12e974d72

Time (s): cpu = 00:00:00.26 ; elapsed = 00:00:00.2 . Memory (MB): peak = 2784.297 ; gain = 32.016 ; free physical = 6300 ; free virtual = 10994
Shift Register Optimization | Checksum: 12e974d72
INFO: [Opt 31-389] Phase Shift Register Optimization created 0 cells and removed 0 cells

Phase 8 Post Processing Netlist
Phase 8 Post Processing Netlist | Checksum: 21948ebb6

Time (s): cpu = 00:00:00.26 ; elapsed = 00:00:00.21 . Memory (MB): peak = 2784.297 ; gain = 32.016 ; free physical = 6300 ; free virtual = 10994
Post Processing Netlist | Checksum: 21948ebb6
INFO: [Opt 31-389] Phase Post Processing Netlist created 0 cells and removed 0 cells

Phase 9 Finalization

Phase 9.1 Finalizing Design Cores and Updating Shapes
Phase 9.1 Finalizing Design Cores and Updating Shapes | Checksum: 18882aa5d

Time (s): cpu = 00:00:00.32 ; elapsed = 00:00:00.23 . Memory (MB): peak = 2784.297 ; gain = 32.016 ; free physical = 6301 ; free virtual = 10995

Phase 9.2 Verifying Netlist Connectivity

Starting Connectivity Check Task

Time (s): cpu = 00:00:00 ; elapsed = 00:00:00 . Memory (MB): peak = 2784.297 ; gain = 0.000 ; free physical = 6301 ; free virtual = 10995
Phase 9.2 Verifying Netlist Connectivity | Checksum: 18882aa5d

Time (s): cpu = 00:00:00.33 ; elapsed = 00:00:00.24 . Memory (MB): peak = 2784.297 ; gain = 32.016 ; free physical = 6301 ; free virtual = 10995
Phase 9 Finalization | Checksum: 18882aa5d

Time (s): cpu = 00:00:00.33 ; elapsed = 00:00:00.24 . Memory (MB): peak = 2784.297 ; gain = 32.016 ; free physical = 6301 ; free virtual = 10995
Opt_design Change Summary
=========================


-------------------------------------------------------------------------------------------------------------------------
|  Phase                        |  #Cells created  |  #Cells Removed  |  #Constrained objects preventing optimizations  |
-------------------------------------------------------------------------------------------------------------------------
|  Retarget                     |              38  |              65  |                                              0  |
|  Constant propagation         |               0  |             196  |                                              0  |
|  Sweep                        |               0  |             535  |                                              0  |
|  BUFG optimization            |               0  |               0  |                                              0  |
|  Shift Register Optimization  |               0  |               0  |                                              0  |
|  Post Processing Netlist      |               0  |               0  |                                              0  |
-------------------------------------------------------------------------------------------------------------------------


Ending Logic Optimization Task | Checksum: 18882aa5d

Time (s): cpu = 00:00:00.33 ; elapsed = 00:00:00.24 . Memory (MB): peak = 2784.297 ; gain = 32.016 ; free physical = 6301 ; free virtual = 10995

Starting Power Optimization Task
INFO: [Pwropt 34-132] Skipping clock gating for clocks with a period < 2.00 ns.
Ending Power Optimization Task | Checksum: 18882aa5d

Time (s): cpu = 00:00:00.01 ; elapsed = 00:00:00.01 . Memory (MB): peak = 2784.297 ; gain = 0.000 ; free physical = 6301 ; free virtual = 10995

Starting Final Cleanup Task
Ending Final Cleanup Task | Checksum: 18882aa5d

Time (s): cpu = 00:00:00 ; elapsed = 00:00:00 . Memory (MB): peak = 2784.297 ; gain = 0.000 ; free physical = 6301 ; free virtual = 10995

Starting Netlist Obfuscation Task
Netlist sorting complete. Time (s): cpu = 00:00:00 ; elapsed = 00:00:00 . Memory (MB): peak = 2784.297 ; gain = 0.000 ; free physical = 6301 ; free virtual = 10995
Ending Netlist Obfuscation Task | Checksum: 18882aa5d

Time (s): cpu = 00:00:00 ; elapsed = 00:00:00 . Memory (MB): peak = 2784.297 ; gain = 0.000 ; free physical = 6301 ; free virtual = 10995
INFO: [Common 17-83] Releasing license: Implementation
37 Infos, 0 Warnings, 0 Critical Warnings and 0 Errors encountered.
opt_design completed successfully
INFO: [Vivado 12-24828] Executing command : report_drc -file design_1_wrapper_drc_opted.rpt -pb design_1_wrapper_drc_opted.pb -rpx design_1_wrapper_drc_opted.rpx
Command: report_drc -file design_1_wrapper_drc_opted.rpt -pb design_1_wrapper_drc_opted.pb -rpx design_1_wrapper_drc_opted.rpx
INFO: [IP_Flow 19-1839] IP Catalog is up to date.
INFO: [DRC 23-27] Running DRC with 8 threads
INFO: [Vivado_Tcl 2-168] The results of DRC are in file /home/ilya/drec-fpga-intro/problems/2026/09_ps7_axil_led/fpga/fpga.runs/impl_1/design_1_wrapper_drc_opted.rpt.
report_drc completed successfully
INFO: [Timing 38-480] Writing timing data to binary archive.
Write ShapeDB Complete: Time (s): cpu = 00:00:00.01 ; elapsed = 00:00:00 . Memory (MB): peak = 2832.859 ; gain = 0.000 ; free physical = 6283 ; free virtual = 10977
Wrote PlaceDB: Time (s): cpu = 00:00:00.03 ; elapsed = 00:00:00.01 . Memory (MB): peak = 2832.859 ; gain = 0.000 ; free physical = 6283 ; free virtual = 10977
Wrote PulsedLatchDB: Time (s): cpu = 00:00:00 ; elapsed = 00:00:00 . Memory (MB): peak = 2832.859 ; gain = 0.000 ; free physical = 6283 ; free virtual = 10977
Writing XDEF routing.
Writing XDEF routing logical nets.
Writing XDEF routing special nets.
Wrote RouteStorage: Time (s): cpu = 00:00:00.05 ; elapsed = 00:00:00.01 . Memory (MB): peak = 2832.859 ; gain = 0.000 ; free physical = 6283 ; free virtual = 10977
Wrote Netlist Cache: Time (s): cpu = 00:00:00 ; elapsed = 00:00:00 . Memory (MB): peak = 2832.859 ; gain = 0.000 ; free physical = 6283 ; free virtual = 10977
Wrote Device Cache: Time (s): cpu = 00:00:00.02 ; elapsed = 00:00:00.01 . Memory (MB): peak = 2832.859 ; gain = 0.000 ; free physical = 6282 ; free virtual = 10978
Write Physdb Complete: Time (s): cpu = 00:00:00.1 ; elapsed = 00:00:00.03 . Memory (MB): peak = 2832.859 ; gain = 0.000 ; free physical = 6282 ; free virtual = 10978
INFO: [Common 17-1381] The checkpoint '/home/ilya/drec-fpga-intro/problems/2026/09_ps7_axil_led/fpga/fpga.runs/impl_1/design_1_wrapper_opt.dcp' has been generated.
Command: place_design
Attempting to get a license for feature 'Implementation' and/or device 'xc7z020'
INFO: [Common 17-349] Got license for feature 'Implementation' and/or device 'xc7z020'
INFO: [Common 17-83] Releasing license: Implementation
INFO: [DRC 23-27] Running DRC with 8 threads
INFO: [Vivado_Tcl 4-198] DRC finished with 0 Errors
INFO: [Vivado_Tcl 4-199] Please refer to the DRC report (report_drc) for more information.
Running DRC as a precondition to command place_design
INFO: [DRC 23-27] Running DRC with 8 threads
INFO: [Vivado_Tcl 4-198] DRC finished with 0 Errors
INFO: [Vivado_Tcl 4-199] Please refer to the DRC report (report_drc) for more information.
INFO: [Place 30-611] Multithreading enabled for place_design using a maximum of 8 CPUs

Starting Placer Task

Phase 1 Placer Initialization

Phase 1.1 Placer Initialization Netlist Sorting
Netlist sorting complete. Time (s): cpu = 00:00:00.01 ; elapsed = 00:00:00 . Memory (MB): peak = 2877.109 ; gain = 0.000 ; free physical = 6256 ; free virtual = 10951
Phase 1.1 Placer Initialization Netlist Sorting | Checksum: af426662

Time (s): cpu = 00:00:00.01 ; elapsed = 00:00:00 . Memory (MB): peak = 2877.109 ; gain = 0.000 ; free physical = 6256 ; free virtual = 10951
Netlist sorting complete. Time (s): cpu = 00:00:00 ; elapsed = 00:00:00 . Memory (MB): peak = 2877.109 ; gain = 0.000 ; free physical = 6256 ; free virtual = 10951

Phase 1.2 IO Placement/ Clock Placement/ Build Placer Device
INFO: [Timing 38-35] Done setting XDC timing constraints.
Phase 1.2 IO Placement/ Clock Placement/ Build Placer Device | Checksum: c4552341

Time (s): cpu = 00:00:00.41 ; elapsed = 00:00:00.22 . Memory (MB): peak = 2877.109 ; gain = 0.000 ; free physical = 6256 ; free virtual = 10951

Phase 1.3 Build Placer Netlist Model
Phase 1.3 Build Placer Netlist Model | Checksum: 2311a59c9

Time (s): cpu = 00:00:00.63 ; elapsed = 00:00:00.31 . Memory (MB): peak = 2916.152 ; gain = 39.043 ; free physical = 6256 ; free virtual = 10951

Phase 1.4 Constrain Clocks/Macros
Phase 1.4 Constrain Clocks/Macros | Checksum: 2311a59c9

Time (s): cpu = 00:00:00.63 ; elapsed = 00:00:00.31 . Memory (MB): peak = 2916.152 ; gain = 39.043 ; free physical = 6256 ; free virtual = 10951
Phase 1 Placer Initialization | Checksum: 2311a59c9

Time (s): cpu = 00:00:00.64 ; elapsed = 00:00:00.32 . Memory (MB): peak = 2916.152 ; gain = 39.043 ; free physical = 6255 ; free virtual = 10951

Phase 2 Global Placement

Phase 2.1 Floorplanning
Phase 2.1 Floorplanning | Checksum: 25fa44729

Time (s): cpu = 00:00:00.78 ; elapsed = 00:00:00.36 . Memory (MB): peak = 2916.152 ; gain = 39.043 ; free physical = 6260 ; free virtual = 10955

Phase 2.2 Update Timing before SLR Path Opt
Phase 2.2 Update Timing before SLR Path Opt | Checksum: 24572f861

Time (s): cpu = 00:00:00.83 ; elapsed = 00:00:00.39 . Memory (MB): peak = 2916.152 ; gain = 39.043 ; free physical = 6286 ; free virtual = 10981

Phase 2.3 Post-Processing in Floorplanning
Phase 2.3 Post-Processing in Floorplanning | Checksum: 24572f861

Time (s): cpu = 00:00:00.84 ; elapsed = 00:00:00.4 . Memory (MB): peak = 2916.152 ; gain = 39.043 ; free physical = 6286 ; free virtual = 10981

Phase 2.4 Global Place Phase1
Phase 2.4 Global Place Phase1 | Checksum: 1a4f94d5e

Time (s): cpu = 00:00:02 ; elapsed = 00:00:00.84 . Memory (MB): peak = 2924.156 ; gain = 47.047 ; free physical = 6301 ; free virtual = 10996

Phase 2.5 Global Place Phase2

Phase 2.5.1 UpdateTiming Before Physical Synthesis
Phase 2.5.1 UpdateTiming Before Physical Synthesis | Checksum: 21330c343

Time (s): cpu = 00:00:02 ; elapsed = 00:00:00.88 . Memory (MB): peak = 2924.156 ; gain = 47.047 ; free physical = 6301 ; free virtual = 10996

Phase 2.5.2 Physical Synthesis In Placer
INFO: [Physopt 32-1035] Found 0 LUTNM shape to break, 5 LUT instances to create LUTNM shape
INFO: [Physopt 32-1044] Break lutnm for timing: one critical 0, two critical 0, total 0, new lutff created 0
INFO: [Physopt 32-1138] End 1 Pass. Optimized 2 nets or LUTs. Breaked 0 LUT, combined 2 existing LUTs and moved 0 existing LUT
INFO: [Physopt 32-65] No nets found for high-fanout optimization.
INFO: [Physopt 32-232] Optimized 0 net. Created 0 new instance.
INFO: [Physopt 32-775] End 1 Pass. Optimized 0 net or cell. Created 0 new cell, deleted 0 existing cell and moved 0 existing cell
INFO: [Physopt 32-670] No setup violation found.  DSP Register Optimization was not performed.
INFO: [Physopt 32-670] No setup violation found.  Shift Register to Pipeline Optimization was not performed.
INFO: [Physopt 32-670] No setup violation found.  Shift Register Optimization was not performed.
INFO: [Physopt 32-670] No setup violation found.  BRAM Register Optimization was not performed.
INFO: [Physopt 32-670] No setup violation found.  URAM Register Optimization was not performed.
INFO: [Physopt 32-949] No candidate nets found for dynamic/static region interface net replication
INFO: [Physopt 32-775] End 1 Pass. Optimized 0 net or cell. Created 0 new cell, deleted 0 existing cell and moved 0 existing cell
Netlist sorting complete. Time (s): cpu = 00:00:00 ; elapsed = 00:00:00 . Memory (MB): peak = 2924.156 ; gain = 0.000 ; free physical = 6301 ; free virtual = 10996

Summary of Physical Synthesis Optimizations
============================================


-----------------------------------------------------------------------------------------------------------------------------------------------------------
|  Optimization                                     |  Added Cells  |  Removed Cells  |  Optimized Cells/Nets  |  Dont Touch  |  Iterations  |  Elapsed   |
-----------------------------------------------------------------------------------------------------------------------------------------------------------
|  LUT Combining                                    |            0  |              2  |                     2  |           0  |           1  |  00:00:00  |
|  Retime                                           |            0  |              0  |                     0  |           0  |           1  |  00:00:00  |
|  Very High Fanout                                 |            0  |              0  |                     0  |           0  |           1  |  00:00:00  |
|  DSP Register                                     |            0  |              0  |                     0  |           0  |           0  |  00:00:00  |
|  Shift Register to Pipeline                       |            0  |              0  |                     0  |           0  |           0  |  00:00:00  |
|  Shift Register                                   |            0  |              0  |                     0  |           0  |           0  |  00:00:00  |
|  BRAM Register                                    |            0  |              0  |                     0  |           0  |           0  |  00:00:00  |
|  URAM Register                                    |            0  |              0  |                     0  |           0  |           0  |  00:00:00  |
|  Dynamic/Static Region Interface Net Replication  |            0  |              0  |                     0  |           0  |           1  |  00:00:00  |
|  Total                                            |            0  |              2  |                     2  |           0  |           4  |  00:00:00  |
-----------------------------------------------------------------------------------------------------------------------------------------------------------


Phase 2.5.2 Physical Synthesis In Placer | Checksum: 9be16414

Time (s): cpu = 00:00:03 ; elapsed = 00:00:01 . Memory (MB): peak = 2924.156 ; gain = 47.047 ; free physical = 6300 ; free virtual = 10996
Phase 2.5 Global Place Phase2 | Checksum: 19012c25e

Time (s): cpu = 00:00:03 ; elapsed = 00:00:01 . Memory (MB): peak = 2924.156 ; gain = 47.047 ; free physical = 6300 ; free virtual = 10995
Phase 2 Global Placement | Checksum: 19012c25e

Time (s): cpu = 00:00:03 ; elapsed = 00:00:01 . Memory (MB): peak = 2924.156 ; gain = 47.047 ; free physical = 6300 ; free virtual = 10995

Phase 3 Detail Placement

Phase 3.1 Commit Multi Column Macros
Phase 3.1 Commit Multi Column Macros | Checksum: 13f3ede1b

Time (s): cpu = 00:00:03 ; elapsed = 00:00:01 . Memory (MB): peak = 2924.156 ; gain = 47.047 ; free physical = 6300 ; free virtual = 10995

Phase 3.2 Commit Most Macros & LUTRAMs
Phase 3.2 Commit Most Macros & LUTRAMs | Checksum: 13a44e23e

Time (s): cpu = 00:00:03 ; elapsed = 00:00:01 . Memory (MB): peak = 2924.156 ; gain = 47.047 ; free physical = 6300 ; free virtual = 10995

Phase 3.3 Area Swap Optimization
Phase 3.3 Area Swap Optimization | Checksum: d3c9af08

Time (s): cpu = 00:00:03 ; elapsed = 00:00:01 . Memory (MB): peak = 2924.156 ; gain = 47.047 ; free physical = 6300 ; free virtual = 10995

Phase 3.4 Pipeline Register Optimization
Phase 3.4 Pipeline Register Optimization | Checksum: 8528a28a

Time (s): cpu = 00:00:03 ; elapsed = 00:00:01 . Memory (MB): peak = 2924.156 ; gain = 47.047 ; free physical = 6300 ; free virtual = 10995

Phase 3.5 Small Shape Detail Placement
Phase 3.5 Small Shape Detail Placement | Checksum: 1687fa640

Time (s): cpu = 00:00:03 ; elapsed = 00:00:01 . Memory (MB): peak = 2924.156 ; gain = 47.047 ; free physical = 6297 ; free virtual = 10993

Phase 3.6 Re-assign LUT pins
Phase 3.6 Re-assign LUT pins | Checksum: 1742de9c9

Time (s): cpu = 00:00:03 ; elapsed = 00:00:01 . Memory (MB): peak = 2924.156 ; gain = 47.047 ; free physical = 6297 ; free virtual = 10993

Phase 3.7 Pipeline Register Optimization
Phase 3.7 Pipeline Register Optimization | Checksum: 139cccd43

Time (s): cpu = 00:00:03 ; elapsed = 00:00:01 . Memory (MB): peak = 2924.156 ; gain = 47.047 ; free physical = 6297 ; free virtual = 10993
Phase 3 Detail Placement | Checksum: 139cccd43

Time (s): cpu = 00:00:03 ; elapsed = 00:00:01 . Memory (MB): peak = 2924.156 ; gain = 47.047 ; free physical = 6297 ; free virtual = 10993

Phase 4 Post Placement Optimization and Clean-Up

Phase 4.1 Post Commit Optimization
INFO: [Timing 38-35] Done setting XDC timing constraints.

Phase 4.1.1 Post Placement Optimization
Post Placement Optimization Initialization | Checksum: 15f4f97ca

Phase 4.1.1.1 BUFG Insertion

Starting Physical Synthesis Task

Phase 1 Physical Synthesis Initialization
INFO: [Physopt 32-721] Multithreading enabled for phys_opt_design using a maximum of 8 CPUs
INFO: [Physopt 32-619] Estimated Timing Summary | WNS=14.327 | TNS=0.000 |
Phase 1 Physical Synthesis Initialization | Checksum: 1bab2d6c3

Time (s): cpu = 00:00:00.02 ; elapsed = 00:00:00.01 . Memory (MB): peak = 2924.156 ; gain = 0.000 ; free physical = 6297 ; free virtual = 10993
INFO: [Place 46-56] BUFG insertion identified 0 candidate nets. Inserted BUFG: 0, Replicated BUFG Driver: 0, Skipped due to Placement/Routing Conflicts: 0, Skipped due to Timing Degradation: 0, Skipped due to netlist editing failed: 0.
Ending Physical Synthesis Task | Checksum: 214e777fc

Time (s): cpu = 00:00:00.02 ; elapsed = 00:00:00.01 . Memory (MB): peak = 2924.156 ; gain = 0.000 ; free physical = 6297 ; free virtual = 10993
Phase 4.1.1.1 BUFG Insertion | Checksum: 15f4f97ca

Time (s): cpu = 00:00:04 ; elapsed = 00:00:02 . Memory (MB): peak = 2924.156 ; gain = 47.047 ; free physical = 6297 ; free virtual = 10993

Phase 4.1.1.2 Post Placement Timing Optimization
INFO: [Place 30-746] Post Placement Timing Summary WNS=14.327. For the most accurate timing information please run report_timing.
Phase 4.1.1.2 Post Placement Timing Optimization | Checksum: 1bf7098f9

Time (s): cpu = 00:00:04 ; elapsed = 00:00:02 . Memory (MB): peak = 2924.156 ; gain = 47.047 ; free physical = 6297 ; free virtual = 10993

Time (s): cpu = 00:00:04 ; elapsed = 00:00:02 . Memory (MB): peak = 2924.156 ; gain = 47.047 ; free physical = 6297 ; free virtual = 10993
Phase 4.1 Post Commit Optimization | Checksum: 1bf7098f9

Time (s): cpu = 00:00:04 ; elapsed = 00:00:02 . Memory (MB): peak = 2924.156 ; gain = 47.047 ; free physical = 6297 ; free virtual = 10993

Phase 4.2 Post Placement Cleanup
Phase 4.2 Post Placement Cleanup | Checksum: 1bf7098f9

Time (s): cpu = 00:00:04 ; elapsed = 00:00:02 . Memory (MB): peak = 2924.156 ; gain = 47.047 ; free physical = 6297 ; free virtual = 10993

Phase 4.3 Placer Reporting

Phase 4.3.1 Print Estimated Congestion
INFO: [Place 30-612] Post-Placement Estimated Congestion 
 ____________________________________________________
|           | Global Congestion | Short Congestion  |
| Direction | Region Size       | Region Size       |
|___________|___________________|___________________|
|      North|                1x1|                1x1|
|___________|___________________|___________________|
|      South|                1x1|                1x1|
|___________|___________________|___________________|
|       East|                1x1|                1x1|
|___________|___________________|___________________|
|       West|                1x1|                1x1|
|___________|___________________|___________________|

Phase 4.3.1 Print Estimated Congestion | Checksum: 1bf7098f9

Time (s): cpu = 00:00:04 ; elapsed = 00:00:02 . Memory (MB): peak = 2924.156 ; gain = 47.047 ; free physical = 6297 ; free virtual = 10993
Phase 4.3 Placer Reporting | Checksum: 1bf7098f9

Time (s): cpu = 00:00:04 ; elapsed = 00:00:02 . Memory (MB): peak = 2924.156 ; gain = 47.047 ; free physical = 6297 ; free virtual = 10993

Phase 4.4 Final Placement Cleanup
Netlist sorting complete. Time (s): cpu = 00:00:00 ; elapsed = 00:00:00 . Memory (MB): peak = 2924.156 ; gain = 0.000 ; free physical = 6297 ; free virtual = 10993

Time (s): cpu = 00:00:04 ; elapsed = 00:00:02 . Memory (MB): peak = 2924.156 ; gain = 47.047 ; free physical = 6297 ; free virtual = 10993
Phase 4 Post Placement Optimization and Clean-Up | Checksum: 17a6082b9

Time (s): cpu = 00:00:04 ; elapsed = 00:00:02 . Memory (MB): peak = 2924.156 ; gain = 47.047 ; free physical = 6297 ; free virtual = 10993
Ending Placer Task | Checksum: f6971dc1

Time (s): cpu = 00:00:04 ; elapsed = 00:00:02 . Memory (MB): peak = 2924.156 ; gain = 47.047 ; free physical = 6297 ; free virtual = 10993
72 Infos, 0 Warnings, 0 Critical Warnings and 0 Errors encountered.
place_design completed successfully
INFO: [Vivado 12-24838] Running report commands "report_control_sets, report_io, report_utilization" in parallel.
Running report generation with 3 threads.
INFO: [Vivado 12-24828] Executing command : report_control_sets -verbose -file design_1_wrapper_control_sets_placed.rpt
report_control_sets: Time (s): cpu = 00:00:00.09 ; elapsed = 00:00:00.08 . Memory (MB): peak = 2924.156 ; gain = 0.000 ; free physical = 6263 ; free virtual = 10958
INFO: [Vivado 12-24828] Executing command : report_utilization -file design_1_wrapper_utilization_placed.rpt -pb design_1_wrapper_utilization_placed.pb
INFO: [Vivado 12-24828] Executing command : report_io -file design_1_wrapper_io_placed.rpt
report_io: Time (s): cpu = 00:00:00.17 ; elapsed = 00:00:00.17 . Memory (MB): peak = 2924.156 ; gain = 0.000 ; free physical = 6243 ; free virtual = 10938
INFO: [Timing 38-480] Writing timing data to binary archive.
Write ShapeDB Complete: Time (s): cpu = 00:00:00.01 ; elapsed = 00:00:00.01 . Memory (MB): peak = 2924.156 ; gain = 0.000 ; free physical = 6242 ; free virtual = 10938
Wrote PlaceDB: Time (s): cpu = 00:00:00.08 ; elapsed = 00:00:00.02 . Memory (MB): peak = 2924.156 ; gain = 0.000 ; free physical = 6237 ; free virtual = 10933
Wrote PulsedLatchDB: Time (s): cpu = 00:00:00 ; elapsed = 00:00:00 . Memory (MB): peak = 2924.156 ; gain = 0.000 ; free physical = 6237 ; free virtual = 10933
Writing XDEF routing.
Writing XDEF routing logical nets.
Writing XDEF routing special nets.
Wrote RouteStorage: Time (s): cpu = 00:00:00.04 ; elapsed = 00:00:00.02 . Memory (MB): peak = 2924.156 ; gain = 0.000 ; free physical = 6237 ; free virtual = 10933
Wrote Netlist Cache: Time (s): cpu = 00:00:00 ; elapsed = 00:00:00 . Memory (MB): peak = 2924.156 ; gain = 0.000 ; free physical = 6237 ; free virtual = 10934
Wrote Device Cache: Time (s): cpu = 00:00:00.01 ; elapsed = 00:00:00 . Memory (MB): peak = 2924.156 ; gain = 0.000 ; free physical = 6229 ; free virtual = 10927
Write Physdb Complete: Time (s): cpu = 00:00:00.13 ; elapsed = 00:00:00.05 . Memory (MB): peak = 2924.156 ; gain = 0.000 ; free physical = 6229 ; free virtual = 10927
INFO: [Common 17-1381] The checkpoint '/home/ilya/drec-fpga-intro/problems/2026/09_ps7_axil_led/fpga/fpga.runs/impl_1/design_1_wrapper_placed.dcp' has been generated.
Command: phys_opt_design
Attempting to get a license for feature 'Implementation' and/or device 'xc7z020'
INFO: [Common 17-349] Got license for feature 'Implementation' and/or device 'xc7z020'

Starting Initial Update Timing Task

Time (s): cpu = 00:00:00.07 ; elapsed = 00:00:00.03 . Memory (MB): peak = 2924.156 ; gain = 0.000 ; free physical = 6228 ; free virtual = 10925
INFO: [Vivado_Tcl 4-2279] Estimated Timing Summary | WNS= 14.327 | TNS= 0.000 | 
INFO: [Vivado_Tcl 4-383] Design worst setup slack (WNS) is greater than or equal to 0.000 ns. All physical synthesis setup optimizations will be skipped.
INFO: [Vivado_Tcl 4-232] No setup violation found. The netlist was not modified.
INFO: [Common 17-83] Releasing license: Implementation
83 Infos, 0 Warnings, 0 Critical Warnings and 0 Errors encountered.
phys_opt_design completed successfully
INFO: [Timing 38-480] Writing timing data to binary archive.
Write ShapeDB Complete: Time (s): cpu = 00:00:00.01 ; elapsed = 00:00:00.01 . Memory (MB): peak = 2924.156 ; gain = 0.000 ; free physical = 6228 ; free virtual = 10925
Wrote PlaceDB: Time (s): cpu = 00:00:00.07 ; elapsed = 00:00:00.02 . Memory (MB): peak = 2924.156 ; gain = 0.000 ; free physical = 6227 ; free virtual = 10924
Wrote PulsedLatchDB: Time (s): cpu = 00:00:00 ; elapsed = 00:00:00 . Memory (MB): peak = 2924.156 ; gain = 0.000 ; free physical = 6227 ; free virtual = 10924
Writing XDEF routing.
Writing XDEF routing logical nets.
Writing XDEF routing special nets.
Wrote RouteStorage: Time (s): cpu = 00:00:00.04 ; elapsed = 00:00:00.02 . Memory (MB): peak = 2924.156 ; gain = 0.000 ; free physical = 6226 ; free virtual = 10923
Wrote Netlist Cache: Time (s): cpu = 00:00:00 ; elapsed = 00:00:00 . Memory (MB): peak = 2924.156 ; gain = 0.000 ; free physical = 6226 ; free virtual = 10923
Wrote Device Cache: Time (s): cpu = 00:00:00.01 ; elapsed = 00:00:00 . Memory (MB): peak = 2924.156 ; gain = 0.000 ; free physical = 6220 ; free virtual = 10918
Write Physdb Complete: Time (s): cpu = 00:00:00.13 ; elapsed = 00:00:00.04 . Memory (MB): peak = 2924.156 ; gain = 0.000 ; free physical = 6220 ; free virtual = 10918
INFO: [Common 17-1381] The checkpoint '/home/ilya/drec-fpga-intro/problems/2026/09_ps7_axil_led/fpga/fpga.runs/impl_1/design_1_wrapper_physopt.dcp' has been generated.
Command: route_design
Attempting to get a license for feature 'Implementation' and/or device 'xc7z020'
INFO: [Common 17-349] Got license for feature 'Implementation' and/or device 'xc7z020'


Starting Routing Task
INFO: [Route 35-254] Multithreading enabled for route_design using a maximum of 8 CPUs

Phase 1 Build RT Design
Checksum: PlaceDB: 67e39212 ConstDB: 0 ShapeSum: 78ba18bf RouteDB: 15f972f0
Post Restoration Checksum: NetGraph: 28c3bd02 | NumContArr: f1353fca | Constraints: c2a8fa9d | Timing: c2a8fa9d
Phase 1 Build RT Design | Checksum: 29f4af206

Time (s): cpu = 00:00:15 ; elapsed = 00:00:13 . Memory (MB): peak = 2977.809 ; gain = 53.652 ; free physical = 6105 ; free virtual = 10803

Phase 2 Router Initialization

Phase 2.1 Fix Topology Constraints
Phase 2.1 Fix Topology Constraints | Checksum: 29f4af206

Time (s): cpu = 00:00:15 ; elapsed = 00:00:13 . Memory (MB): peak = 2977.809 ; gain = 53.652 ; free physical = 6105 ; free virtual = 10803

Phase 2.2 Pre Route Cleanup
Phase 2.2 Pre Route Cleanup | Checksum: 29f4af206

Time (s): cpu = 00:00:15 ; elapsed = 00:00:13 . Memory (MB): peak = 2977.809 ; gain = 53.652 ; free physical = 6105 ; free virtual = 10803
 Number of Nodes with overlaps = 0

Phase 2.3 Update Timing
Phase 2.3 Update Timing | Checksum: 23fc486c6

Time (s): cpu = 00:00:16 ; elapsed = 00:00:13 . Memory (MB): peak = 3021.887 ; gain = 97.730 ; free physical = 6078 ; free virtual = 10775
INFO: [Route 35-416] Intermediate Timing Summary | WNS=14.390 | TNS=0.000  | WHS=-0.258 | THS=-17.262|


Phase 2.4 Soft Constraint Pins - Fast Budgeting
Phase 2.4 Soft Constraint Pins - Fast Budgeting | Checksum: 327f28043

Time (s): cpu = 00:00:16 ; elapsed = 00:00:13 . Memory (MB): peak = 3037.887 ; gain = 113.730 ; free physical = 6070 ; free virtual = 10767

Router Utilization Summary
  Global Vertical Routing Utilization    = 0 %
  Global Horizontal Routing Utilization  = 0 %
  Routable Net Status*
  *Does not include unroutable nets such as driverless and loadless.
  Run report_route_status for detailed report.
  Number of Failed Nets               = 569
    (Failed Nets is the sum of unrouted and partially routed nets)
  Number of Unrouted Nets             = 569
  Number of Partially Routed Nets     = 0
  Number of Node Overlaps             = 0

Phase 2 Router Initialization | Checksum: 306331667

Time (s): cpu = 00:00:16 ; elapsed = 00:00:13 . Memory (MB): peak = 3037.887 ; gain = 113.730 ; free physical = 6070 ; free virtual = 10767

Phase 3 Global Routing
Phase 3 Global Routing | Checksum: 306331667

Time (s): cpu = 00:00:16 ; elapsed = 00:00:13 . Memory (MB): peak = 3037.887 ; gain = 113.730 ; free physical = 6070 ; free virtual = 10767

Phase 4 Initial Routing

Phase 4.1 Initial Net Routing Pass
Phase 4.1 Initial Net Routing Pass | Checksum: 2a0703193

Time (s): cpu = 00:00:16 ; elapsed = 00:00:13 . Memory (MB): peak = 3037.887 ; gain = 113.730 ; free physical = 6070 ; free virtual = 10767
Phase 4 Initial Routing | Checksum: 2a0703193

Time (s): cpu = 00:00:16 ; elapsed = 00:00:13 . Memory (MB): peak = 3037.887 ; gain = 113.730 ; free physical = 6070 ; free virtual = 10767

Phase 5 Rip-up And Reroute

Phase 5.1 Global Iteration 0
 Number of Nodes with overlaps = 19
 Number of Nodes with overlaps = 0
INFO: [Route 35-416] Intermediate Timing Summary | WNS=14.521 | TNS=0.000  | WHS=N/A    | THS=N/A    |

Phase 5.1 Global Iteration 0 | Checksum: 30ba7e20c

Time (s): cpu = 00:00:16 ; elapsed = 00:00:13 . Memory (MB): peak = 3037.887 ; gain = 113.730 ; free physical = 6070 ; free virtual = 10767
Phase 5 Rip-up And Reroute | Checksum: 30ba7e20c

Time (s): cpu = 00:00:16 ; elapsed = 00:00:13 . Memory (MB): peak = 3037.887 ; gain = 113.730 ; free physical = 6070 ; free virtual = 10767

Phase 6 Delay and Skew Optimization

Phase 6.1 Delay CleanUp
Phase 6.1 Delay CleanUp | Checksum: 30ba7e20c

Time (s): cpu = 00:00:16 ; elapsed = 00:00:13 . Memory (MB): peak = 3037.887 ; gain = 113.730 ; free physical = 6070 ; free virtual = 10767

Phase 6.2 Clock Skew Optimization
Phase 6.2 Clock Skew Optimization | Checksum: 30ba7e20c

Time (s): cpu = 00:00:16 ; elapsed = 00:00:13 . Memory (MB): peak = 3037.887 ; gain = 113.730 ; free physical = 6070 ; free virtual = 10767
Phase 6 Delay and Skew Optimization | Checksum: 30ba7e20c

Time (s): cpu = 00:00:16 ; elapsed = 00:00:13 . Memory (MB): peak = 3037.887 ; gain = 113.730 ; free physical = 6070 ; free virtual = 10767

Phase 7 Post Hold Fix

Phase 7.1 Hold Fix Iter
INFO: [Route 35-416] Intermediate Timing Summary | WNS=14.617 | TNS=0.000  | WHS=0.076  | THS=0.000  |

Phase 7.1 Hold Fix Iter | Checksum: 31e27d4b7

Time (s): cpu = 00:00:16 ; elapsed = 00:00:13 . Memory (MB): peak = 3037.887 ; gain = 113.730 ; free physical = 6070 ; free virtual = 10767
Phase 7 Post Hold Fix | Checksum: 31e27d4b7

Time (s): cpu = 00:00:16 ; elapsed = 00:00:13 . Memory (MB): peak = 3037.887 ; gain = 113.730 ; free physical = 6070 ; free virtual = 10767

Phase 8 Route finalize

Router Utilization Summary
  Global Vertical Routing Utilization    = 0.0368127 %
  Global Horizontal Routing Utilization  = 0.0663455 %
  Routable Net Status*
  *Does not include unroutable nets such as driverless and loadless.
  Run report_route_status for detailed report.
  Number of Failed Nets               = 0
    (Failed Nets is the sum of unrouted and partially routed nets)
  Number of Unrouted Nets             = 0
  Number of Partially Routed Nets     = 0
  Number of Node Overlaps             = 0

Phase 8 Route finalize | Checksum: 31e27d4b7

Time (s): cpu = 00:00:16 ; elapsed = 00:00:13 . Memory (MB): peak = 3037.887 ; gain = 113.730 ; free physical = 6070 ; free virtual = 10767

Phase 9 Verifying routed nets

 Verification completed successfully
Phase 9 Verifying routed nets | Checksum: 31e27d4b7

Time (s): cpu = 00:00:16 ; elapsed = 00:00:13 . Memory (MB): peak = 3037.887 ; gain = 113.730 ; free physical = 6069 ; free virtual = 10767

Phase 10 Depositing Routes
Phase 10 Depositing Routes | Checksum: 30cefc843

Time (s): cpu = 00:00:16 ; elapsed = 00:00:14 . Memory (MB): peak = 3037.887 ; gain = 113.730 ; free physical = 6069 ; free virtual = 10767

Phase 11 Post Process Routing
Phase 11 Post Process Routing | Checksum: 30cefc843

Time (s): cpu = 00:00:16 ; elapsed = 00:00:14 . Memory (MB): peak = 3037.887 ; gain = 113.730 ; free physical = 6069 ; free virtual = 10767

Phase 12 Post Router Timing
INFO: [Route 35-57] Estimated Timing Summary | WNS=14.617 | TNS=0.000  | WHS=0.076  | THS=0.000  |

INFO: [Route 35-327] The final timing numbers are based on the router estimated timing analysis. For a complete and accurate timing signoff, please run report_timing_summary.
Phase 12 Post Router Timing | Checksum: 30cefc843

Time (s): cpu = 00:00:16 ; elapsed = 00:00:14 . Memory (MB): peak = 3037.887 ; gain = 113.730 ; free physical = 6069 ; free virtual = 10767
Total Elapsed time in route_design: 13.5 secs

Phase 13 Post-Route Event Processing
Phase 13 Post-Route Event Processing | Checksum: 2220be2a9

Time (s): cpu = 00:00:16 ; elapsed = 00:00:14 . Memory (MB): peak = 3037.887 ; gain = 113.730 ; free physical = 6069 ; free virtual = 10767
INFO: [Route 35-16] Router Completed Successfully
Ending Routing Task | Checksum: 2220be2a9

Time (s): cpu = 00:00:16 ; elapsed = 00:00:14 . Memory (MB): peak = 3037.887 ; gain = 113.730 ; free physical = 6069 ; free virtual = 10766

Routing Is Done.
INFO: [Common 17-83] Releasing license: Implementation
94 Infos, 0 Warnings, 0 Critical Warnings and 0 Errors encountered.
route_design completed successfully
route_design: Time (s): cpu = 00:00:17 ; elapsed = 00:00:14 . Memory (MB): peak = 3037.887 ; gain = 113.730 ; free physical = 6069 ; free virtual = 10766
INFO: [Vivado 12-24828] Executing command : report_drc -file design_1_wrapper_drc_routed.rpt -pb design_1_wrapper_drc_routed.pb -rpx design_1_wrapper_drc_routed.rpx
Command: report_drc -file design_1_wrapper_drc_routed.rpt -pb design_1_wrapper_drc_routed.pb -rpx design_1_wrapper_drc_routed.rpx
INFO: [IP_Flow 19-1839] IP Catalog is up to date.
INFO: [DRC 23-27] Running DRC with 8 threads
INFO: [Vivado_Tcl 2-168] The results of DRC are in file /home/ilya/drec-fpga-intro/problems/2026/09_ps7_axil_led/fpga/fpga.runs/impl_1/design_1_wrapper_drc_routed.rpt.
report_drc completed successfully
INFO: [Vivado 12-24828] Executing command : report_methodology -file design_1_wrapper_methodology_drc_routed.rpt -pb design_1_wrapper_methodology_drc_routed.pb -rpx design_1_wrapper_methodology_drc_routed.rpx
Command: report_methodology -file design_1_wrapper_methodology_drc_routed.rpt -pb design_1_wrapper_methodology_drc_routed.pb -rpx design_1_wrapper_methodology_drc_routed.rpx
INFO: [Timing 38-35] Done setting XDC timing constraints.
INFO: [DRC 23-133] Running Methodology with 8 threads
INFO: [Vivado_Tcl 2-1520] The results of Report Methodology are in file /home/ilya/drec-fpga-intro/problems/2026/09_ps7_axil_led/fpga/fpga.runs/impl_1/design_1_wrapper_methodology_drc_routed.rpt.
report_methodology completed successfully
INFO: [Vivado 12-24828] Executing command : report_timing_summary -max_paths 10 -routable_nets -report_unconstrained -file design_1_wrapper_timing_summary_routed.rpt -pb design_1_wrapper_timing_summary_routed.pb -rpx design_1_wrapper_timing_summary_routed.rpx -warn_on_violation 
INFO: [Timing 38-35] Done setting XDC timing constraints.
INFO: [Timing 38-91] UpdateTimingParams: Speed grade: -2, Delay Type: min_max.
INFO: [Timing 38-191] Multithreading enabled for timing update using a maximum of 8 CPUs
INFO: [Vivado 12-24838] Running report commands "report_bus_skew, report_incremental_reuse, report_route_status" in parallel.
Running report generation with 3 threads.
INFO: [Vivado 12-24828] Executing command : report_incremental_reuse -file design_1_wrapper_incremental_reuse_routed.rpt
INFO: [Vivado_Tcl 4-1062] Incremental flow is disabled. No incremental reuse Info to report.
INFO: [Vivado 12-24828] Executing command : report_route_status -file design_1_wrapper_route_status.rpt -pb design_1_wrapper_route_status.pb
INFO: [Vivado 12-24828] Executing command : report_bus_skew -warn_on_violation -file design_1_wrapper_bus_skew_routed.rpt -pb design_1_wrapper_bus_skew_routed.pb -rpx design_1_wrapper_bus_skew_routed.rpx
INFO: [Timing 38-91] UpdateTimingParams: Speed grade: -2, Delay Type: min_max.
INFO: [Timing 38-191] Multithreading enabled for timing update using a maximum of 8 CPUs
INFO: [Vivado 12-24828] Executing command : report_power -file design_1_wrapper_power_routed.rpt -pb design_1_wrapper_power_summary_routed.pb -rpx design_1_wrapper_power_routed.rpx
Command: report_power -file design_1_wrapper_power_routed.rpt -pb design_1_wrapper_power_summary_routed.pb -rpx design_1_wrapper_power_routed.rpx
Running Vector-less Activity Propagation...

Finished Running Vector-less Activity Propagation
114 Infos, 0 Warnings, 0 Critical Warnings and 0 Errors encountered.
report_power completed successfully
INFO: [Vivado 12-24828] Executing command : report_clock_utilization -file design_1_wrapper_clock_utilization_routed.rpt
INFO: [Timing 38-480] Writing timing data to binary archive.
Write ShapeDB Complete: Time (s): cpu = 00:00:00.01 ; elapsed = 00:00:00.01 . Memory (MB): peak = 3165.191 ; gain = 0.000 ; free physical = 5923 ; free virtual = 10622
Wrote PlaceDB: Time (s): cpu = 00:00:00.07 ; elapsed = 00:00:00.02 . Memory (MB): peak = 3165.191 ; gain = 0.000 ; free physical = 5922 ; free virtual = 10621
Wrote PulsedLatchDB: Time (s): cpu = 00:00:00 ; elapsed = 00:00:00 . Memory (MB): peak = 3165.191 ; gain = 0.000 ; free physical = 5922 ; free virtual = 10621
Writing XDEF routing.
Writing XDEF routing logical nets.
Writing XDEF routing special nets.
Wrote RouteStorage: Time (s): cpu = 00:00:00.06 ; elapsed = 00:00:00.02 . Memory (MB): peak = 3165.191 ; gain = 0.000 ; free physical = 5921 ; free virtual = 10621
Wrote Netlist Cache: Time (s): cpu = 00:00:00 ; elapsed = 00:00:00.01 . Memory (MB): peak = 3165.191 ; gain = 0.000 ; free physical = 5921 ; free virtual = 10621
Wrote Device Cache: Time (s): cpu = 00:00:00.01 ; elapsed = 00:00:00 . Memory (MB): peak = 3165.191 ; gain = 0.000 ; free physical = 5921 ; free virtual = 10622
Write Physdb Complete: Time (s): cpu = 00:00:00.14 ; elapsed = 00:00:00.05 . Memory (MB): peak = 3165.191 ; gain = 0.000 ; free physical = 5921 ; free virtual = 10622
INFO: [Common 17-1381] The checkpoint '/home/ilya/drec-fpga-intro/problems/2026/09_ps7_axil_led/fpga/fpga.runs/impl_1/design_1_wrapper_routed.dcp' has been generated.
Command: write_bitstream -force design_1_wrapper.bit
Attempting to get a license for feature 'Implementation' and/or device 'xc7z020'
INFO: [Common 17-349] Got license for feature 'Implementation' and/or device 'xc7z020'
Running DRC as a precondition to command write_bitstream
INFO: [IP_Flow 19-1839] IP Catalog is up to date.
INFO: [DRC 23-27] Running DRC with 8 threads
INFO: [Vivado 12-3199] DRC finished with 0 Errors
INFO: [Vivado 12-3200] Please refer to the DRC report (report_drc) for more information.
INFO: [Designutils 20-2272] Running write_bitstream with 8 threads.
Loading data files...
Loading site data...
Loading route data...
Processing options...
Creating bitmap...
Creating bitstream...
Writing bitstream ./design_1_wrapper.bit...
INFO: [Vivado 12-1842] Bitgen Completed Successfully.
INFO: [Project 1-1876] WebTalk data collection is mandatory when using a ULT device. To see the specific WebTalk data collected for your design, open the usage_statistics_webtalk.html or usage_statistics_webtalk.xml file in the implementation directory.
INFO: [Common 17-83] Releasing license: Implementation
126 Infos, 0 Warnings, 0 Critical Warnings and 0 Errors encountered.
write_bitstream completed successfully
write_bitstream: Time (s): cpu = 00:00:10 ; elapsed = 00:00:11 . Memory (MB): peak = 3437.738 ; gain = 228.508 ; free physical = 5598 ; free virtual = 10302
INFO: [Common 17-206] Exiting Vivado at Fri May 15 15:34:41 2026...
